2026-08-17 09:06:11 INFO src.train: ASAE full
2026-08-17 09:06:11 INFO src.train: seed=2  batch=256  smote=1:3  device=cuda:0 (RTX 3090)
2026-08-17 09:06:11 INFO src.train: Trainable 48,311 | frozen_backbone_est 0 | total_est 48,311
2026-08-17 09:06:11 WARNING src.train: SMOTE fitted on train partition only
2026-08-17 09:06:33 train.py: epoch 001/200  train_loss=1.7111  val_loss=1.5817  val_auc=0.5625  lr=0.001000  grad=2.345  mem=1691MiB
2026-08-17 09:06:48 INFO src.train: epoch 002/200  train_loss=1.7027  val_loss=1.5818  val_auc=0.5709  lr=0.001000  grad=2.264  mem=1645MiB
2026-08-17 09:07:04 INFO src.train: epoch 003/200  train_loss=1.6928  val_loss=1.5671  val_auc=0.5791  lr=0.001000  grad=2.354  mem=1689MiB
2026-08-17 09:07:21 INFO src.train: epoch 004/200  train_loss=1.6649  val_loss=1.5366  val_auc=0.5896  lr=0.000999  grad=2.274  mem=1635MiB
2026-08-17 09:07:34 INFO src.train: epoch 005/200  train_loss=1.6469  val_loss=1.5098  val_auc=0.5942  lr=0.000999  grad=2.272  mem=1658MiB
2026-08-17 09:07:48 train.py: epoch 006/200  train_loss=1.6339  val_loss=1.4643  val_auc=0.5981  lr=0.000998  grad=2.175  mem=1711MiB
2026-08-17 09:08:03 INFO src.train: epoch 007/200  train_loss=1.5856  val_loss=1.4460  val_auc=0.6059  lr=0.000998  grad=2.256  mem=1725MiB
2026-08-17 09:08:03 WARNING src.train: BatchNorm: more than 20% of batch in one class
2026-08-17 09:08:19 INFO src.train: epoch 008/200  train_loss=1.5430  val_loss=1.4087  val_auc=0.6074  lr=0.000997  grad=2.183  mem=1666MiB
2026-08-17 09:08:36 INFO src.train: epoch 009/200  train_loss=1.5171  val_loss=1.4098  val_auc=0.6141  lr=0.000996  grad=2.114  mem=1722MiB
2026-08-17 09:08:49 INFO src.train: epoch 010/200  train_loss=1.4974  val_loss=1.4159  val_auc=0.6220  lr=0.000995  grad=2.112  mem=1716MiB
2026-08-17 09:09:03 train.py: epoch 011/200  train_loss=1.4847  val_loss=1.3842  val_auc=0.6263  lr=0.000994  grad=2.063  mem=1661MiB
2026-08-17 09:09:18 INFO src.train: epoch 012/200  train_loss=1.4778  val_loss=1.3331  val_auc=0.6349  lr=0.000993  grad=2.018  mem=1716MiB
2026-08-17 09:09:34 INFO src.train: epoch 013/200  train_loss=1.4553  val_loss=1.3622  val_auc=0.6374  lr=0.000991  grad=2.054  mem=1724MiB
2026-08-17 09:09:51 INFO src.train: epoch 014/200  train_loss=1.4134  val_loss=1.3412  val_auc=0.6398  lr=0.000990  grad=1.905  mem=1634MiB
2026-08-17 09:10:04 INFO src.train: epoch 015/200  train_loss=1.3964  val_loss=1.3455  val_auc=0.6565  lr=0.000988  grad=2.023  mem=1649MiB
2026-08-17 09:10:18 train.py: epoch 016/200  train_loss=1.3671  val_loss=1.3331  val_auc=0.6577  lr=0.000986  grad=1.952  mem=1698MiB
2026-08-17 09:10:33 INFO src.train: epoch 017/200  train_loss=1.3487  val_loss=1.3532  val_auc=0.6588  lr=0.000984  grad=1.901  mem=1747MiB
2026-08-17 09:10:49 INFO src.train: epoch 018/200  train_loss=1.3429  val_loss=1.3275  val_auc=0.6667  lr=0.000982  grad=1.904  mem=1657MiB
2026-08-17 09:11:06 INFO src.train: epoch 019/200  train_loss=1.3019  val_loss=1.2955  val_auc=0.6683  lr=0.000980  grad=1.905  mem=1656MiB
2026-08-17 09:11:19 INFO src.train: epoch 020/200  train_loss=1.2991  val_loss=1.2926  val_auc=0.6782  lr=0.000978  grad=1.771  mem=1737MiB
2026-08-17 09:11:33 train.py: epoch 021/200  train_loss=1.2716  val_loss=1.3070  val_auc=0.6721  lr=0.000976  grad=1.897  mem=1668MiB
2026-08-17 09:11:48 INFO src.train: epoch 022/200  train_loss=1.2517  val_loss=1.3072  val_auc=0.6727  lr=0.000973  grad=1.756  mem=1746MiB
epoch 23:  11%|##------------------| 23/200 [00:12<00:40,  2.5it/s]
2026-08-17 09:12:04 train.py: epoch 023/200  train_loss=1.2160  val_loss=1.2965  val_auc=0.6832  lr=0.000970  grad=1.881  mem=1691MiB
2026-08-17 09:12:21 INFO src.train: epoch 024/200  train_loss=1.1977  val_loss=1.2882  val_auc=0.6849  lr=0.000968  grad=1.796  mem=1709MiB
2026-08-17 09:12:34 INFO src.train: epoch 025/200  train_loss=1.1614  val_loss=1.2665  val_auc=0.6946  lr=0.000965  grad=1.698  mem=1660MiB
2026-08-17 09:12:48 train.py: epoch 026/200  train_loss=1.1775  val_loss=1.2457  val_auc=0.6938  lr=0.000962  grad=1.593  mem=1725MiB
2026-08-17 09:13:03 INFO src.train: epoch 027/200  train_loss=1.1873  val_loss=1.2831  val_auc=0.6965  lr=0.000959  grad=1.740  mem=1653MiB
2026-08-17 09:13:19 INFO src.train: epoch 028/200  train_loss=1.1618  val_loss=1.2681  val_auc=0.6995  lr=0.000956  grad=1.670  mem=1728MiB
2026-08-17 09:13:36 INFO src.train: epoch 029/200  train_loss=1.1479  val_loss=1.2611  val_auc=0.7090  lr=0.000952  grad=1.613  mem=1694MiB
2026-08-17 09:13:49 INFO src.train: epoch 030/200  train_loss=1.1194  val_loss=1.2290  val_auc=0.7172  lr=0.000949  grad=1.688  mem=1635MiB
2026-08-17 09:14:03 train.py: epoch 031/200  train_loss=1.0992  val_loss=1.2201  val_auc=0.7163  lr=0.000946  grad=1.621  mem=1729MiB
2026-08-17 09:14:18 INFO src.train: epoch 032/200  train_loss=1.0844  val_loss=1.2115  val_auc=0.7181  lr=0.000942  grad=1.635  mem=1694MiB
2026-08-17 09:14:34 INFO src.train: epoch 033/200  train_loss=1.0662  val_loss=1.1798  val_auc=0.7217  lr=0.000938  grad=1.635  mem=1732MiB
2026-08-17 09:14:51 INFO src.train: epoch 034/200  train_loss=1.0628  val_loss=1.1608  val_auc=0.7266  lr=0.000934  grad=1.648  mem=1687MiB
2026-08-17 09:15:04 INFO src.train: epoch 035/200  train_loss=1.0581  val_loss=1.1778  val_auc=0.7326  lr=0.000930  grad=1.544  mem=1745MiB
2026-08-17 09:15:18 train.py: epoch 036/200  train_loss=1.0299  val_loss=1.1639  val_auc=0.7280  lr=0.000926  grad=1.555  mem=1745MiB
2026-08-17 09:15:33 INFO src.train: epoch 037/200  train_loss=1.0156  val_loss=1.1564  val_auc=0.7425  lr=0.000922  grad=1.464  mem=1731MiB
2026-08-17 09:15:49 INFO src.train: epoch 038/200  train_loss=0.9918  val_loss=1.1556  val_auc=0.7434  lr=0.000918  grad=1.511  mem=1644MiB
2026-08-17 09:16:06 INFO src.train: epoch 039/200  train_loss=0.9803  val_loss=1.1578  val_auc=0.7380  lr=0.000914  grad=1.593  mem=1651MiB
2026-08-17 09:16:19 INFO src.train: epoch 040/200  train_loss=0.9835  val_loss=1.1574  val_auc=0.7485  lr=0.000909  grad=1.642  mem=1696MiB
2026-08-17 09:16:33 train.py: epoch 041/200  train_loss=0.9713  val_loss=1.1647  val_auc=0.7417  lr=0.000905  grad=1.309  mem=1667MiB
2026-08-17 09:16:48 INFO src.train: epoch 042/200  train_loss=0.9221  val_loss=1.1504  val_auc=0.7491  lr=0.000900  grad=1.476  mem=1683MiB
2026-08-17 09:17:04 INFO src.train: epoch 043/200  train_loss=0.8958  val_loss=1.1324  val_auc=0.7545  lr=0.000895  grad=1.371  mem=1664MiB
2026-08-17 09:17:21 INFO src.train: epoch 044/200  train_loss=0.8648  val_loss=1.0924  val_auc=0.7471  lr=0.000890  grad=1.445  mem=1708MiB
2026-08-17 09:17:34 INFO src.train: epoch 045/200  train_loss=0.8526  val_loss=1.1012  val_auc=0.7595  lr=0.000885  grad=1.320  mem=1727MiB
epoch 46:  23%|####----------------| 46/200 [00:14<00:40,  2.1it/s]
2026-08-17 09:17:48 train.py: epoch 046/200  train_loss=0.8230  val_loss=1.0936  val_auc=0.7576  lr=0.000880  grad=1.340  mem=1718MiB
2026-08-17 09:18:03 INFO src.train: epoch 047/200  train_loss=0.7941  val_loss=1.0685  val_auc=0.7660  lr=0.000875  grad=1.360  mem=1683MiB
2026-08-17 09:18:03 WARNING src.train: BatchNorm: more than 20% of batch in one class
2026-08-17 09:18:19 INFO src.train: epoch 048/200  train_loss=0.7785  val_loss=1.0739  val_auc=0.7684  lr=0.000870  grad=1.345  mem=1647MiB
2026-08-17 09:18:36 INFO src.train: epoch 049/200  train_loss=0.7808  val_loss=1.0462  val_auc=0.7706  lr=0.000864  grad=1.326  mem=1648MiB
2026-08-17 09:18:49 INFO src.train: epoch 050/200  train_loss=0.7628  val_loss=1.0663  val_auc=0.7761  lr=0.000859  grad=1.312  mem=1679MiB
2026-08-17 09:19:03 train.py: epoch 051/200  train_loss=0.7458  val_loss=1.0717  val_auc=0.7695  lr=0.000854  grad=1.476  mem=1745MiB
2026-08-17 09:19:18 INFO src.train: epoch 052/200  train_loss=0.7322  val_loss=1.0461  val_auc=0.7781  lr=0.000848  grad=1.306  mem=1691MiB
2026-08-17 09:19:34 INFO src.train: epoch 053/200  train_loss=0.7162  val_loss=1.0502  val_auc=0.7713  lr=0.000842  grad=1.078  mem=1714MiB
2026-08-17 09:19:51 INFO src.train: epoch 054/200  train_loss=0.6623  val_loss=1.0294  val_auc=0.7906  lr=0.000837  grad=1.177  mem=1732MiB
2026-08-17 09:20:04 INFO src.train: epoch 055/200  train_loss=0.6517  val_loss=1.0320  val_auc=0.7844  lr=0.000831  grad=1.152  mem=1680MiB
2026-08-17 09:20:18 train.py: epoch 056/200  train_loss=0.6412  val_loss=1.0453  val_auc=0.7834  lr=0.000825  grad=1.202  mem=1730MiB
2026-08-17 09:20:33 INFO src.train: epoch 057/200  train_loss=0.6241  val_loss=1.0427  val_auc=0.7810  lr=0.000819  grad=1.134  mem=1749MiB
2026-08-17 09:20:49 INFO src.train: epoch 058/200  train_loss=0.6195  val_loss=1.0298  val_auc=0.7883  lr=0.000813  grad=1.179  mem=1700MiB
2026-08-17 09:21:06 INFO src.train: epoch 059/200  train_loss=0.6193  val_loss=1.0255  val_auc=0.7994  lr=0.000806  grad=1.123  mem=1666MiB
2026-08-17 09:21:19 INFO src.train: epoch 060/200  train_loss=0.6143  val_loss=1.0174  val_auc=0.7902  lr=0.000800  grad=1.193  mem=1700MiB
2026-08-17 09:21:33 train.py: epoch 061/200  train_loss=0.5841  val_loss=1.0078  val_auc=0.7962  lr=0.000794  grad=1.135  mem=1715MiB
2026-08-17 09:21:48 INFO src.train: epoch 062/200  train_loss=0.5430  val_loss=0.9800  val_auc=0.7959  lr=0.000788  grad=1.163  mem=1747MiB
2026-08-17 09:22:04 INFO src.train: epoch 063/200  train_loss=0.5579  val_loss=0.9517  val_auc=0.7999  lr=0.000781  grad=0.960  mem=1665MiB
2026-08-17 09:22:21 INFO src.train: epoch 064/200  train_loss=0.5246  val_loss=0.9536  val_auc=0.7984  lr=0.000775  grad=1.028  mem=1634MiB
2026-08-17 09:22:34 INFO src.train: epoch 065/200  train_loss=0.4916  val_loss=0.9560  val_auc=0.7983  lr=0.000768  grad=0.951  mem=1708MiB
2026-08-17 09:22:48 train.py: epoch 066/200  train_loss=0.4743  val_loss=0.9741  val_auc=0.8024  lr=0.000761  grad=1.073  mem=1722MiB
2026-08-17 09:23:03 INFO src.train: epoch 067/200  train_loss=0.4874  val_loss=0.9499  val_auc=0.7962  lr=0.000755  grad=1.243  mem=1738MiB
2026-08-17 09:23:19 INFO src.train: epoch 068/200  train_loss=0.4657  val_loss=0.9536  val_auc=0.8096  lr=0.000748  grad=1.082  mem=1665MiB
epoch 69:  34%|######--------------| 69/200 [00:16<00:40,  2.6it/s]
2026-08-17 09:23:36 train.py: epoch 069/200  train_loss=0.4663  val_loss=0.9181  val_auc=0.8098  lr=0.000741  grad=1.161  mem=1671MiB
2026-08-17 09:23:49 INFO src.train: epoch 070/200  train_loss=0.4458  val_loss=0.9154  val_auc=0.8156  lr=0.000734  grad=0.865  mem=1646MiB
2026-08-17 09:24:03 train.py: epoch 071/200  train_loss=0.4163  val_loss=0.8823  val_auc=0.8142  lr=0.000727  grad=0.783  mem=1655MiB
2026-08-17 09:24:18 INFO src.train: epoch 072/200  train_loss=0.4145  val_loss=0.9174  val_auc=0.8155  lr=0.000720  grad=0.962  mem=1700MiB
2026-08-17 09:24:34 INFO src.train: epoch 073/200  train_loss=0.4026  val_loss=0.9035  val_auc=0.8184  lr=0.000713  grad=0.927  mem=1668MiB
2026-08-17 09:24:51 INFO src.train: epoch 074/200  train_loss=0.3861  val_loss=0.8844  val_auc=0.8074  lr=0.000706  grad=0.878  mem=1744MiB
2026-08-17 09:25:04 INFO src.train: epoch 075/200  train_loss=0.3786  val_loss=0.8965  val_auc=0.8142  lr=0.000699  grad=0.985  mem=1688MiB
2026-08-17 09:25:18 train.py: epoch 076/200  train_loss=0.3736  val_loss=0.8869  val_auc=0.8147  lr=0.000691  grad=0.983  mem=1677MiB
2026-08-17 09:25:33 INFO src.train: epoch 077/200  train_loss=0.3356  val_loss=0.8553  val_auc=0.8172  lr=0.000684  grad=0.939  mem=1659MiB
2026-08-17 09:25:49 INFO src.train: epoch 078/200  train_loss=0.3376  val_loss=0.8459  val_auc=0.8234  lr=0.000677  grad=0.967  mem=1741MiB
2026-08-17 09:26:06 INFO src.train: epoch 079/200  train_loss=0.3486  val_loss=0.8222  val_auc=0.8161  lr=0.000669  grad=0.968  mem=1693MiB
2026-08-17 09:26:19 INFO src.train: epoch 080/200  train_loss=0.3387  val_loss=0.7985  val_auc=0.8331  lr=0.000662  grad=0.974  mem=1704MiB
2026-08-17 09:26:33 train.py: epoch 081/200  train_loss=0.3513  val_loss=0.8028  val_auc=0.8291  lr=0.000655  grad=0.899  mem=1718MiB
2026-08-17 09:26:48 INFO src.train: epoch 082/200  train_loss=0.3707  val_loss=0.8189  val_auc=0.8284  lr=0.000647  grad=0.862  mem=1671MiB
2026-08-17 09:27:04 INFO src.train: epoch 083/200  train_loss=0.3469  val_loss=0.8106  val_auc=0.8282  lr=0.000639  grad=0.922  mem=1676MiB
2026-08-17 09:27:21 INFO src.train: epoch 084/200  train_loss=0.3398  val_loss=0.7901  val_auc=0.8247  lr=0.000632  grad=0.871  mem=1645MiB
2026-08-17 09:27:34 INFO src.train: epoch 085/200  train_loss=0.3486  val_loss=0.7828  val_auc=0.8275  lr=0.000624  grad=0.857  mem=1720MiB
2026-08-17 09:27:48 train.py: epoch 086/200  train_loss=0.3399  val_loss=0.7782  val_auc=0.8312  lr=0.000617  grad=0.839  mem=1711MiB
2026-08-17 09:28:03 INFO src.train: epoch 087/200  train_loss=0.3380  val_loss=0.7742  val_auc=0.8286  lr=0.000609  grad=0.924  mem=1740MiB
2026-08-17 09:28:03 WARNING src.train: BatchNorm: more than 20% of batch in one class
2026-08-17 09:28:19 INFO src.train: epoch 088/200  train_loss=0.3338  val_loss=0.7658  val_auc=0.8338  lr=0.000601  grad=0.585  mem=1733MiB
2026-08-17 09:28:36 INFO src.train: epoch 089/200  train_loss=0.3190  val_loss=0.7414  val_auc=0.8340  lr=0.000594  grad=0.936  mem=1684MiB
2026-08-17 09:28:49 INFO src.train: epoch 090/200  train_loss=0.3168  val_loss=0.7383  val_auc=0.8491  lr=0.000586  grad=0.723  mem=1632MiB
2026-08-17 09:29:03 train.py: epoch 091/200  train_loss=0.3119  val_loss=0.7334  val_auc=0.8374  lr=0.000578  grad=0.803  mem=1635MiB
epoch 92:  46%|#########-----------| 92/200 [00:11<00:40,  2.2it/s]
2026-08-17 09:29:18 train.py: epoch 092/200  train_loss=0.3089  val_loss=0.7118  val_auc=0.8417  lr=0.000570  grad=0.727  mem=1670MiB
2026-08-17 09:29:34 INFO src.train: epoch 093/200  train_loss=0.3144  val_loss=0.7030  val_auc=0.8318  lr=0.000563  grad=0.750  mem=1646MiB
2026-08-17 09:29:51 INFO src.train: epoch 094/200  train_loss=0.2950  val_loss=0.6730  val_auc=0.8359  lr=0.000555  grad=0.841  mem=1665MiB
2026-08-17 09:30:04 INFO src.train: epoch 095/200  train_loss=0.2830  val_loss=0.6562  val_auc=0.8414  lr=0.000547  grad=0.816  mem=1674MiB
2026-08-17 09:30:18 train.py: epoch 096/200  train_loss=0.2800  val_loss=0.6438  val_auc=0.8485  lr=0.000539  grad=0.888  mem=1700MiB
2026-08-17 09:30:33 INFO src.train: epoch 097/200  train_loss=0.2659  val_loss=0.6407  val_auc=0.8453  lr=0.000531  grad=0.793  mem=1646MiB
2026-08-17 09:30:49 INFO src.train: epoch 098/200  train_loss=0.2600  val_loss=0.6161  val_auc=0.8444  lr=0.000524  grad=0.692  mem=1732MiB
2026-08-17 09:31:06 INFO src.train: epoch 099/200  train_loss=0.2600  val_loss=0.6065  val_auc=0.8466  lr=0.000516  grad=0.828  mem=1647MiB
2026-08-17 09:31:19 INFO src.train: epoch 100/200  train_loss=0.2675  val_loss=0.6006  val_auc=0.8492  lr=0.000508  grad=0.784  mem=1649MiB
2026-08-17 09:31:33 train.py: epoch 101/200  train_loss=0.2696  val_loss=0.5292  val_auc=0.8396  lr=0.000500  grad=0.717  mem=1711MiB
2026-08-17 09:31:48 INFO src.train: epoch 102/200  train_loss=0.2657  val_loss=0.5275  val_auc=0.8538  lr=0.000492  grad=0.590  mem=1670MiB
2026-08-17 09:32:04 INFO src.train: epoch 103/200  train_loss=0.2600  val_loss=0.5348  val_auc=0.8482  lr=0.000484  grad=0.654  mem=1689MiB
2026-08-17 09:32:21 INFO src.train: epoch 104/200  train_loss=0.2600  val_loss=0.5024  val_auc=0.8506  lr=0.000476  grad=0.532  mem=1677MiB
2026-08-17 09:32:34 INFO src.train: epoch 105/200  train_loss=0.2600  val_loss=0.5002  val_auc=0.8484  lr=0.000469  grad=0.716  mem=1673MiB
2026-08-17 09:32:48 train.py: epoch 106/200  train_loss=0.2669  val_loss=0.4948  val_auc=0.8509  lr=0.000461  grad=0.633  mem=1743MiB
2026-08-17 09:33:03 INFO src.train: epoch 107/200  train_loss=0.2671  val_loss=0.4991  val_auc=0.8496  lr=0.000453  grad=0.660  mem=1736MiB
2026-08-17 09:33:19 INFO src.train: epoch 108/200  train_loss=0.2600  val_loss=0.4931  val_auc=0.8507  lr=0.000445  grad=0.672  mem=1669MiB
2026-08-17 09:33:36 INFO src.train: epoch 109/200  train_loss=0.2600  val_loss=0.4804  val_auc=0.8438  lr=0.000437  grad=0.614  mem=1637MiB
2026-08-17 09:33:49 INFO src.train: epoch 110/200  train_loss=0.2600  val_loss=0.4744  val_auc=0.8572  lr=0.000430  grad=0.671  mem=1668MiB
2026-08-17 09:34:03 train.py: epoch 111/200  train_loss=0.2600  val_loss=0.4559  val_auc=0.8504  lr=0.000422  grad=0.643  mem=1667MiB
2026-08-17 09:34:18 INFO src.train: epoch 112/200  train_loss=0.2907  val_loss=0.4275  val_auc=0.8604  lr=0.000414  grad=0.625  mem=1731MiB
2026-08-17 09:34:34 INFO src.train: epoch 113/200  train_loss=0.2795  val_loss=0.4424  val_auc=0.8526  lr=0.000406  grad=0.499  mem=1684MiB
2026-08-17 09:34:51 INFO src.train: epoch 114/200  train_loss=0.2715  val_loss=0.4113  val_auc=0.8522  lr=0.000399  grad=0.683  mem=1725MiB
epoch 115:  57%|###########---------| 115/200 [00:13<00:40,  2.7it/s]
2026-08-17 09:35:04 train.py: epoch 115/200  train_loss=0.2646  val_loss=0.4153  val_auc=0.8567  lr=0.000391  grad=0.537  mem=1684MiB
2026-08-17 09:35:18 train.py: epoch 116/200  train_loss=0.2608  val_loss=0.4257  val_auc=0.8578  lr=0.000383  grad=0.661  mem=1643MiB
2026-08-17 09:35:33 INFO src.train: epoch 117/200  train_loss=0.2724  val_loss=0.4334  val_auc=0.8600  lr=0.000376  grad=0.468  mem=1668MiB
2026-08-17 09:35:49 INFO src.train: epoch 118/200  train_loss=0.2889  val_loss=0.4262  val_auc=0.8536  lr=0.000368  grad=0.557  mem=1724MiB
2026-08-17 09:36:06 INFO src.train: epoch 119/200  train_loss=0.2708  val_loss=0.4318  val_auc=0.8588  lr=0.000361  grad=0.523  mem=1641MiB
2026-08-17 09:36:19 INFO src.train: epoch 120/200  train_loss=0.2600  val_loss=0.4147  val_auc=0.8583  lr=0.000353  grad=0.646  mem=1634MiB
2026-08-17 09:36:33 train.py: epoch 121/200  train_loss=0.2600  val_loss=0.4133  val_auc=0.8668  lr=0.000345  grad=0.369  mem=1705MiB
2026-08-17 09:36:48 INFO src.train: epoch 122/200  train_loss=0.2699  val_loss=0.4296  val_auc=0.8611  lr=0.000338  grad=0.544  mem=1655MiB
2026-08-17 09:37:04 INFO src.train: epoch 123/200  train_loss=0.2870  val_loss=0.3868  val_auc=0.8553  lr=0.000331  grad=0.487  mem=1743MiB
2026-08-17 09:37:21 INFO src.train: epoch 124/200  train_loss=0.3085  val_loss=0.3792  val_auc=0.8600  lr=0.000323  grad=0.357  mem=1664MiB
2026-08-17 09:37:34 INFO src.train: epoch 125/200  train_loss=0.2938  val_loss=0.3813  val_auc=0.8634  lr=0.000316  grad=0.397  mem=1684MiB
2026-08-17 09:37:48 train.py: epoch 126/200  train_loss=0.2845  val_loss=0.3872  val_auc=0.8649  lr=0.000309  grad=0.619  mem=1697MiB
2026-08-17 09:38:03 INFO src.train: epoch 127/200  train_loss=0.3072  val_loss=0.3659  val_auc=0.8592  lr=0.000301  grad=0.406  mem=1679MiB
2026-08-17 09:38:03 WARNING src.train: BatchNorm: more than 20% of batch in one class
2026-08-17 09:38:19 INFO src.train: epoch 128/200  train_loss=0.2938  val_loss=0.3600  val_auc=0.8599  lr=0.000294  grad=0.508  mem=1654MiB
2026-08-17 09:38:36 INFO src.train: epoch 129/200  train_loss=0.2600  val_loss=0.3600  val_auc=0.8566  lr=0.000287  grad=0.383  mem=1653MiB
2026-08-17 09:38:49 INFO src.train: epoch 130/200  train_loss=0.2600  val_loss=0.3686  val_auc=0.8672  lr=0.000280  grad=0.517  mem=1732MiB
2026-08-17 09:39:03 train.py: epoch 131/200  train_loss=0.2600  val_loss=0.3737  val_auc=0.8616  lr=0.000273  grad=0.512  mem=1656MiB
2026-08-17 09:39:18 INFO src.train: epoch 132/200  train_loss=0.2600  val_loss=0.3908  val_auc=0.8654  lr=0.000266  grad=0.316  mem=1653MiB
2026-08-17 09:39:34 INFO src.train: epoch 133/200  train_loss=0.2600  val_loss=0.3948  val_auc=0.8627  lr=0.000259  grad=0.517  mem=1638MiB
2026-08-17 09:39:51 INFO src.train: epoch 134/200  train_loss=0.2671  val_loss=0.3858  val_auc=0.8658  lr=0.000252  grad=0.383  mem=1675MiB
2026-08-17 09:40:04 INFO src.train: epoch 135/200  train_loss=0.2826  val_loss=0.3778  val_auc=0.8679  lr=0.000245  grad=0.446  mem=1703MiB
2026-08-17 09:40:18 train.py: epoch 136/200  train_loss=0.2600  val_loss=0.3600  val_auc=0.8700  lr=0.000239  grad=0.458  mem=1634MiB
2026-08-17 09:40:33 INFO src.train: epoch 137/200  train_loss=0.2600  val_loss=0.3600  val_auc=0.8656  lr=0.000232  grad=0.454  mem=1658MiB
epoch 138:  69%|#############-------| 138/200 [00:15<00:40,  2.3it/s]
2026-08-17 09:40:49 train.py: epoch 138/200  train_loss=0.2600  val_loss=0.3600  val_auc=0.8700  lr=0.000225  grad=0.408  mem=1745MiB
2026-08-17 09:41:06 INFO src.train: epoch 139/200  train_loss=0.2600  val_loss=0.3600  val_auc=0.8712  lr=0.000219  grad=0.455  mem=1714MiB
2026-08-17 09:41:19 INFO src.train: epoch 140/200  train_loss=0.2727  val_loss=0.3600  val_auc=0.8661  lr=0.000212  grad=0.292  mem=1666MiB
2026-08-17 09:41:33 train.py: epoch 141/200  train_loss=0.2664  val_loss=0.3692  val_auc=0.8612  lr=0.000206  grad=0.482  mem=1653MiB
2026-08-17 09:41:48 INFO src.train: epoch 142/200  train_loss=0.3006  val_loss=0.3616  val_auc=0.8659  lr=0.000200  grad=0.442  mem=1678MiB
2026-08-17 09:42:04 INFO src.train: epoch 143/200  train_loss=0.2850  val_loss=0.3729  val_auc=0.8689  lr=0.000194  grad=0.447  mem=1721MiB
2026-08-17 09:42:21 INFO src.train: epoch 144/200  train_loss=0.2737  val_loss=0.3612  val_auc=0.8687  lr=0.000187  grad=0.470  mem=1730MiB
2026-08-17 09:42:34 INFO src.train: epoch 145/200  train_loss=0.2600  val_loss=0.3788  val_auc=0.8750  lr=0.000181  grad=0.271  mem=1645MiB
2026-08-17 09:42:48 train.py: epoch 146/200  train_loss=0.2643  val_loss=0.3763  val_auc=0.8715  lr=0.000175  grad=0.485  mem=1747MiB
2026-08-17 09:43:03 INFO src.train: epoch 147/200  train_loss=0.2615  val_loss=0.3917  val_auc=0.8663  lr=0.000169  grad=0.309  mem=1653MiB
2026-08-17 09:43:19 INFO src.train: epoch 148/200  train_loss=0.2832  val_loss=0.3957  val_auc=0.8764  lr=0.000163  grad=0.265  mem=1741MiB
2026-08-17 09:43:19 INFO src.train: new best val_auc=0.8710 -> checkpoints/.../best.pt
2026-08-17 09:43:36 INFO src.train: epoch 149/200  train_loss=0.2701  val_loss=0.4009  val_auc=0.8727  lr=0.000158  grad=0.414  mem=1690MiB
2026-08-17 09:43:49 INFO src.train: epoch 150/200  train_loss=0.2600  val_loss=0.4320  val_auc=0.8735  lr=0.000152  grad=0.351  mem=1726MiB
2026-08-17 09:44:03 train.py: epoch 151/200  train_loss=0.2600  val_loss=0.4386  val_auc=0.8725  lr=0.000146  grad=0.342  mem=1721MiB
2026-08-17 09:44:18 INFO src.train: epoch 152/200  train_loss=0.2600  val_loss=0.3807  val_auc=0.8737  lr=0.000141  grad=0.388  mem=1652MiB
2026-08-17 09:44:34 INFO src.train: epoch 153/200  train_loss=0.2880  val_loss=0.3993  val_auc=0.8688  lr=0.000136  grad=0.395  mem=1716MiB
2026-08-17 09:44:51 INFO src.train: epoch 154/200  train_loss=0.2855  val_loss=0.4222  val_auc=0.8730  lr=0.000130  grad=0.282  mem=1707MiB
2026-08-17 09:45:04 INFO src.train: epoch 155/200  train_loss=0.2626  val_loss=0.3902  val_auc=0.8705  lr=0.000125  grad=0.345  mem=1643MiB
2026-08-17 09:45:18 train.py: epoch 156/200  train_loss=0.2600  val_loss=0.4118  val_auc=0.8717  lr=0.000120  grad=0.368  mem=1719MiB
2026-08-17 09:45:33 INFO src.train: epoch 157/200  train_loss=0.2607  val_loss=0.4084  val_auc=0.8699  lr=0.000115  grad=0.251  mem=1647MiB
2026-08-17 09:45:49 INFO src.train: epoch 158/200  train_loss=0.2600  val_loss=0.3924  val_auc=0.8736  lr=0.000110  grad=0.316  mem=1638MiB
2026-08-17 09:46:06 INFO src.train: epoch 159/200  train_loss=0.2600  val_loss=0.3875  val_auc=0.8723  lr=0.000105  grad=0.200  mem=1694MiB
2026-08-17 09:46:19 INFO src.train: epoch 160/200  train_loss=0.2600  val_loss=0.3600  val_auc=0.8692  lr=0.000100  grad=0.411  mem=1721MiB
epoch 161:  80%|################----| 161/200 [00:10<00:40,  2.8it/s]
2026-08-17 09:46:33 train.py: epoch 161/200  train_loss=0.2639  val_loss=0.3600  val_auc=0.8663  lr=0.000095  grad=0.244  mem=1653MiB
2026-08-17 09:46:48 INFO src.train: epoch 162/200  train_loss=0.2723  val_loss=0.3600  val_auc=0.8733  lr=0.000091  grad=0.200  mem=1725MiB
2026-08-17 09:47:04 INFO src.train: epoch 163/200  train_loss=0.2600  val_loss=0.3600  val_auc=0.8655  lr=0.000086  grad=0.255  mem=1718MiB
2026-08-17 09:47:21 INFO src.train: epoch 164/200  train_loss=0.2600  val_loss=0.3600  val_auc=0.8675  lr=0.000082  grad=0.322  mem=1651MiB
2026-08-17 09:47:34 INFO src.train: epoch 165/200  train_loss=0.2613  val_loss=0.3600  val_auc=0.8656  lr=0.000078  grad=0.387  mem=1673MiB
2026-08-17 09:47:48 train.py: epoch 166/200  train_loss=0.2600  val_loss=0.3600  val_auc=0.8625  lr=0.000074  grad=0.223  mem=1749MiB
2026-08-17 09:48:03 INFO src.train: epoch 167/200  train_loss=0.2600  val_loss=0.3629  val_auc=0.8698  lr=0.000070  grad=0.424  mem=1749MiB
2026-08-17 09:48:03 WARNING src.train: BatchNorm: more than 20% of batch in one class
2026-08-17 09:48:19 INFO src.train: epoch 168/200  train_loss=0.2600  val_loss=0.3828  val_auc=0.8693  lr=0.000066  grad=0.263  mem=1717MiB
2026-08-17 09:48:36 INFO src.train: epoch 169/200  train_loss=0.2600  val_loss=0.3889  val_auc=0.8637  lr=0.000062  grad=0.229  mem=1640MiB
2026-08-17 09:48:49 INFO src.train: epoch 170/200  train_loss=0.2726  val_loss=0.3600  val_auc=0.8696  lr=0.000058  grad=0.200  mem=1649MiB
2026-08-17 09:49:03 train.py: epoch 171/200  train_loss=0.2842  val_loss=0.3600  val_auc=0.8685  lr=0.000054  grad=0.200  mem=1635MiB
2026-08-17 09:49:18 INFO src.train: epoch 172/200  train_loss=0.2782  val_loss=0.3783  val_auc=0.8664  lr=0.000051  grad=0.381  mem=1728MiB
2026-08-17 09:49:34 INFO src.train: epoch 173/200  train_loss=0.2790  val_loss=0.3600  val_auc=0.8686  lr=0.000048  grad=0.200  mem=1672MiB
2026-08-17 09:49:51 INFO src.train: epoch 174/200  train_loss=0.2747  val_loss=0.3639  val_auc=0.8679  lr=0.000044  grad=0.283  mem=1706MiB
2026-08-17 09:50:04 INFO src.train: epoch 175/200  train_loss=0.2758  val_loss=0.3600  val_auc=0.8638  lr=0.000041  grad=0.226  mem=1702MiB
2026-08-17 09:50:18 train.py: epoch 176/200  train_loss=0.2689  val_loss=0.3746  val_auc=0.8635  lr=0.000038  grad=0.223  mem=1689MiB
2026-08-17 09:50:33 INFO src.train: epoch 177/200  train_loss=0.2600  val_loss=0.3780  val_auc=0.8664  lr=0.000035  grad=0.200  mem=1741MiB
2026-08-17 09:50:49 INFO src.train: epoch 178/200  train_loss=0.2600  val_loss=0.3682  val_auc=0.8695  lr=0.000032  grad=0.200  mem=1693MiB
2026-08-17 09:51:06 INFO src.train: epoch 179/200  train_loss=0.2600  val_loss=0.3865  val_auc=0.8657  lr=0.000030  grad=0.346  mem=1633MiB
2026-08-17 09:51:19 INFO src.train: epoch 180/200  train_loss=0.2600  val_loss=0.3864  val_auc=0.8634  lr=0.000027  grad=0.326  mem=1645MiB
2026-08-17 09:51:33 train.py: epoch 181/200  train_loss=0.2600  val_loss=0.4121  val_auc=0.8637  lr=0.000024  grad=0.200  mem=1735MiB
2026-08-17 09:51:48 INFO src.train: epoch 182/200  train_loss=0.2600  val_loss=0.4013  val_auc=0.8703  lr=0.000022  grad=0.384  mem=1639MiB
2026-08-17 09:52:04 INFO src.train: epoch 183/200  train_loss=0.2600  val_loss=0.3912  val_auc=0.8642  lr=0.000020  grad=0.200  mem=1749MiB
epoch 184:  92%|##################--| 184/200 [00:12<00:40,  2.4it/s]
2026-08-17 09:52:21 train.py: epoch 184/200  train_loss=0.2600  val_loss=0.4209  val_auc=0.8679  lr=0.000018  grad=0.257  mem=1656MiB
2026-08-17 09:52:34 INFO src.train: epoch 185/200  train_loss=0.2600  val_loss=0.4045  val_auc=0.8703  lr=0.000016  grad=0.200  mem=1700MiB
2026-08-17 09:52:48 train.py: epoch 186/200  train_loss=0.2600  val_loss=0.3735  val_auc=0.8659  lr=0.000014  grad=0.200  mem=1651MiB
2026-08-17 09:53:03 INFO src.train: epoch 187/200  train_loss=0.2600  val_loss=0.3757  val_auc=0.8680  lr=0.000012  grad=0.235  mem=1689MiB
2026-08-17 09:53:19 INFO src.train: epoch 188/200  train_loss=0.2600  val_loss=0.3683  val_auc=0.8692  lr=0.000010  grad=0.208  mem=1731MiB
2026-08-17 09:53:36 INFO src.train: epoch 189/200  train_loss=0.2600  val_loss=0.3801  val_auc=0.8709  lr=0.000009  grad=0.208  mem=1699MiB
2026-08-17 09:53:49 INFO src.train: epoch 190/200  train_loss=0.2600  val_loss=0.3838  val_auc=0.8705  lr=0.000007  grad=0.200  mem=1725MiB
2026-08-17 09:54:03 train.py: epoch 191/200  train_loss=0.2600  val_loss=0.3841  val_auc=0.8652  lr=0.000006  grad=0.200  mem=1660MiB
2026-08-17 09:54:18 INFO src.train: epoch 192/200  train_loss=0.2600  val_loss=0.4012  val_auc=0.8622  lr=0.000005  grad=0.200  mem=1708MiB
2026-08-17 09:54:34 INFO src.train: epoch 193/200  train_loss=0.2600  val_loss=0.4117  val_auc=0.8667  lr=0.000004  grad=0.200  mem=1646MiB
2026-08-17 09:54:51 INFO src.train: epoch 194/200  train_loss=0.2811  val_loss=0.4343  val_auc=0.8680  lr=0.000003  grad=0.200  mem=1716MiB
2026-08-17 09:55:04 INFO src.train: epoch 195/200  train_loss=0.2799  val_loss=0.4057  val_auc=0.8687  lr=0.000002  grad=0.200  mem=1713MiB
2026-08-17 09:55:18 train.py: epoch 196/200  train_loss=0.2692  val_loss=0.3852  val_auc=0.8687  lr=0.000002  grad=0.200  mem=1659MiB
2026-08-17 09:55:33 INFO src.train: epoch 197/200  train_loss=0.2600  val_loss=0.3902  val_auc=0.8670  lr=0.000001  grad=0.200  mem=1637MiB
2026-08-17 09:55:49 INFO src.train: epoch 198/200  train_loss=0.2600  val_loss=0.3688  val_auc=0.8601  lr=0.000001  grad=0.200  mem=1703MiB
2026-08-17 09:56:06 INFO src.train: epoch 199/200  train_loss=0.2661  val_loss=0.3600  val_auc=0.8630  lr=0.000000  grad=0.200  mem=1743MiB
2026-08-17 09:56:19 INFO src.train: epoch 200/200  train_loss=0.2600  val_loss=0.3600  val_auc=0.8592  lr=0.000000  grad=0.200  mem=1733MiB
2026-08-17 09:56:19 INFO src.train: patience=20; continuing for loss monitoring, will restore epoch 148
