2026-08-18 17:09:11 INFO src.train: ASAE full
2026-08-18 17:09:11 INFO src.train: seed=4  batch=256  smote=1:3  device=cuda:0 (RTX 3090)
2026-08-18 17:09:11 INFO src.train: Trainable 48,311 | frozen_backbone_est 0 | total_est 48,311
2026-08-18 17:09:11 WARNING src.train: SMOTE fitted on train partition only
2026-08-18 17:09:31 train.py: epoch 001/166  train_loss=1.5235  val_loss=1.5168  val_auc=0.5696  lr=0.001000  grad=2.289  mem=1678MiB
2026-08-18 17:09:44 INFO src.train: epoch 002/166  train_loss=1.5085  val_loss=1.5232  val_auc=0.5760  lr=0.001000  grad=2.362  mem=1711MiB
2026-08-18 17:09:58 INFO src.train: epoch 003/166  train_loss=1.4820  val_loss=1.5271  val_auc=0.5762  lr=0.001000  grad=2.245  mem=1746MiB
2026-08-18 17:10:13 INFO src.train: epoch 004/166  train_loss=1.4553  val_loss=1.5014  val_auc=0.5916  lr=0.000999  grad=2.357  mem=1663MiB
2026-08-18 17:10:24 INFO src.train: epoch 005/166  train_loss=1.4251  val_loss=1.5031  val_auc=0.5982  lr=0.000998  grad=2.238  mem=1695MiB
2026-08-18 17:10:36 train.py: epoch 006/166  train_loss=1.4141  val_loss=1.4689  val_auc=0.6046  lr=0.000997  grad=2.258  mem=1697MiB
2026-08-18 17:10:49 INFO src.train: epoch 007/166  train_loss=1.4204  val_loss=1.4799  val_auc=0.6160  lr=0.000996  grad=2.339  mem=1675MiB
2026-08-18 17:10:49 WARNING src.train: BatchNorm: more than 20% of batch in one class
2026-08-18 17:11:03 INFO src.train: epoch 008/166  train_loss=1.4108  val_loss=1.4625  val_auc=0.6169  lr=0.000994  grad=2.109  mem=1721MiB
2026-08-18 17:11:18 INFO src.train: epoch 009/166  train_loss=1.3885  val_loss=1.4780  val_auc=0.6212  lr=0.000992  grad=2.060  mem=1732MiB
2026-08-18 17:11:29 INFO src.train: epoch 010/166  train_loss=1.3579  val_loss=1.4805  val_auc=0.6380  lr=0.000990  grad=2.242  mem=1657MiB
2026-08-18 17:11:41 train.py: epoch 011/166  train_loss=1.3445  val_loss=1.4452  val_auc=0.6389  lr=0.000988  grad=2.195  mem=1709MiB
2026-08-18 17:11:54 INFO src.train: epoch 012/166  train_loss=1.2920  val_loss=1.4846  val_auc=0.6413  lr=0.000985  grad=2.009  mem=1648MiB
2026-08-18 17:12:08 INFO src.train: epoch 013/166  train_loss=1.2981  val_loss=1.4580  val_auc=0.6556  lr=0.000982  grad=1.923  mem=1686MiB
2026-08-18 17:12:23 INFO src.train: epoch 014/166  train_loss=1.2998  val_loss=1.4413  val_auc=0.6602  lr=0.000979  grad=2.014  mem=1640MiB
2026-08-18 17:12:34 INFO src.train: epoch 015/166  train_loss=1.2795  val_loss=1.4154  val_auc=0.6674  lr=0.000976  grad=2.095  mem=1658MiB
2026-08-18 17:12:46 train.py: epoch 016/166  train_loss=1.2816  val_loss=1.3940  val_auc=0.6712  lr=0.000973  grad=1.853  mem=1742MiB
2026-08-18 17:12:59 INFO src.train: epoch 017/166  train_loss=1.2876  val_loss=1.3789  val_auc=0.6695  lr=0.000969  grad=1.919  mem=1694MiB
2026-08-18 17:13:13 INFO src.train: epoch 018/166  train_loss=1.2775  val_loss=1.3616  val_auc=0.6771  lr=0.000965  grad=1.948  mem=1630MiB
2026-08-18 17:13:28 INFO src.train: epoch 019/166  train_loss=1.2708  val_loss=1.3359  val_auc=0.6954  lr=0.000961  grad=1.869  mem=1649MiB
2026-08-18 17:13:39 INFO src.train: epoch 020/166  train_loss=1.2588  val_loss=1.3266  val_auc=0.6821  lr=0.000956  grad=1.663  mem=1651MiB
2026-08-18 17:13:51 train.py: epoch 021/166  train_loss=1.2276  val_loss=1.3012  val_auc=0.6903  lr=0.000952  grad=1.663  mem=1688MiB
2026-08-18 17:14:04 INFO src.train: epoch 022/166  train_loss=1.2167  val_loss=1.2667  val_auc=0.7014  lr=0.000947  grad=1.720  mem=1687MiB
2026-08-18 17:14:18 INFO src.train: epoch 023/166  train_loss=1.1948  val_loss=1.2578  val_auc=0.7073  lr=0.000942  grad=1.630  mem=1662MiB
2026-08-18 17:14:33 INFO src.train: epoch 024/166  train_loss=1.1707  val_loss=1.2238  val_auc=0.7078  lr=0.000937  grad=1.836  mem=1683MiB
2026-08-18 17:14:44 INFO src.train: epoch 025/166  train_loss=1.1533  val_loss=1.1860  val_auc=0.7109  lr=0.000931  grad=1.759  mem=1713MiB
2026-08-18 17:14:56 train.py: epoch 026/166  train_loss=1.1449  val_loss=1.1612  val_auc=0.7187  lr=0.000925  grad=1.603  mem=1685MiB
2026-08-18 17:15:09 INFO src.train: epoch 027/166  train_loss=1.1542  val_loss=1.1190  val_auc=0.7170  lr=0.000920  grad=1.763  mem=1729MiB
2026-08-18 17:15:23 INFO src.train: epoch 028/166  train_loss=1.1232  val_loss=1.0942  val_auc=0.7252  lr=0.000913  grad=1.732  mem=1650MiB
2026-08-18 17:15:38 INFO src.train: epoch 029/166  train_loss=1.1070  val_loss=1.0741  val_auc=0.7239  lr=0.000907  grad=1.765  mem=1673MiB
2026-08-18 17:15:49 INFO src.train: epoch 030/166  train_loss=1.1082  val_loss=1.0741  val_auc=0.7368  lr=0.000901  grad=1.536  mem=1670MiB
2026-08-18 17:16:01 train.py: epoch 031/166  train_loss=1.0858  val_loss=1.0931  val_auc=0.7254  lr=0.000894  grad=1.821  mem=1699MiB
2026-08-18 17:16:14 INFO src.train: epoch 032/166  train_loss=1.0822  val_loss=1.0582  val_auc=0.7392  lr=0.000887  grad=1.643  mem=1692MiB
2026-08-18 17:16:28 INFO src.train: epoch 033/166  train_loss=1.0756  val_loss=1.0744  val_auc=0.7458  lr=0.000880  grad=1.598  mem=1714MiB
2026-08-18 17:16:43 INFO src.train: epoch 034/166  train_loss=1.0383  val_loss=1.0872  val_auc=0.7382  lr=0.000873  grad=1.392  mem=1700MiB
2026-08-18 17:16:54 INFO src.train: epoch 035/166  train_loss=1.0054  val_loss=1.0575  val_auc=0.7526  lr=0.000865  grad=1.393  mem=1694MiB
2026-08-18 17:17:06 train.py: epoch 036/166  train_loss=0.9952  val_loss=1.0423  val_auc=0.7499  lr=0.000857  grad=1.648  mem=1689MiB
2026-08-18 17:17:19 INFO src.train: epoch 037/166  train_loss=1.0005  val_loss=1.0341  val_auc=0.7566  lr=0.000850  grad=1.550  mem=1688MiB
2026-08-18 17:17:33 INFO src.train: epoch 038/166  train_loss=0.9781  val_loss=1.0054  val_auc=0.7602  lr=0.000842  grad=1.565  mem=1685MiB
2026-08-18 17:17:48 INFO src.train: epoch 039/166  train_loss=0.9797  val_loss=0.9956  val_auc=0.7582  lr=0.000833  grad=1.384  mem=1748MiB
2026-08-18 17:17:59 INFO src.train: epoch 040/166  train_loss=0.9371  val_loss=0.9620  val_auc=0.7599  lr=0.000825  grad=1.321  mem=1693MiB
2026-08-18 17:18:11 train.py: epoch 041/166  train_loss=0.9143  val_loss=0.9313  val_auc=0.7686  lr=0.000817  grad=1.431  mem=1688MiB
2026-08-18 17:18:24 INFO src.train: epoch 042/166  train_loss=0.8982  val_loss=0.9300  val_auc=0.7687  lr=0.000808  grad=1.297  mem=1648MiB
2026-08-18 17:18:38 INFO src.train: epoch 043/166  train_loss=0.8907  val_loss=0.9078  val_auc=0.7798  lr=0.000799  grad=1.378  mem=1700MiB
2026-08-18 17:18:53 INFO src.train: epoch 044/166  train_loss=0.8755  val_loss=0.8928  val_auc=0.7759  lr=0.000790  grad=1.462  mem=1748MiB
2026-08-18 17:19:04 INFO src.train: epoch 045/166  train_loss=0.8704  val_loss=0.8819  val_auc=0.7758  lr=0.000781  grad=1.357  mem=1697MiB
2026-08-18 17:19:16 train.py: epoch 046/166  train_loss=0.8567  val_loss=0.8724  val_auc=0.7801  lr=0.000772  grad=1.320  mem=1720MiB
2026-08-18 17:19:29 INFO src.train: epoch 047/166  train_loss=0.8656  val_loss=0.8614  val_auc=0.7893  lr=0.000763  grad=1.354  mem=1728MiB
2026-08-18 17:19:29 WARNING src.train: BatchNorm: more than 20% of batch in one class
2026-08-18 17:19:43 INFO src.train: epoch 048/166  train_loss=0.8437  val_loss=0.8744  val_auc=0.7885  lr=0.000753  grad=1.361  mem=1683MiB
2026-08-18 17:19:58 INFO src.train: epoch 049/166  train_loss=0.8274  val_loss=0.8509  val_auc=0.7859  lr=0.000744  grad=1.277  mem=1653MiB
2026-08-18 17:20:09 INFO src.train: epoch 050/166  train_loss=0.8189  val_loss=0.8098  val_auc=0.7965  lr=0.000734  grad=1.421  mem=1666MiB
2026-08-18 17:20:21 train.py: epoch 051/166  train_loss=0.7989  val_loss=0.7904  val_auc=0.7892  lr=0.000724  grad=1.260  mem=1634MiB
2026-08-18 17:20:34 INFO src.train: epoch 052/166  train_loss=0.7753  val_loss=0.7792  val_auc=0.7969  lr=0.000714  grad=1.222  mem=1738MiB
2026-08-18 17:20:48 INFO src.train: epoch 053/166  train_loss=0.7695  val_loss=0.7710  val_auc=0.7945  lr=0.000704  grad=1.292  mem=1742MiB
2026-08-18 17:21:03 INFO src.train: epoch 054/166  train_loss=0.7569  val_loss=0.7486  val_auc=0.8000  lr=0.000694  grad=1.226  mem=1658MiB
2026-08-18 17:21:14 INFO src.train: epoch 055/166  train_loss=0.7321  val_loss=0.7527  val_auc=0.7942  lr=0.000684  grad=1.193  mem=1721MiB
2026-08-18 17:21:26 train.py: epoch 056/166  train_loss=0.7214  val_loss=0.7642  val_auc=0.8002  lr=0.000673  grad=1.114  mem=1694MiB
2026-08-18 17:21:39 INFO src.train: epoch 057/166  train_loss=0.6937  val_loss=0.7652  val_auc=0.8057  lr=0.000663  grad=1.211  mem=1651MiB
2026-08-18 17:21:53 INFO src.train: epoch 058/166  train_loss=0.6885  val_loss=0.7825  val_auc=0.8065  lr=0.000652  grad=1.336  mem=1680MiB
2026-08-18 17:22:08 INFO src.train: epoch 059/166  train_loss=0.6873  val_loss=0.8007  val_auc=0.8030  lr=0.000642  grad=1.242  mem=1638MiB
2026-08-18 17:22:19 INFO src.train: epoch 060/166  train_loss=0.6633  val_loss=0.8047  val_auc=0.8106  lr=0.000631  grad=0.947  mem=1644MiB
2026-08-18 17:22:31 train.py: epoch 061/166  train_loss=0.6288  val_loss=0.7889  val_auc=0.8112  lr=0.000620  grad=1.212  mem=1659MiB
2026-08-18 17:22:44 INFO src.train: epoch 062/166  train_loss=0.6263  val_loss=0.7752  val_auc=0.8124  lr=0.000610  grad=1.038  mem=1739MiB
2026-08-18 17:22:58 INFO src.train: epoch 063/166  train_loss=0.6090  val_loss=0.7835  val_auc=0.8108  lr=0.000599  grad=0.968  mem=1729MiB
2026-08-18 17:23:13 INFO src.train: epoch 064/166  train_loss=0.6080  val_loss=0.7826  val_auc=0.8114  lr=0.000588  grad=0.915  mem=1727MiB
2026-08-18 17:23:24 INFO src.train: epoch 065/166  train_loss=0.5880  val_loss=0.7852  val_auc=0.8177  lr=0.000577  grad=1.074  mem=1647MiB
2026-08-18 17:23:36 train.py: epoch 066/166  train_loss=0.5889  val_loss=0.8032  val_auc=0.8148  lr=0.000566  grad=1.072  mem=1668MiB
2026-08-18 17:23:49 INFO src.train: epoch 067/166  train_loss=0.5883  val_loss=0.7977  val_auc=0.8169  lr=0.000555  grad=1.026  mem=1681MiB
2026-08-18 17:24:03 INFO src.train: epoch 068/166  train_loss=0.5824  val_loss=0.8107  val_auc=0.8161  lr=0.000544  grad=1.091  mem=1711MiB
2026-08-18 17:24:18 INFO src.train: epoch 069/166  train_loss=0.5709  val_loss=0.7827  val_auc=0.8292  lr=0.000533  grad=0.980  mem=1749MiB
2026-08-18 17:24:29 INFO src.train: epoch 070/166  train_loss=0.5783  val_loss=0.8045  val_auc=0.8326  lr=0.000522  grad=1.150  mem=1639MiB
2026-08-18 17:24:41 train.py: epoch 071/166  train_loss=0.5693  val_loss=0.8274  val_auc=0.8257  lr=0.000511  grad=0.874  mem=1684MiB
2026-08-18 17:24:54 INFO src.train: epoch 072/166  train_loss=0.5741  val_loss=0.8146  val_auc=0.8314  lr=0.000500  grad=1.020  mem=1644MiB
2026-08-18 17:25:08 INFO src.train: epoch 073/166  train_loss=0.5809  val_loss=0.8108  val_auc=0.8300  lr=0.000489  grad=0.998  mem=1745MiB
2026-08-18 17:25:23 INFO src.train: epoch 074/166  train_loss=0.5790  val_loss=0.8038  val_auc=0.8265  lr=0.000478  grad=1.021  mem=1634MiB
2026-08-18 17:25:34 INFO src.train: epoch 075/166  train_loss=0.5776  val_loss=0.7734  val_auc=0.8309  lr=0.000467  grad=0.885  mem=1666MiB
2026-08-18 17:25:46 train.py: epoch 076/166  train_loss=0.5564  val_loss=0.7538  val_auc=0.8374  lr=0.000456  grad=0.973  mem=1669MiB
2026-08-18 17:25:59 INFO src.train: epoch 077/166  train_loss=0.5541  val_loss=0.7533  val_auc=0.8395  lr=0.000445  grad=1.032  mem=1707MiB
2026-08-18 17:26:13 INFO src.train: epoch 078/166  train_loss=0.4956  val_loss=0.7306  val_auc=0.8314  lr=0.000434  grad=0.761  mem=1634MiB
2026-08-18 17:26:28 INFO src.train: epoch 079/166  train_loss=0.4724  val_loss=0.7230  val_auc=0.8401  lr=0.000423  grad=0.867  mem=1717MiB
2026-08-18 17:26:39 INFO src.train: epoch 080/166  train_loss=0.4605  val_loss=0.7165  val_auc=0.8338  lr=0.000412  grad=0.937  mem=1734MiB
2026-08-18 17:26:51 train.py: epoch 081/166  train_loss=0.4473  val_loss=0.7346  val_auc=0.8348  lr=0.000401  grad=0.775  mem=1720MiB
2026-08-18 17:27:04 INFO src.train: epoch 082/166  train_loss=0.4502  val_loss=0.7268  val_auc=0.8412  lr=0.000390  grad=0.883  mem=1654MiB
2026-08-18 17:27:18 INFO src.train: epoch 083/166  train_loss=0.4644  val_loss=0.7388  val_auc=0.8333  lr=0.000380  grad=0.938  mem=1719MiB
2026-08-18 17:27:33 INFO src.train: epoch 084/166  train_loss=0.4581  val_loss=0.7178  val_auc=0.8409  lr=0.000369  grad=0.820  mem=1656MiB
2026-08-18 17:27:44 INFO src.train: epoch 085/166  train_loss=0.4446  val_loss=0.6884  val_auc=0.8429  lr=0.000358  grad=0.788  mem=1642MiB
2026-08-18 17:27:56 train.py: epoch 086/166  train_loss=0.4415  val_loss=0.6584  val_auc=0.8456  lr=0.000348  grad=0.967  mem=1732MiB
2026-08-18 17:28:09 INFO src.train: epoch 087/166  train_loss=0.4401  val_loss=0.6471  val_auc=0.8395  lr=0.000337  grad=0.901  mem=1730MiB
2026-08-18 17:28:09 WARNING src.train: BatchNorm: more than 20% of batch in one class
2026-08-18 17:28:23 INFO src.train: epoch 088/166  train_loss=0.4231  val_loss=0.6361  val_auc=0.8486  lr=0.000327  grad=0.786  mem=1736MiB
2026-08-18 17:28:38 INFO src.train: epoch 089/166  train_loss=0.4139  val_loss=0.6271  val_auc=0.8330  lr=0.000316  grad=0.890  mem=1744MiB
2026-08-18 17:28:49 INFO src.train: epoch 090/166  train_loss=0.3764  val_loss=0.6377  val_auc=0.8507  lr=0.000306  grad=0.692  mem=1711MiB
2026-08-18 17:29:01 train.py: epoch 091/166  train_loss=0.3694  val_loss=0.6464  val_auc=0.8488  lr=0.000296  grad=0.716  mem=1645MiB
2026-08-18 17:29:14 INFO src.train: epoch 092/166  train_loss=0.3597  val_loss=0.6337  val_auc=0.8388  lr=0.000286  grad=0.733  mem=1716MiB
2026-08-18 17:29:28 INFO src.train: epoch 093/166  train_loss=0.3338  val_loss=0.6135  val_auc=0.8538  lr=0.000276  grad=0.789  mem=1734MiB
2026-08-18 17:29:43 INFO src.train: epoch 094/166  train_loss=0.3577  val_loss=0.5794  val_auc=0.8481  lr=0.000266  grad=0.736  mem=1645MiB
2026-08-18 17:29:54 INFO src.train: epoch 095/166  train_loss=0.3408  val_loss=0.5442  val_auc=0.8417  lr=0.000256  grad=0.652  mem=1689MiB
2026-08-18 17:30:06 train.py: epoch 096/166  train_loss=0.3366  val_loss=0.5452  val_auc=0.8447  lr=0.000247  grad=0.602  mem=1715MiB
2026-08-18 17:30:19 INFO src.train: epoch 097/166  train_loss=0.3265  val_loss=0.5308  val_auc=0.8500  lr=0.000237  grad=0.772  mem=1643MiB
2026-08-18 17:30:33 INFO src.train: epoch 098/166  train_loss=0.3204  val_loss=0.5315  val_auc=0.8523  lr=0.000228  grad=0.656  mem=1718MiB
2026-08-18 17:30:48 INFO src.train: epoch 099/166  train_loss=0.3187  val_loss=0.5143  val_auc=0.8477  lr=0.000219  grad=0.796  mem=1693MiB
2026-08-18 17:30:59 INFO src.train: epoch 100/166  train_loss=0.3329  val_loss=0.5078  val_auc=0.8570  lr=0.000210  grad=0.663  mem=1682MiB
2026-08-18 17:31:11 train.py: epoch 101/166  train_loss=0.3433  val_loss=0.4915  val_auc=0.8536  lr=0.000201  grad=0.760  mem=1646MiB
2026-08-18 17:31:24 INFO src.train: epoch 102/166  train_loss=0.3186  val_loss=0.4965  val_auc=0.8516  lr=0.000192  grad=0.530  mem=1690MiB
2026-08-18 17:31:38 INFO src.train: epoch 103/166  train_loss=0.3152  val_loss=0.5164  val_auc=0.8497  lr=0.000183  grad=0.619  mem=1660MiB
2026-08-18 17:31:53 INFO src.train: epoch 104/166  train_loss=0.3200  val_loss=0.5117  val_auc=0.8530  lr=0.000175  grad=0.670  mem=1633MiB
2026-08-18 17:32:04 INFO src.train: epoch 105/166  train_loss=0.3193  val_loss=0.4849  val_auc=0.8528  lr=0.000167  grad=0.558  mem=1686MiB
2026-08-18 17:32:16 train.py: epoch 106/166  train_loss=0.3001  val_loss=0.4746  val_auc=0.8546  lr=0.000158  grad=0.804  mem=1717MiB
2026-08-18 17:32:29 INFO src.train: epoch 107/166  train_loss=0.2971  val_loss=0.4631  val_auc=0.8503  lr=0.000150  grad=0.693  mem=1631MiB
2026-08-18 17:32:43 INFO src.train: epoch 108/166  train_loss=0.2894  val_loss=0.4768  val_auc=0.8494  lr=0.000143  grad=0.602  mem=1720MiB
2026-08-18 17:32:58 INFO src.train: epoch 109/166  train_loss=0.2818  val_loss=0.4699  val_auc=0.8558  lr=0.000135  grad=0.775  mem=1732MiB
2026-08-18 17:33:09 INFO src.train: epoch 110/166  train_loss=0.2930  val_loss=0.4709  val_auc=0.8643  lr=0.000127  grad=0.589  mem=1700MiB
2026-08-18 17:33:21 train.py: epoch 111/166  train_loss=0.2919  val_loss=0.4805  val_auc=0.8633  lr=0.000120  grad=0.587  mem=1733MiB
2026-08-18 17:33:34 INFO src.train: epoch 112/166  train_loss=0.2826  val_loss=0.4487  val_auc=0.8611  lr=0.000113  grad=0.546  mem=1668MiB
2026-08-18 17:33:48 INFO src.train: epoch 113/166  train_loss=0.2834  val_loss=0.4398  val_auc=0.8553  lr=0.000106  grad=0.644  mem=1659MiB
2026-08-18 17:34:03 INFO src.train: epoch 114/166  train_loss=0.2678  val_loss=0.4165  val_auc=0.8599  lr=0.000099  grad=0.563  mem=1661MiB
2026-08-18 17:34:14 INFO src.train: epoch 115/166  train_loss=0.2600  val_loss=0.4109  val_auc=0.8571  lr=0.000093  grad=0.582  mem=1640MiB
2026-08-18 17:34:26 train.py: epoch 116/166  train_loss=0.2600  val_loss=0.3976  val_auc=0.8646  lr=0.000087  grad=0.561  mem=1705MiB
2026-08-18 17:34:39 INFO src.train: epoch 117/166  train_loss=0.2600  val_loss=0.4123  val_auc=0.8605  lr=0.000080  grad=0.517  mem=1743MiB
2026-08-18 17:34:53 INFO src.train: epoch 118/166  train_loss=0.2606  val_loss=0.4172  val_auc=0.8660  lr=0.000075  grad=0.389  mem=1685MiB
2026-08-18 17:35:08 INFO src.train: epoch 119/166  train_loss=0.2600  val_loss=0.4275  val_auc=0.8607  lr=0.000069  grad=0.477  mem=1734MiB
2026-08-18 17:35:19 INFO src.train: epoch 120/166  train_loss=0.2600  val_loss=0.4109  val_auc=0.8634  lr=0.000063  grad=0.470  mem=1655MiB
2026-08-18 17:35:31 train.py: epoch 121/166  train_loss=0.2600  val_loss=0.3961  val_auc=0.8606  lr=0.000058  grad=0.472  mem=1699MiB
2026-08-18 17:35:44 INFO src.train: epoch 122/166  train_loss=0.2600  val_loss=0.4140  val_auc=0.8609  lr=0.000053  grad=0.522  mem=1742MiB
2026-08-18 17:35:58 INFO src.train: epoch 123/166  train_loss=0.2600  val_loss=0.4115  val_auc=0.8578  lr=0.000048  grad=0.545  mem=1680MiB
2026-08-18 17:36:13 INFO src.train: epoch 124/166  train_loss=0.2600  val_loss=0.4245  val_auc=0.8605  lr=0.000044  grad=0.377  mem=1648MiB
2026-08-18 17:36:24 INFO src.train: epoch 125/166  train_loss=0.2673  val_loss=0.4293  val_auc=0.8608  lr=0.000039  grad=0.562  mem=1723MiB
2026-08-18 17:36:36 train.py: epoch 126/166  train_loss=0.2606  val_loss=0.4185  val_auc=0.8585  lr=0.000035  grad=0.382  mem=1690MiB
2026-08-18 17:36:49 INFO src.train: epoch 127/166  train_loss=0.2600  val_loss=0.4213  val_auc=0.8605  lr=0.000031  grad=0.484  mem=1665MiB
2026-08-18 17:36:49 WARNING src.train: BatchNorm: more than 20% of batch in one class
2026-08-18 17:37:03 INFO src.train: epoch 128/166  train_loss=0.2600  val_loss=0.3909  val_auc=0.8602  lr=0.000027  grad=0.473  mem=1702MiB
2026-08-18 17:37:18 INFO src.train: epoch 129/166  train_loss=0.2600  val_loss=0.3908  val_auc=0.8601  lr=0.000024  grad=0.360  mem=1645MiB
2026-08-18 17:37:29 INFO src.train: epoch 130/166  train_loss=0.2600  val_loss=0.3999  val_auc=0.8608  lr=0.000021  grad=0.328  mem=1695MiB
2026-08-18 17:37:41 train.py: epoch 131/166  train_loss=0.2668  val_loss=0.3957  val_auc=0.8623  lr=0.000018  grad=0.416  mem=1737MiB
2026-08-18 17:37:54 INFO src.train: epoch 132/166  train_loss=0.2714  val_loss=0.4153  val_auc=0.8572  lr=0.000015  grad=0.534  mem=1711MiB
2026-08-18 17:38:08 INFO src.train: epoch 133/166  train_loss=0.3090  val_loss=0.4285  val_auc=0.8627  lr=0.000012  grad=0.467  mem=1671MiB
2026-08-18 17:38:23 INFO src.train: epoch 134/166  train_loss=0.3084  val_loss=0.4153  val_auc=0.8626  lr=0.000010  grad=0.363  mem=1749MiB
2026-08-18 17:38:34 INFO src.train: epoch 135/166  train_loss=0.2763  val_loss=0.4109  val_auc=0.8588  lr=0.000008  grad=0.407  mem=1740MiB
2026-08-18 17:38:46 train.py: epoch 136/166  train_loss=0.2600  val_loss=0.3936  val_auc=0.8547  lr=0.000006  grad=0.396  mem=1715MiB
2026-08-18 17:38:59 INFO src.train: epoch 137/166  train_loss=0.2634  val_loss=0.3797  val_auc=0.8624  lr=0.000004  grad=0.410  mem=1642MiB
2026-08-18 17:39:13 INFO src.train: epoch 138/166  train_loss=0.2867  val_loss=0.3772  val_auc=0.8590  lr=0.000003  grad=0.559  mem=1667MiB
2026-08-18 17:39:28 INFO src.train: epoch 139/166  train_loss=0.2714  val_loss=0.3600  val_auc=0.8608  lr=0.000002  grad=0.447  mem=1689MiB
2026-08-18 17:39:39 INFO src.train: epoch 140/166  train_loss=0.2879  val_loss=0.3600  val_auc=0.8590  lr=0.000001  grad=0.493  mem=1667MiB
2026-08-18 17:39:51 train.py: epoch 141/166  train_loss=0.2899  val_loss=0.3778  val_auc=0.8621  lr=0.000000  grad=0.591  mem=1658MiB
2026-08-18 17:40:04 INFO src.train: epoch 142/166  train_loss=0.2859  val_loss=0.3600  val_auc=0.8601  lr=0.000000  grad=0.337  mem=1731MiB
2026-08-18 17:40:18 INFO src.train: epoch 143/166  train_loss=0.5575  val_auc=0.8610  lr=0.000051
2026-08-18 17:40:33 INFO src.train: epoch 144/166  train_loss=0.5545  val_auc=0.8612  lr=0.000047
2026-08-18 17:40:33 INFO src.train: new best val_auc=0.8670 -> checkpoints/.../best.pt
2026-08-18 17:40:44 INFO src.train: epoch 145/166  train_loss=0.5516  val_auc=0.8614  lr=0.000043
2026-08-18 17:40:56 train.py: epoch 146/166  train_loss=0.5487  val_auc=0.8615  lr=0.000039
2026-08-18 17:41:09 INFO src.train: epoch 147/166  train_loss=0.5459  val_auc=0.8617  lr=0.000035
2026-08-18 17:41:23 INFO src.train: epoch 148/166  train_loss=0.5432  val_auc=0.8618  lr=0.000032
2026-08-18 17:41:38 INFO src.train: epoch 149/166  train_loss=0.5404  val_auc=0.8619  lr=0.000029
2026-08-18 17:41:49 INFO src.train: epoch 150/166  train_loss=0.5377  val_auc=0.8621  lr=0.000026
2026-08-18 17:42:01 train.py: epoch 151/166  train_loss=0.5350  val_auc=0.8622  lr=0.000023
2026-08-18 17:42:14 INFO src.train: epoch 152/166  train_loss=0.5324  val_auc=0.8624  lr=0.000020
2026-08-18 17:42:28 INFO src.train: epoch 153/166  train_loss=0.5298  val_auc=0.8625  lr=0.000017
2026-08-18 17:42:43 INFO src.train: epoch 154/166  train_loss=0.5273  val_auc=0.8626  lr=0.000015
2026-08-18 17:42:54 INFO src.train: epoch 155/166  train_loss=0.5248  val_auc=0.8627  lr=0.000013
2026-08-18 17:43:06 train.py: epoch 156/166  train_loss=0.5223  val_auc=0.8628  lr=0.000011
2026-08-18 17:43:19 INFO src.train: epoch 157/166  train_loss=0.5198  val_auc=0.8630  lr=0.000009
2026-08-18 17:43:33 INFO src.train: epoch 158/166  train_loss=0.5174  val_auc=0.8631  lr=0.000007
2026-08-18 17:43:48 INFO src.train: epoch 159/166  train_loss=0.5151  val_auc=0.8632  lr=0.000006
2026-08-18 17:43:59 INFO src.train: epoch 160/166  train_loss=0.5127  val_auc=0.8633  lr=0.000004
2026-08-18 17:44:11 train.py: epoch 161/166  train_loss=0.5104  val_auc=0.8634  lr=0.000003
2026-08-18 17:44:24 INFO src.train: epoch 162/166  train_loss=0.5081  val_auc=0.8635  lr=0.000002
2026-08-18 17:44:38 INFO src.train: epoch 163/166  train_loss=0.5059  val_auc=0.8636  lr=0.000001
2026-08-18 17:44:53 INFO src.train: epoch 164/166  train_loss=0.5037  val_auc=0.8637  lr=0.000001
2026-08-18 17:45:04 INFO src.train: epoch 165/166  train_loss=0.5015  val_auc=0.8638  lr=0.000000
2026-08-18 17:45:16 train.py: epoch 166/166  train_loss=0.4994  val_auc=0.8638  lr=0.000000
2026-08-18 17:45:16 INFO src.train: patience=20; continuing for loss monitoring, will restore epoch 144
