2026-08-15 13:55:11 INFO src.train: TabNet n_d=24 steps=5
2026-08-15 13:55:11 INFO src.train: seed=2  batch=256  smote=1:3  device=cuda:0 (RTX 3090)
2026-08-15 13:55:11 INFO src.train: Trainable 23,229 | frozen_backbone_est 0 | total_est 23,229
2026-08-15 13:55:11 WARNING src.train: SMOTE fitted on train partition only
2026-08-15 13:55:33 train.py: epoch 001/155  train_loss=1.5868  val_loss=1.6991  val_auc=0.5635  lr=0.012000  grad=2.440  mem=2126MiB
2026-08-15 13:55:48 INFO src.train: epoch 002/155  train_loss=1.5556  val_loss=1.6848  val_auc=0.5744  lr=0.011999  grad=2.384  mem=2102MiB
2026-08-15 13:56:04 INFO src.train: epoch 003/155  train_loss=1.5040  val_loss=1.6671  val_auc=0.5877  lr=0.011995  grad=2.262  mem=2144MiB
2026-08-15 13:56:21 INFO src.train: epoch 004/155  train_loss=1.4756  val_loss=1.6684  val_auc=0.6021  lr=0.011989  grad=2.165  mem=2173MiB
2026-08-15 13:56:34 INFO src.train: epoch 005/155  train_loss=1.4399  val_loss=1.6730  val_auc=0.5952  lr=0.011980  grad=2.139  mem=2155MiB
2026-08-15 13:56:48 train.py: epoch 006/155  train_loss=1.4325  val_loss=1.6386  val_auc=0.6020  lr=0.011969  grad=2.196  mem=2166MiB
2026-08-15 13:57:03 INFO src.train: epoch 007/155  train_loss=1.4137  val_loss=1.6291  val_auc=0.6069  lr=0.011956  grad=2.112  mem=2167MiB
2026-08-15 13:57:03 WARNING src.train: BatchNorm: more than 20% of batch in one class
2026-08-15 13:57:19 INFO src.train: epoch 008/155  train_loss=1.4099  val_loss=1.6347  val_auc=0.6089  lr=0.011940  grad=1.973  mem=2129MiB
2026-08-15 13:57:36 INFO src.train: epoch 009/155  train_loss=1.3676  val_loss=1.6173  val_auc=0.6268  lr=0.011921  grad=1.994  mem=2097MiB
2026-08-15 13:57:49 INFO src.train: epoch 010/155  train_loss=1.3421  val_loss=1.5728  val_auc=0.6271  lr=0.011900  grad=1.981  mem=2118MiB
2026-08-15 13:58:03 train.py: epoch 011/155  train_loss=1.3278  val_loss=1.5423  val_auc=0.6173  lr=0.011877  grad=1.982  mem=2106MiB
2026-08-15 13:58:18 INFO src.train: epoch 012/155  train_loss=1.2948  val_loss=1.5147  val_auc=0.6378  lr=0.011851  grad=2.237  mem=2169MiB
2026-08-15 13:58:34 INFO src.train: epoch 013/155  train_loss=1.2755  val_loss=1.5093  val_auc=0.6440  lr=0.011823  grad=2.040  mem=2092MiB
2026-08-15 13:58:51 INFO src.train: epoch 014/155  train_loss=1.2726  val_loss=1.5201  val_auc=0.6444  lr=0.011793  grad=2.113  mem=2144MiB
2026-08-15 13:59:04 INFO src.train: epoch 015/155  train_loss=1.2411  val_loss=1.5214  val_auc=0.6519  lr=0.011760  grad=2.021  mem=2153MiB
2026-08-15 13:59:18 train.py: epoch 016/155  train_loss=1.2279  val_loss=1.5019  val_auc=0.6609  lr=0.011725  grad=2.044  mem=2146MiB
2026-08-15 13:59:33 INFO src.train: epoch 017/155  train_loss=1.2066  val_loss=1.4325  val_auc=0.6580  lr=0.011687  grad=1.829  mem=2129MiB
2026-08-15 13:59:49 INFO src.train: epoch 018/155  train_loss=1.1926  val_loss=1.4223  val_auc=0.6662  lr=0.011647  grad=1.960  mem=2090MiB
2026-08-15 14:00:06 INFO src.train: epoch 019/155  train_loss=1.1609  val_loss=1.4229  val_auc=0.6695  lr=0.011605  grad=1.852  mem=2093MiB
2026-08-15 14:00:19 INFO src.train: epoch 020/155  train_loss=1.1359  val_loss=1.3968  val_auc=0.6748  lr=0.011561  grad=1.905  mem=2144MiB
2026-08-15 14:00:33 train.py: epoch 021/155  train_loss=1.1402  val_loss=1.3785  val_auc=0.6806  lr=0.011514  grad=1.918  mem=2133MiB
2026-08-15 14:00:48 INFO src.train: epoch 022/155  train_loss=1.1162  val_loss=1.3835  val_auc=0.6731  lr=0.011465  grad=1.891  mem=2076MiB
2026-08-15 14:01:04 INFO src.train: epoch 023/155  train_loss=1.1268  val_loss=1.3700  val_auc=0.6837  lr=0.011413  grad=1.879  mem=2174MiB
2026-08-15 14:01:21 INFO src.train: epoch 024/155  train_loss=1.1041  val_loss=1.3773  val_auc=0.6920  lr=0.011360  grad=1.704  mem=2080MiB
2026-08-15 14:01:34 INFO src.train: epoch 025/155  train_loss=1.0746  val_loss=1.3627  val_auc=0.6967  lr=0.011304  grad=1.659  mem=2073MiB
2026-08-15 14:01:48 train.py: epoch 026/155  train_loss=1.0412  val_loss=1.3514  val_auc=0.6904  lr=0.011246  grad=1.774  mem=2101MiB
2026-08-15 14:02:03 INFO src.train: epoch 027/155  train_loss=1.0161  val_loss=1.3224  val_auc=0.6957  lr=0.011186  grad=1.686  mem=2075MiB
2026-08-15 14:02:19 INFO src.train: epoch 028/155  train_loss=1.0071  val_loss=1.3198  val_auc=0.7065  lr=0.011124  grad=1.709  mem=2084MiB
2026-08-15 14:02:36 INFO src.train: epoch 029/155  train_loss=0.9940  val_loss=1.2974  val_auc=0.7054  lr=0.011059  grad=1.769  mem=2130MiB
2026-08-15 14:02:49 INFO src.train: epoch 030/155  train_loss=0.9870  val_loss=1.3108  val_auc=0.7068  lr=0.010993  grad=1.615  mem=2179MiB
2026-08-15 14:03:03 train.py: epoch 031/155  train_loss=0.9854  val_loss=1.3169  val_auc=0.7081  lr=0.010925  grad=1.727  mem=2148MiB
2026-08-15 14:03:18 INFO src.train: epoch 032/155  train_loss=0.9396  val_loss=1.3128  val_auc=0.7129  lr=0.010854  grad=1.693  mem=2076MiB
2026-08-15 14:03:34 INFO src.train: epoch 033/155  train_loss=0.9660  val_loss=1.2605  val_auc=0.7129  lr=0.010782  grad=1.707  mem=2095MiB
2026-08-15 14:03:51 INFO src.train: epoch 034/155  train_loss=0.9674  val_loss=1.2284  val_auc=0.7143  lr=0.010707  grad=1.349  mem=2173MiB
2026-08-15 14:04:04 INFO src.train: epoch 035/155  train_loss=0.9716  val_loss=1.2210  val_auc=0.7263  lr=0.010631  grad=1.553  mem=2179MiB
2026-08-15 14:04:18 train.py: epoch 036/155  train_loss=0.9544  val_loss=1.2441  val_auc=0.7245  lr=0.010553  grad=1.540  mem=2114MiB
2026-08-15 14:04:33 INFO src.train: epoch 037/155  train_loss=0.9284  val_loss=1.2302  val_auc=0.7264  lr=0.010472  grad=1.532  mem=2068MiB
2026-08-15 14:04:49 INFO src.train: epoch 038/155  train_loss=0.9022  val_loss=1.1964  val_auc=0.7352  lr=0.010390  grad=1.543  mem=2114MiB
2026-08-15 14:05:06 INFO src.train: epoch 039/155  train_loss=0.9126  val_loss=1.1682  val_auc=0.7350  lr=0.010307  grad=1.424  mem=2072MiB
2026-08-15 14:05:19 INFO src.train: epoch 040/155  train_loss=0.9227  val_loss=1.1556  val_auc=0.7328  lr=0.010221  grad=1.436  mem=2120MiB
2026-08-15 14:05:33 train.py: epoch 041/155  train_loss=0.9175  val_loss=1.1178  val_auc=0.7432  lr=0.010134  grad=1.318  mem=2179MiB
2026-08-15 14:05:48 INFO src.train: epoch 042/155  train_loss=0.8967  val_loss=1.1154  val_auc=0.7392  lr=0.010045  grad=1.473  mem=2061MiB
2026-08-15 14:06:04 INFO src.train: epoch 043/155  train_loss=0.8730  val_loss=1.1076  val_auc=0.7501  lr=0.009954  grad=1.348  mem=2163MiB
2026-08-15 14:06:21 INFO src.train: epoch 044/155  train_loss=0.8619  val_loss=1.0805  val_auc=0.7399  lr=0.009862  grad=1.270  mem=2060MiB
2026-08-15 14:06:34 INFO src.train: epoch 045/155  train_loss=0.8675  val_loss=1.0479  val_auc=0.7524  lr=0.009768  grad=1.356  mem=2119MiB
2026-08-15 14:06:48 train.py: epoch 046/155  train_loss=0.8469  val_loss=1.0365  val_auc=0.7570  lr=0.009673  grad=1.372  mem=2080MiB
2026-08-15 14:07:03 INFO src.train: epoch 047/155  train_loss=0.8389  val_loss=1.0234  val_auc=0.7509  lr=0.009576  grad=1.276  mem=2092MiB
2026-08-15 14:07:03 WARNING src.train: BatchNorm: more than 20% of batch in one class
2026-08-15 14:07:19 INFO src.train: epoch 048/155  train_loss=0.8261  val_loss=1.0306  val_auc=0.7538  lr=0.009477  grad=1.313  mem=2078MiB
2026-08-15 14:07:36 INFO src.train: epoch 049/155  train_loss=0.8035  val_loss=1.0163  val_auc=0.7652  lr=0.009378  grad=1.215  mem=2176MiB
2026-08-15 14:07:49 INFO src.train: epoch 050/155  train_loss=0.7690  val_loss=1.0042  val_auc=0.7575  lr=0.009276  grad=1.262  mem=2120MiB
2026-08-15 14:08:03 train.py: epoch 051/155  train_loss=0.7668  val_loss=0.9897  val_auc=0.7605  lr=0.009174  grad=1.157  mem=2116MiB
2026-08-15 14:08:18 INFO src.train: epoch 052/155  train_loss=0.7276  val_loss=0.9924  val_auc=0.7694  lr=0.009070  grad=1.349  mem=2162MiB
2026-08-15 14:08:34 INFO src.train: epoch 053/155  train_loss=0.7087  val_loss=0.9469  val_auc=0.7742  lr=0.008965  grad=1.292  mem=2069MiB
2026-08-15 14:08:51 INFO src.train: epoch 054/155  train_loss=0.7220  val_loss=0.9318  val_auc=0.7724  lr=0.008858  grad=1.144  mem=2065MiB
2026-08-15 14:09:04 INFO src.train: epoch 055/155  train_loss=0.7131  val_loss=0.9070  val_auc=0.7660  lr=0.008751  grad=1.201  mem=2150MiB
2026-08-15 14:09:18 train.py: epoch 056/155  train_loss=0.6973  val_loss=0.9082  val_auc=0.7705  lr=0.008642  grad=1.244  mem=2074MiB
2026-08-15 14:09:33 INFO src.train: epoch 057/155  train_loss=0.6941  val_loss=0.9118  val_auc=0.7734  lr=0.008533  grad=1.212  mem=2074MiB
2026-08-15 14:09:49 INFO src.train: epoch 058/155  train_loss=0.7024  val_loss=0.8938  val_auc=0.7737  lr=0.008422  grad=1.153  mem=2157MiB
2026-08-15 14:10:06 INFO src.train: epoch 059/155  train_loss=0.7064  val_loss=0.8953  val_auc=0.7791  lr=0.008310  grad=1.218  mem=2101MiB
2026-08-15 14:10:19 INFO src.train: epoch 060/155  train_loss=0.6873  val_loss=0.8860  val_auc=0.7784  lr=0.008197  grad=1.088  mem=2176MiB
2026-08-15 14:10:33 train.py: epoch 061/155  train_loss=0.6685  val_loss=0.8599  val_auc=0.7798  lr=0.008084  grad=0.984  mem=2067MiB
2026-08-15 14:10:48 INFO src.train: epoch 062/155  train_loss=0.6606  val_loss=0.8422  val_auc=0.7843  lr=0.007969  grad=0.958  mem=2084MiB
2026-08-15 14:11:04 INFO src.train: epoch 063/155  train_loss=0.6171  val_loss=0.8433  val_auc=0.7813  lr=0.007854  grad=1.353  mem=2123MiB
2026-08-15 14:11:21 INFO src.train: epoch 064/155  train_loss=0.6039  val_loss=0.8357  val_auc=0.7818  lr=0.007738  grad=0.984  mem=2060MiB
2026-08-15 14:11:34 INFO src.train: epoch 065/155  train_loss=0.5981  val_loss=0.8291  val_auc=0.7915  lr=0.007621  grad=0.945  mem=2138MiB
2026-08-15 14:11:48 train.py: epoch 066/155  train_loss=0.5938  val_loss=0.7925  val_auc=0.7883  lr=0.007504  grad=1.145  mem=2070MiB
2026-08-15 14:12:03 INFO src.train: epoch 067/155  train_loss=0.5807  val_loss=0.7721  val_auc=0.7887  lr=0.007386  grad=1.140  mem=2105MiB
2026-08-15 14:12:19 INFO src.train: epoch 068/155  train_loss=0.5372  val_loss=0.7795  val_auc=0.7894  lr=0.007267  grad=1.019  mem=2139MiB
2026-08-15 14:12:36 INFO src.train: epoch 069/155  train_loss=0.5167  val_loss=0.7799  val_auc=0.7886  lr=0.007148  grad=0.872  mem=2096MiB
2026-08-15 14:12:49 INFO src.train: epoch 070/155  train_loss=0.5177  val_loss=0.7649  val_auc=0.7935  lr=0.007029  grad=0.926  mem=2086MiB
2026-08-15 14:13:03 train.py: epoch 071/155  train_loss=0.5135  val_loss=0.7521  val_auc=0.7914  lr=0.006909  grad=0.975  mem=2077MiB
2026-08-15 14:13:18 INFO src.train: epoch 072/155  train_loss=0.5106  val_loss=0.7678  val_auc=0.7943  lr=0.006788  grad=1.066  mem=2136MiB
2026-08-15 14:13:34 INFO src.train: epoch 073/155  train_loss=0.5046  val_loss=0.7872  val_auc=0.7916  lr=0.006667  grad=0.879  mem=2107MiB
2026-08-15 14:13:51 INFO src.train: epoch 074/155  train_loss=0.4919  val_loss=0.7549  val_auc=0.7945  lr=0.006546  grad=0.901  mem=2105MiB
2026-08-15 14:14:04 INFO src.train: epoch 075/155  train_loss=0.4932  val_loss=0.7507  val_auc=0.7979  lr=0.006425  grad=0.979  mem=2099MiB
2026-08-15 14:14:18 train.py: epoch 076/155  train_loss=0.4835  val_loss=0.7650  val_auc=0.7947  lr=0.006304  grad=0.794  mem=2082MiB
2026-08-15 14:14:33 INFO src.train: epoch 077/155  train_loss=0.4894  val_loss=0.7750  val_auc=0.8066  lr=0.006182  grad=0.952  mem=2138MiB
2026-08-15 14:14:49 INFO src.train: epoch 078/155  train_loss=0.4815  val_loss=0.7182  val_auc=0.8030  lr=0.006061  grad=0.872  mem=2145MiB
2026-08-15 14:15:06 INFO src.train: epoch 079/155  train_loss=0.4799  val_loss=0.7415  val_auc=0.8010  lr=0.005939  grad=0.899  mem=2165MiB
2026-08-15 14:15:19 INFO src.train: epoch 080/155  train_loss=0.4611  val_loss=0.7347  val_auc=0.8058  lr=0.005818  grad=0.710  mem=2104MiB
2026-08-15 14:15:33 train.py: epoch 081/155  train_loss=0.4472  val_loss=0.7394  val_auc=0.8092  lr=0.005696  grad=0.820  mem=2084MiB
2026-08-15 14:15:48 INFO src.train: epoch 082/155  train_loss=0.4631  val_loss=0.7147  val_auc=0.8053  lr=0.005575  grad=0.882  mem=2149MiB
2026-08-15 14:16:04 INFO src.train: epoch 083/155  train_loss=0.4573  val_loss=0.6908  val_auc=0.8054  lr=0.005454  grad=0.719  mem=2141MiB
2026-08-15 14:16:21 INFO src.train: epoch 084/155  train_loss=0.4696  val_loss=0.6886  val_auc=0.8059  lr=0.005333  grad=0.963  mem=2109MiB
2026-08-15 14:16:34 INFO src.train: epoch 085/155  train_loss=0.4948  val_loss=0.6755  val_auc=0.8094  lr=0.005212  grad=0.887  mem=2120MiB
2026-08-15 14:16:48 train.py: epoch 086/155  train_loss=0.4905  val_loss=0.6465  val_auc=0.8107  lr=0.005091  grad=0.820  mem=2080MiB
2026-08-15 14:17:03 INFO src.train: epoch 087/155  train_loss=0.4900  val_loss=0.6302  val_auc=0.8107  lr=0.004971  grad=0.776  mem=2123MiB
2026-08-15 14:17:03 WARNING src.train: BatchNorm: more than 20% of batch in one class
2026-08-15 14:17:19 INFO src.train: epoch 088/155  train_loss=0.5079  val_loss=0.6488  val_auc=0.8079  lr=0.004852  grad=0.845  mem=2176MiB
2026-08-15 14:17:36 INFO src.train: epoch 089/155  train_loss=0.4870  val_loss=0.6435  val_auc=0.8113  lr=0.004733  grad=0.794  mem=2088MiB
2026-08-15 14:17:49 INFO src.train: epoch 090/155  train_loss=0.4788  val_loss=0.6056  val_auc=0.8067  lr=0.004614  grad=0.668  mem=2129MiB
2026-08-15 14:18:03 train.py: epoch 091/155  train_loss=0.4582  val_loss=0.6105  val_auc=0.8199  lr=0.004496  grad=0.768  mem=2085MiB
2026-08-15 14:18:18 INFO src.train: epoch 092/155  train_loss=0.4487  val_loss=0.5888  val_auc=0.8098  lr=0.004379  grad=0.560  mem=2082MiB
2026-08-15 14:18:34 INFO src.train: epoch 093/155  train_loss=0.4444  val_loss=0.5766  val_auc=0.8183  lr=0.004262  grad=0.659  mem=2086MiB
2026-08-15 14:18:51 INFO src.train: epoch 094/155  train_loss=0.4404  val_loss=0.5364  val_auc=0.8195  lr=0.004146  grad=0.813  mem=2167MiB
2026-08-15 14:19:04 INFO src.train: epoch 095/155  train_loss=0.4537  val_loss=0.5258  val_auc=0.8137  lr=0.004031  grad=0.651  mem=2105MiB
2026-08-15 14:19:18 train.py: epoch 096/155  train_loss=0.4563  val_loss=0.5220  val_auc=0.8162  lr=0.003916  grad=0.949  mem=2133MiB
2026-08-15 14:19:33 INFO src.train: epoch 097/155  train_loss=0.4385  val_loss=0.4932  val_auc=0.8213  lr=0.003803  grad=0.643  mem=2149MiB
2026-08-15 14:19:49 INFO src.train: epoch 098/155  train_loss=0.3908  val_loss=0.4732  val_auc=0.8205  lr=0.003690  grad=0.731  mem=2162MiB
2026-08-15 14:20:06 INFO src.train: epoch 099/155  train_loss=0.3852  val_loss=0.4904  val_auc=0.8242  lr=0.003578  grad=0.727  mem=2143MiB
2026-08-15 14:20:19 INFO src.train: epoch 100/155  train_loss=0.3860  val_loss=0.4751  val_auc=0.8151  lr=0.003467  grad=0.766  mem=2083MiB
2026-08-15 14:20:33 train.py: epoch 101/155  train_loss=0.3772  val_loss=0.4582  val_auc=0.8126  lr=0.003358  grad=0.687  mem=2115MiB
2026-08-15 14:20:48 INFO src.train: epoch 102/155  train_loss=0.3802  val_loss=0.4542  val_auc=0.8172  lr=0.003249  grad=0.740  mem=2173MiB
2026-08-15 14:21:04 INFO src.train: epoch 103/155  train_loss=0.3846  val_loss=0.4322  val_auc=0.8192  lr=0.003142  grad=0.632  mem=2128MiB
2026-08-15 14:21:21 INFO src.train: epoch 104/155  train_loss=0.3663  val_loss=0.3998  val_auc=0.8299  lr=0.003035  grad=0.634  mem=2140MiB
2026-08-15 14:21:34 INFO src.train: epoch 105/155  train_loss=0.3611  val_loss=0.4145  val_auc=0.8261  lr=0.002930  grad=0.610  mem=2072MiB
2026-08-15 14:21:48 train.py: epoch 106/155  train_loss=0.3532  val_loss=0.4109  val_auc=0.8252  lr=0.002826  grad=0.623  mem=2065MiB
2026-08-15 14:22:03 INFO src.train: epoch 107/155  train_loss=0.3475  val_loss=0.4218  val_auc=0.8134  lr=0.002724  grad=0.629  mem=2179MiB
2026-08-15 14:22:19 INFO src.train: epoch 108/155  train_loss=0.3351  val_loss=0.4320  val_auc=0.8228  lr=0.002622  grad=0.710  mem=2093MiB
2026-08-15 14:22:36 INFO src.train: epoch 109/155  train_loss=0.3158  val_loss=0.4033  val_auc=0.8249  lr=0.002523  grad=0.508  mem=2149MiB
2026-08-15 14:22:49 INFO src.train: epoch 110/155  train_loss=0.3112  val_loss=0.3754  val_auc=0.8270  lr=0.002424  grad=0.684  mem=2178MiB
2026-08-15 14:23:03 train.py: epoch 111/155  train_loss=0.3069  val_loss=0.3847  val_auc=0.8310  lr=0.002327  grad=0.723  mem=2138MiB
2026-08-15 14:23:18 INFO src.train: epoch 112/155  train_loss=0.3048  val_loss=0.3840  val_auc=0.8287  lr=0.002232  grad=0.648  mem=2070MiB
2026-08-15 14:23:34 INFO src.train: epoch 113/155  train_loss=0.2928  val_loss=0.3645  val_auc=0.8276  lr=0.002138  grad=0.571  mem=2115MiB
2026-08-15 14:23:51 INFO src.train: epoch 114/155  train_loss=0.2864  val_loss=0.3600  val_auc=0.8277  lr=0.002046  grad=0.560  mem=2164MiB
2026-08-15 14:24:04 INFO src.train: epoch 115/155  train_loss=0.3073  val_loss=0.3600  val_auc=0.8232  lr=0.001955  grad=0.724  mem=2149MiB
2026-08-15 14:24:18 train.py: epoch 116/155  train_loss=0.2956  val_loss=0.3600  val_auc=0.8313  lr=0.001866  grad=0.654  mem=2137MiB
2026-08-15 14:24:33 INFO src.train: epoch 117/155  train_loss=0.3046  val_loss=0.3862  val_auc=0.8225  lr=0.001779  grad=0.651  mem=2064MiB
2026-08-15 14:24:49 INFO src.train: epoch 118/155  train_loss=0.3002  val_loss=0.3797  val_auc=0.8283  lr=0.001693  grad=0.316  mem=2146MiB
2026-08-15 14:25:06 INFO src.train: epoch 119/155  train_loss=0.2991  val_loss=0.3701  val_auc=0.8289  lr=0.001610  grad=0.505  mem=2108MiB
2026-08-15 14:25:19 INFO src.train: epoch 120/155  train_loss=0.2994  val_loss=0.3803  val_auc=0.8347  lr=0.001528  grad=0.587  mem=2143MiB
2026-08-15 14:25:33 train.py: epoch 121/155  train_loss=0.2884  val_loss=0.3747  val_auc=0.8305  lr=0.001447  grad=0.525  mem=2132MiB
2026-08-15 14:25:48 INFO src.train: epoch 122/155  train_loss=0.2769  val_loss=0.3790  val_auc=0.8368  lr=0.001369  grad=0.581  mem=2089MiB
2026-08-15 14:26:04 INFO src.train: epoch 123/155  train_loss=0.2777  val_loss=0.3864  val_auc=0.8294  lr=0.001293  grad=0.568  mem=2141MiB
2026-08-15 14:26:21 INFO src.train: epoch 124/155  train_loss=0.2648  val_loss=0.3672  val_auc=0.8265  lr=0.001218  grad=0.532  mem=2115MiB
2026-08-15 14:26:34 INFO src.train: epoch 125/155  train_loss=0.2600  val_loss=0.3709  val_auc=0.8287  lr=0.001146  grad=0.468  mem=2069MiB
2026-08-15 14:26:48 train.py: epoch 126/155  train_loss=0.2600  val_loss=0.3629  val_auc=0.8326  lr=0.001075  grad=0.564  mem=2140MiB
2026-08-15 14:27:03 INFO src.train: epoch 127/155  train_loss=0.2600  val_loss=0.3600  val_auc=0.8322  lr=0.001007  grad=0.636  mem=2095MiB
2026-08-15 14:27:03 WARNING src.train: BatchNorm: more than 20% of batch in one class
2026-08-15 14:27:19 INFO src.train: epoch 128/155  train_loss=0.2600  val_loss=0.3600  val_auc=0.8327  lr=0.000941  grad=0.342  mem=2152MiB
2026-08-15 14:27:36 INFO src.train: epoch 129/155  train_loss=0.2600  val_loss=0.3824  val_auc=0.8332  lr=0.000876  grad=0.390  mem=2168MiB
2026-08-15 14:27:49 INFO src.train: epoch 130/155  train_loss=0.2752  val_loss=0.4000  val_auc=0.8306  lr=0.000814  grad=0.651  mem=2129MiB
2026-08-15 14:28:03 train.py: epoch 131/155  train_loss=0.2700  val_loss=0.4061  val_auc=0.8387  lr=0.000754  grad=0.558  mem=2145MiB
2026-08-15 14:28:18 INFO src.train: epoch 132/155  train_loss=0.2743  val_loss=0.4416  val_auc=0.8401  lr=0.000696  grad=0.547  mem=2128MiB
2026-08-15 14:28:18 INFO src.train: new best val_auc=0.8340 -> checkpoints/.../best.pt
2026-08-15 14:28:34 INFO src.train: epoch 133/155  train_loss=0.2868  val_loss=0.4539  val_auc=0.8318  lr=0.000640  grad=0.406  mem=2085MiB
2026-08-15 14:28:51 INFO src.train: epoch 134/155  train_loss=0.2819  val_loss=0.4353  val_auc=0.8368  lr=0.000587  grad=0.570  mem=2134MiB
2026-08-15 14:29:04 INFO src.train: epoch 135/155  train_loss=0.2719  val_loss=0.4433  val_auc=0.8311  lr=0.000535  grad=0.530  mem=2131MiB
2026-08-15 14:29:18 train.py: epoch 136/155  train_loss=0.2600  val_loss=0.4319  val_auc=0.8364  lr=0.000486  grad=0.458  mem=2169MiB
2026-08-15 14:29:33 INFO src.train: epoch 137/155  train_loss=0.2600  val_loss=0.4504  val_auc=0.8313  lr=0.000439  grad=0.461  mem=2159MiB
2026-08-15 14:29:49 INFO src.train: epoch 138/155  train_loss=0.2605  val_loss=0.4250  val_auc=0.8281  lr=0.000395  grad=0.484  mem=2140MiB
2026-08-15 14:30:06 INFO src.train: epoch 139/155  train_loss=0.2600  val_loss=0.4220  val_auc=0.8312  lr=0.000353  grad=0.646  mem=2125MiB
2026-08-15 14:30:19 INFO src.train: epoch 140/155  train_loss=0.2674  val_loss=0.4015  val_auc=0.8351  lr=0.000313  grad=0.449  mem=2110MiB
2026-08-15 14:30:33 train.py: epoch 141/155  train_loss=0.2684  val_loss=0.3759  val_auc=0.8300  lr=0.000275  grad=0.258  mem=2134MiB
2026-08-15 14:30:48 INFO src.train: epoch 142/155  train_loss=0.2600  val_loss=0.3935  val_auc=0.8311  lr=0.000240  grad=0.295  mem=2080MiB
2026-08-15 14:31:04 INFO src.train: epoch 143/155  train_loss=0.2630  val_loss=0.3864  val_auc=0.8355  lr=0.000207  grad=0.412  mem=2150MiB
2026-08-15 14:31:21 INFO src.train: epoch 144/155  train_loss=0.2626  val_loss=0.3724  val_auc=0.8318  lr=0.000177  grad=0.337  mem=2090MiB
2026-08-15 14:31:34 INFO src.train: epoch 145/155  train_loss=0.2616  val_loss=0.3612  val_auc=0.8328  lr=0.000149  grad=0.565  mem=2088MiB
2026-08-15 14:31:48 train.py: epoch 146/155  train_loss=0.2600  val_loss=0.3600  val_auc=0.8286  lr=0.000123  grad=0.388  mem=2062MiB
2026-08-15 14:32:03 INFO src.train: epoch 147/155  train_loss=0.2708  val_loss=0.3751  val_auc=0.8302  lr=0.000100  grad=0.347  mem=2074MiB
2026-08-15 14:32:19 INFO src.train: epoch 148/155  train_loss=0.2730  val_loss=0.3600  val_auc=0.8287  lr=0.000079  grad=0.375  mem=2101MiB
2026-08-15 14:32:36 INFO src.train: epoch 149/155  train_loss=0.2600  val_loss=0.3600  val_auc=0.8341  lr=0.000060  grad=0.550  mem=2175MiB
2026-08-15 14:32:49 INFO src.train: epoch 150/155  train_loss=0.2600  val_loss=0.3600  val_auc=0.8354  lr=0.000044  grad=0.344  mem=2160MiB
2026-08-15 14:33:03 train.py: epoch 151/155  train_loss=0.2600  val_loss=0.3643  val_auc=0.8295  lr=0.000031  grad=0.262  mem=2168MiB
2026-08-15 14:33:18 INFO src.train: epoch 152/155  train_loss=0.2600  val_loss=0.3826  val_auc=0.8314  lr=0.000020  grad=0.443  mem=2071MiB
2026-08-15 14:33:34 INFO src.train: epoch 153/155  train_loss=0.2600  val_loss=0.3783  val_auc=0.8344  lr=0.000011  grad=0.481  mem=2130MiB
2026-08-15 14:33:51 INFO src.train: epoch 154/155  train_loss=0.2600  val_loss=0.3600  val_auc=0.8335  lr=0.000005  grad=0.290  mem=2162MiB
2026-08-15 14:34:04 INFO src.train: epoch 155/155  train_loss=0.2600  val_loss=0.3633  val_auc=0.8306  lr=0.000001  grad=0.271  mem=2133MiB
2026-08-15 14:34:04 INFO src.train: patience=20; continuing for loss monitoring, will restore epoch 132
