2026-08-22 08:04:23 INFO src.train: ASAE full (type-consistent input)
2026-08-22 08:04:23 INFO src.train: seed=0  batch=256  smotenc=1:3 cat=[MOSTYPE,MOSHOOFD]  device=cuda:0 (RTX 3090)
2026-08-22 08:04:23 INFO src.train: features=x_mixed.npz d_in=133 (83 numeric + 40 + 10 one-hot)
2026-08-22 08:04:23 INFO src.train: Trainable 60,647 | frozen_backbone_est 0 | total_est 60,647
2026-08-22 08:04:23 WARNING src.train: SMOTENC fitted on train partition only
2026-08-22 08:04:45 train.py: epoch 001/158  train_loss=1.6501  val_loss=1.7381  val_auc=0.5657  lr=0.001000  grad=2.328  mem=1673MiB
2026-08-22 08:04:59 INFO src.train: epoch 002/158  train_loss=1.6578  val_loss=1.7239  val_auc=0.5761  lr=0.001000  grad=2.254  mem=1744MiB
2026-08-22 08:05:14 INFO src.train: epoch 003/158  train_loss=1.6430  val_loss=1.7550  val_auc=0.5813  lr=0.001000  grad=2.445  mem=1656MiB
2026-08-22 08:05:30 INFO src.train: epoch 004/158  train_loss=1.6429  val_loss=1.7387  val_auc=0.5848  lr=0.000999  grad=2.191  mem=1648MiB
2026-08-22 08:05:42 INFO src.train: epoch 005/158  train_loss=1.6292  val_loss=1.6993  val_auc=0.5977  lr=0.000998  grad=2.277  mem=1666MiB
2026-08-22 08:05:55 train.py: epoch 006/158  train_loss=1.6048  val_loss=1.7042  val_auc=0.6071  lr=0.000998  grad=2.282  mem=1663MiB
2026-08-22 08:06:09 INFO src.train: epoch 007/158  train_loss=1.5682  val_loss=1.6718  val_auc=0.6074  lr=0.000996  grad=2.366  mem=1720MiB
2026-08-22 08:06:24 INFO src.train: epoch 008/158  train_loss=1.5614  val_loss=1.6974  val_auc=0.6109  lr=0.000995  grad=2.212  mem=1700MiB
2026-08-22 08:06:40 INFO src.train: epoch 009/158  train_loss=1.5411  val_loss=1.7202  val_auc=0.6204  lr=0.000994  grad=2.187  mem=1749MiB
2026-08-22 08:06:40 WARNING src.train: BatchNorm: more than 20% of batch in one class
2026-08-22 08:06:52 INFO src.train: epoch 010/158  train_loss=1.5081  val_loss=1.7019  val_auc=0.6285  lr=0.000992  grad=2.188  mem=1636MiB
2026-08-22 08:07:05 train.py: epoch 011/158  train_loss=1.4909  val_loss=1.6720  val_auc=0.6326  lr=0.000990  grad=2.161  mem=1641MiB
2026-08-22 08:07:19 INFO src.train: epoch 012/158  train_loss=1.4628  val_loss=1.6670  val_auc=0.6325  lr=0.000988  grad=2.008  mem=1670MiB
2026-08-22 08:07:34 INFO src.train: epoch 013/158  train_loss=1.4501  val_loss=1.7035  val_auc=0.6429  lr=0.000986  grad=1.914  mem=1742MiB
2026-08-22 08:07:50 INFO src.train: epoch 014/158  train_loss=1.4257  val_loss=1.7132  val_auc=0.6469  lr=0.000983  grad=2.048  mem=1641MiB
2026-08-22 08:08:02 INFO src.train: epoch 015/158  train_loss=1.3992  val_loss=1.6982  val_auc=0.6578  lr=0.000981  grad=1.937  mem=1659MiB
2026-08-22 08:08:15 train.py: epoch 016/158  train_loss=1.3618  val_loss=1.6700  val_auc=0.6519  lr=0.000978  grad=1.949  mem=1670MiB
2026-08-22 08:08:29 INFO src.train: epoch 017/158  train_loss=1.3358  val_loss=1.6677  val_auc=0.6649  lr=0.000975  grad=2.003  mem=1713MiB
2026-08-22 08:08:44 INFO src.train: epoch 018/158  train_loss=1.3253  val_loss=1.6659  val_auc=0.6683  lr=0.000972  grad=1.964  mem=1708MiB
2026-08-22 08:09:00 INFO src.train: epoch 019/158  train_loss=1.3084  val_loss=1.6499  val_auc=0.6798  lr=0.000968  grad=1.857  mem=1633MiB
2026-08-22 08:09:12 INFO src.train: epoch 020/158  train_loss=1.2799  val_loss=1.6087  val_auc=0.6809  lr=0.000965  grad=1.823  mem=1655MiB
2026-08-22 08:09:25 train.py: epoch 021/158  train_loss=1.2523  val_loss=1.5930  val_auc=0.6871  lr=0.000961  grad=1.869  mem=1665MiB
2026-08-22 08:09:39 INFO src.train: epoch 022/158  train_loss=1.2048  val_loss=1.5828  val_auc=0.6871  lr=0.000957  grad=1.829  mem=1636MiB
2026-08-22 08:09:54 INFO src.train: epoch 023/158  train_loss=1.2034  val_loss=1.5655  val_auc=0.7005  lr=0.000953  grad=1.902  mem=1640MiB
2026-08-22 08:10:10 INFO src.train: epoch 024/158  train_loss=1.1878  val_loss=1.5454  val_auc=0.6971  lr=0.000949  grad=1.642  mem=1730MiB
2026-08-22 08:10:22 INFO src.train: epoch 025/158  train_loss=1.1676  val_loss=1.5226  val_auc=0.7043  lr=0.000944  grad=1.710  mem=1645MiB
2026-08-22 08:10:35 train.py: epoch 026/158  train_loss=1.1531  val_loss=1.4927  val_auc=0.7072  lr=0.000939  grad=1.917  mem=1650MiB
2026-08-22 08:10:49 INFO src.train: epoch 027/158  train_loss=1.1287  val_loss=1.4631  val_auc=0.7104  lr=0.000935  grad=1.718  mem=1746MiB
2026-08-22 08:11:04 INFO src.train: epoch 028/158  train_loss=1.1181  val_loss=1.4600  val_auc=0.7127  lr=0.000930  grad=1.561  mem=1632MiB
2026-08-22 08:11:20 INFO src.train: epoch 029/158  train_loss=1.1097  val_loss=1.4379  val_auc=0.7192  lr=0.000924  grad=1.633  mem=1700MiB
2026-08-22 08:11:32 INFO src.train: epoch 030/158  train_loss=1.1030  val_loss=1.4052  val_auc=0.7224  lr=0.000919  grad=1.548  mem=1745MiB
2026-08-22 08:11:45 train.py: epoch 031/158  train_loss=1.0655  val_loss=1.3781  val_auc=0.7243  lr=0.000914  grad=1.571  mem=1707MiB
2026-08-22 08:11:59 INFO src.train: epoch 032/158  train_loss=1.0307  val_loss=1.3659  val_auc=0.7278  lr=0.000908  grad=1.654  mem=1647MiB
2026-08-22 08:12:14 INFO src.train: epoch 033/158  train_loss=1.0182  val_loss=1.3623  val_auc=0.7365  lr=0.000902  grad=1.576  mem=1643MiB
2026-08-22 08:12:30 INFO src.train: epoch 034/158  train_loss=0.9951  val_loss=1.3790  val_auc=0.7364  lr=0.000896  grad=1.585  mem=1630MiB
2026-08-22 08:12:42 INFO src.train: epoch 035/158  train_loss=0.9649  val_loss=1.3588  val_auc=0.7385  lr=0.000890  grad=1.562  mem=1669MiB
2026-08-22 08:12:55 train.py: epoch 036/158  train_loss=0.9670  val_loss=1.3469  val_auc=0.7420  lr=0.000884  grad=1.658  mem=1695MiB
2026-08-22 08:13:09 INFO src.train: epoch 037/158  train_loss=0.9384  val_loss=1.3243  val_auc=0.7487  lr=0.000877  grad=1.452  mem=1684MiB
2026-08-22 08:13:24 INFO src.train: epoch 038/158  train_loss=0.9373  val_loss=1.3325  val_auc=0.7442  lr=0.000871  grad=1.433  mem=1678MiB
2026-08-22 08:13:40 INFO src.train: epoch 039/158  train_loss=0.9356  val_loss=1.2876  val_auc=0.7501  lr=0.000864  grad=1.471  mem=1632MiB
2026-08-22 08:13:52 INFO src.train: epoch 040/158  train_loss=0.9216  val_loss=1.2761  val_auc=0.7553  lr=0.000857  grad=1.526  mem=1668MiB
2026-08-22 08:14:05 train.py: epoch 041/158  train_loss=0.8967  val_loss=1.2639  val_auc=0.7558  lr=0.000850  grad=1.413  mem=1716MiB
2026-08-22 08:14:19 INFO src.train: epoch 042/158  train_loss=0.8609  val_loss=1.2433  val_auc=0.7575  lr=0.000843  grad=1.263  mem=1731MiB
2026-08-22 08:14:34 INFO src.train: epoch 043/158  train_loss=0.8408  val_loss=1.2191  val_auc=0.7679  lr=0.000836  grad=1.397  mem=1708MiB
2026-08-22 08:14:50 INFO src.train: epoch 044/158  train_loss=0.8073  val_loss=1.2225  val_auc=0.7673  lr=0.000828  grad=1.203  mem=1725MiB
2026-08-22 08:15:02 INFO src.train: epoch 045/158  train_loss=0.7893  val_loss=1.1816  val_auc=0.7698  lr=0.000821  grad=1.394  mem=1661MiB
2026-08-22 08:15:15 train.py: epoch 046/158  train_loss=0.7891  val_loss=1.1791  val_auc=0.7779  lr=0.000813  grad=1.370  mem=1696MiB
2026-08-22 08:15:29 INFO src.train: epoch 047/158  train_loss=0.7931  val_loss=1.1642  val_auc=0.7825  lr=0.000805  grad=1.369  mem=1655MiB
2026-08-22 08:15:44 INFO src.train: epoch 048/158  train_loss=0.7525  val_loss=1.1352  val_auc=0.7760  lr=0.000797  grad=1.223  mem=1690MiB
2026-08-22 08:16:00 INFO src.train: epoch 049/158  train_loss=0.7309  val_loss=1.1249  val_auc=0.7866  lr=0.000789  grad=1.347  mem=1706MiB
2026-08-22 08:16:00 WARNING src.train: BatchNorm: more than 20% of batch in one class
2026-08-22 08:16:12 INFO src.train: epoch 050/158  train_loss=0.7256  val_loss=1.1095  val_auc=0.7837  lr=0.000781  grad=1.223  mem=1640MiB
2026-08-22 08:16:25 train.py: epoch 051/158  train_loss=0.7050  val_loss=1.0887  val_auc=0.7798  lr=0.000773  grad=1.368  mem=1646MiB
2026-08-22 08:16:39 INFO src.train: epoch 052/158  train_loss=0.6830  val_loss=1.0662  val_auc=0.7862  lr=0.000764  grad=1.167  mem=1724MiB
2026-08-22 08:16:54 INFO src.train: epoch 053/158  train_loss=0.6633  val_loss=1.0405  val_auc=0.7939  lr=0.000756  grad=1.059  mem=1738MiB
2026-08-22 08:17:10 INFO src.train: epoch 054/158  train_loss=0.6613  val_loss=1.0560  val_auc=0.7902  lr=0.000747  grad=1.126  mem=1674MiB
2026-08-22 08:17:22 INFO src.train: epoch 055/158  train_loss=0.6719  val_loss=1.0421  val_auc=0.7946  lr=0.000738  grad=1.236  mem=1710MiB
2026-08-22 08:17:35 train.py: epoch 056/158  train_loss=0.6864  val_loss=1.0522  val_auc=0.7946  lr=0.000730  grad=1.187  mem=1643MiB
2026-08-22 08:17:49 INFO src.train: epoch 057/158  train_loss=0.6773  val_loss=1.0682  val_auc=0.7981  lr=0.000721  grad=1.253  mem=1699MiB
2026-08-22 08:18:04 INFO src.train: epoch 058/158  train_loss=0.6791  val_loss=1.0616  val_auc=0.7992  lr=0.000712  grad=1.206  mem=1659MiB
2026-08-22 08:18:20 INFO src.train: epoch 059/158  train_loss=0.6836  val_loss=1.0470  val_auc=0.8015  lr=0.000703  grad=1.161  mem=1738MiB
2026-08-22 08:18:32 INFO src.train: epoch 060/158  train_loss=0.6977  val_loss=1.0562  val_auc=0.8091  lr=0.000694  grad=1.138  mem=1726MiB
2026-08-22 08:18:45 train.py: epoch 061/158  train_loss=0.6665  val_loss=1.0638  val_auc=0.8062  lr=0.000684  grad=1.247  mem=1691MiB
2026-08-22 08:18:59 INFO src.train: epoch 062/158  train_loss=0.6515  val_loss=1.0364  val_auc=0.8036  lr=0.000675  grad=1.321  mem=1733MiB
2026-08-22 08:19:14 INFO src.train: epoch 063/158  train_loss=0.6570  val_loss=1.0193  val_auc=0.8080  lr=0.000666  grad=1.062  mem=1739MiB
2026-08-22 08:19:30 INFO src.train: epoch 064/158  train_loss=0.6550  val_loss=1.0111  val_auc=0.8103  lr=0.000656  grad=1.116  mem=1643MiB
2026-08-22 08:19:42 INFO src.train: epoch 065/158  train_loss=0.6450  val_loss=0.9924  val_auc=0.8099  lr=0.000647  grad=1.129  mem=1685MiB
2026-08-22 08:19:55 train.py: epoch 066/158  train_loss=0.6468  val_loss=1.0011  val_auc=0.8163  lr=0.000637  grad=0.948  mem=1722MiB
2026-08-22 08:20:09 INFO src.train: epoch 067/158  train_loss=0.6359  val_loss=1.0013  val_auc=0.8199  lr=0.000628  grad=0.988  mem=1650MiB
2026-08-22 08:20:24 INFO src.train: epoch 068/158  train_loss=0.5938  val_loss=0.9791  val_auc=0.8120  lr=0.000618  grad=0.982  mem=1672MiB
2026-08-22 08:20:40 INFO src.train: epoch 069/158  train_loss=0.5875  val_loss=0.9771  val_auc=0.8227  lr=0.000608  grad=1.050  mem=1740MiB
2026-08-22 08:20:52 INFO src.train: epoch 070/158  train_loss=0.5946  val_loss=1.0008  val_auc=0.8218  lr=0.000599  grad=0.920  mem=1630MiB
2026-08-22 08:21:05 train.py: epoch 071/158  train_loss=0.5791  val_loss=0.9942  val_auc=0.8215  lr=0.000589  grad=1.049  mem=1728MiB
2026-08-22 08:21:19 INFO src.train: epoch 072/158  train_loss=0.5882  val_loss=0.9721  val_auc=0.8254  lr=0.000579  grad=0.887  mem=1652MiB
2026-08-22 08:21:34 INFO src.train: epoch 073/158  train_loss=0.5812  val_loss=0.9496  val_auc=0.8293  lr=0.000569  grad=0.957  mem=1742MiB
2026-08-22 08:21:50 INFO src.train: epoch 074/158  train_loss=0.5766  val_loss=0.9549  val_auc=0.8168  lr=0.000560  grad=0.921  mem=1642MiB
2026-08-22 08:22:02 INFO src.train: epoch 075/158  train_loss=0.5669  val_loss=0.9621  val_auc=0.8253  lr=0.000550  grad=1.030  mem=1717MiB
2026-08-22 08:22:15 train.py: epoch 076/158  train_loss=0.5424  val_loss=0.9560  val_auc=0.8323  lr=0.000540  grad=0.981  mem=1722MiB
2026-08-22 08:22:29 INFO src.train: epoch 077/158  train_loss=0.5430  val_loss=0.9709  val_auc=0.8259  lr=0.000530  grad=0.826  mem=1671MiB
2026-08-22 08:22:44 INFO src.train: epoch 078/158  train_loss=0.5408  val_loss=0.9969  val_auc=0.8297  lr=0.000520  grad=0.942  mem=1733MiB
2026-08-22 08:23:00 INFO src.train: epoch 079/158  train_loss=0.5338  val_loss=0.9925  val_auc=0.8258  lr=0.000510  grad=0.805  mem=1734MiB
2026-08-22 08:23:12 INFO src.train: epoch 080/158  train_loss=0.5278  val_loss=0.9882  val_auc=0.8347  lr=0.000500  grad=0.864  mem=1632MiB
2026-08-22 08:23:25 train.py: epoch 081/158  train_loss=0.5058  val_loss=0.9865  val_auc=0.8407  lr=0.000490  grad=0.777  mem=1692MiB
2026-08-22 08:23:39 INFO src.train: epoch 082/158  train_loss=0.5067  val_loss=0.9836  val_auc=0.8312  lr=0.000480  grad=1.031  mem=1721MiB
2026-08-22 08:23:54 INFO src.train: epoch 083/158  train_loss=0.4876  val_loss=0.9627  val_auc=0.8274  lr=0.000470  grad=0.905  mem=1639MiB
2026-08-22 08:24:10 INFO src.train: epoch 084/158  train_loss=0.4818  val_loss=0.9768  val_auc=0.8355  lr=0.000460  grad=0.788  mem=1630MiB
2026-08-22 08:24:22 INFO src.train: epoch 085/158  train_loss=0.4936  val_loss=0.9883  val_auc=0.8436  lr=0.000450  grad=0.742  mem=1651MiB
2026-08-22 08:24:35 train.py: epoch 086/158  train_loss=0.4688  val_loss=0.9521  val_auc=0.8408  lr=0.000440  grad=0.774  mem=1708MiB
2026-08-22 08:24:49 INFO src.train: epoch 087/158  train_loss=0.4623  val_loss=0.9294  val_auc=0.8374  lr=0.000431  grad=0.896  mem=1675MiB
2026-08-22 08:25:04 INFO src.train: epoch 088/158  train_loss=0.4653  val_loss=0.9451  val_auc=0.8401  lr=0.000421  grad=0.675  mem=1721MiB
2026-08-22 08:25:20 INFO src.train: epoch 089/158  train_loss=0.4536  val_loss=0.9606  val_auc=0.8456  lr=0.000411  grad=0.754  mem=1734MiB
2026-08-22 08:25:20 WARNING src.train: BatchNorm: more than 20% of batch in one class
2026-08-22 08:25:32 INFO src.train: epoch 090/158  train_loss=0.4717  val_loss=0.9351  val_auc=0.8431  lr=0.000401  grad=0.817  mem=1702MiB
2026-08-22 08:25:45 train.py: epoch 091/158  train_loss=0.4442  val_loss=0.9297  val_auc=0.8512  lr=0.000392  grad=0.749  mem=1645MiB
2026-08-22 08:25:59 INFO src.train: epoch 092/158  train_loss=0.4229  val_loss=0.9397  val_auc=0.8487  lr=0.000382  grad=0.848  mem=1701MiB
2026-08-22 08:26:14 INFO src.train: epoch 093/158  train_loss=0.4043  val_loss=0.9091  val_auc=0.8553  lr=0.000372  grad=0.771  mem=1709MiB
2026-08-22 08:26:30 INFO src.train: epoch 094/158  train_loss=0.3799  val_loss=0.9053  val_auc=0.8516  lr=0.000363  grad=0.825  mem=1643MiB
2026-08-22 08:26:42 INFO src.train: epoch 095/158  train_loss=0.3655  val_loss=0.8879  val_auc=0.8465  lr=0.000353  grad=0.763  mem=1737MiB
2026-08-22 08:26:55 train.py: epoch 096/158  train_loss=0.3693  val_loss=0.9031  val_auc=0.8521  lr=0.000344  grad=0.755  mem=1732MiB
2026-08-22 08:27:09 INFO src.train: epoch 097/158  train_loss=0.3455  val_loss=0.8903  val_auc=0.8493  lr=0.000334  grad=0.861  mem=1681MiB
2026-08-22 08:27:24 INFO src.train: epoch 098/158  train_loss=0.3474  val_loss=0.8827  val_auc=0.8513  lr=0.000325  grad=0.701  mem=1723MiB
2026-08-22 08:27:40 INFO src.train: epoch 099/158  train_loss=0.3542  val_loss=0.8647  val_auc=0.8542  lr=0.000316  grad=0.916  mem=1741MiB
2026-08-22 08:27:52 INFO src.train: epoch 100/158  train_loss=0.3476  val_loss=0.8487  val_auc=0.8500  lr=0.000306  grad=0.899  mem=1724MiB
2026-08-22 08:28:05 train.py: epoch 101/158  train_loss=0.3503  val_loss=0.8228  val_auc=0.8481  lr=0.000297  grad=0.698  mem=1729MiB
2026-08-22 08:28:19 INFO src.train: epoch 102/158  train_loss=0.3470  val_loss=0.8243  val_auc=0.8534  lr=0.000288  grad=0.605  mem=1722MiB
2026-08-22 08:28:34 INFO src.train: epoch 103/158  train_loss=0.3301  val_loss=0.7849  val_auc=0.8487  lr=0.000279  grad=0.583  mem=1659MiB
2026-08-22 08:28:50 INFO src.train: epoch 104/158  train_loss=0.3339  val_loss=0.7717  val_auc=0.8550  lr=0.000270  grad=0.680  mem=1681MiB
2026-08-22 08:29:02 INFO src.train: epoch 105/158  train_loss=0.3256  val_loss=0.7576  val_auc=0.8558  lr=0.000262  grad=0.586  mem=1686MiB
2026-08-22 08:29:15 train.py: epoch 106/158  train_loss=0.3227  val_loss=0.7361  val_auc=0.8586  lr=0.000253  grad=0.669  mem=1722MiB
2026-08-22 08:29:29 INFO src.train: epoch 107/158  train_loss=0.2930  val_loss=0.7293  val_auc=0.8635  lr=0.000244  grad=0.471  mem=1658MiB
2026-08-22 08:29:44 INFO src.train: epoch 108/158  train_loss=0.2975  val_loss=0.7177  val_auc=0.8581  lr=0.000236  grad=0.539  mem=1673MiB
2026-08-22 08:30:00 INFO src.train: epoch 109/158  train_loss=0.2951  val_loss=0.7259  val_auc=0.8594  lr=0.000227  grad=0.673  mem=1692MiB
2026-08-22 08:30:12 INFO src.train: epoch 110/158  train_loss=0.2893  val_loss=0.7239  val_auc=0.8577  lr=0.000219  grad=0.722  mem=1645MiB
2026-08-22 08:30:25 train.py: epoch 111/158  train_loss=0.2679  val_loss=0.7380  val_auc=0.8692  lr=0.000211  grad=0.593  mem=1697MiB
2026-08-22 08:30:39 INFO src.train: epoch 112/158  train_loss=0.2600  val_loss=0.7408  val_auc=0.8588  lr=0.000203  grad=0.657  mem=1699MiB
2026-08-22 08:30:54 INFO src.train: epoch 113/158  train_loss=0.2672  val_loss=0.7055  val_auc=0.8644  lr=0.000195  grad=0.533  mem=1638MiB
2026-08-22 08:31:10 INFO src.train: epoch 114/158  train_loss=0.2600  val_loss=0.6385  val_auc=0.8573  lr=0.000187  grad=0.634  mem=1723MiB
2026-08-22 08:31:22 INFO src.train: epoch 115/158  train_loss=0.2697  val_loss=0.6424  val_auc=0.8607  lr=0.000179  grad=0.478  mem=1731MiB
2026-08-22 08:31:35 train.py: epoch 116/158  train_loss=0.2600  val_loss=0.6518  val_auc=0.8632  lr=0.000172  grad=0.758  mem=1715MiB
2026-08-22 08:31:49 INFO src.train: epoch 117/158  train_loss=0.2600  val_loss=0.6384  val_auc=0.8663  lr=0.000164  grad=0.427  mem=1678MiB
2026-08-22 08:32:04 INFO src.train: epoch 118/158  train_loss=0.2631  val_loss=0.6351  val_auc=0.8597  lr=0.000157  grad=0.476  mem=1646MiB
2026-08-22 08:32:20 INFO src.train: epoch 119/158  train_loss=0.2719  val_loss=0.6156  val_auc=0.8649  lr=0.000150  grad=0.517  mem=1672MiB
2026-08-22 08:32:32 INFO src.train: epoch 120/158  train_loss=0.2600  val_loss=0.5937  val_auc=0.8645  lr=0.000143  grad=0.536  mem=1665MiB
2026-08-22 08:32:45 train.py: epoch 121/158  train_loss=0.2600  val_loss=0.5781  val_auc=0.8662  lr=0.000136  grad=0.483  mem=1636MiB
2026-08-22 08:32:59 INFO src.train: epoch 122/158  train_loss=0.2737  val_loss=0.5511  val_auc=0.8625  lr=0.000129  grad=0.369  mem=1744MiB
2026-08-22 08:33:14 INFO src.train: epoch 123/158  train_loss=0.2657  val_loss=0.5235  val_auc=0.8647  lr=0.000123  grad=0.381  mem=1668MiB
2026-08-22 08:33:30 INFO src.train: epoch 124/158  train_loss=0.2777  val_loss=0.5078  val_auc=0.8708  lr=0.000116  grad=0.365  mem=1711MiB
2026-08-22 08:33:42 INFO src.train: epoch 125/158  train_loss=0.2649  val_loss=0.4919  val_auc=0.8615  lr=0.000110  grad=0.580  mem=1734MiB
2026-08-22 08:33:55 train.py: epoch 126/158  train_loss=0.2709  val_loss=0.4770  val_auc=0.8708  lr=0.000104  grad=0.507  mem=1691MiB
2026-08-22 08:34:09 INFO src.train: epoch 127/158  train_loss=0.2600  val_loss=0.4598  val_auc=0.8666  lr=0.000098  grad=0.408  mem=1638MiB
2026-08-22 08:34:24 INFO src.train: epoch 128/158  train_loss=0.2684  val_loss=0.4591  val_auc=0.8692  lr=0.000092  grad=0.549  mem=1683MiB
2026-08-22 08:34:40 INFO src.train: epoch 129/158  train_loss=0.2608  val_loss=0.4673  val_auc=0.8684  lr=0.000086  grad=0.407  mem=1742MiB
2026-08-22 08:34:40 WARNING src.train: BatchNorm: more than 20% of batch in one class
2026-08-22 08:34:52 INFO src.train: epoch 130/158  train_loss=0.2600  val_loss=0.4703  val_auc=0.8668  lr=0.000081  grad=0.518  mem=1633MiB
2026-08-22 08:35:05 train.py: epoch 131/158  train_loss=0.2662  val_loss=0.4771  val_auc=0.8742  lr=0.000076  grad=0.571  mem=1742MiB
2026-08-22 08:35:19 INFO src.train: epoch 132/158  train_loss=0.2600  val_loss=0.4827  val_auc=0.8654  lr=0.000070  grad=0.408  mem=1658MiB
2026-08-22 08:35:34 INFO src.train: epoch 133/158  train_loss=0.2848  val_loss=0.4694  val_auc=0.8767  lr=0.000065  grad=0.426  mem=1716MiB
2026-08-22 08:35:50 INFO src.train: epoch 134/158  train_loss=0.2683  val_loss=0.4623  val_auc=0.8710  lr=0.000061  grad=0.598  mem=1632MiB
2026-08-22 08:36:02 INFO src.train: epoch 135/158  train_loss=0.2631  val_loss=0.4595  val_auc=0.8734  lr=0.000056  grad=0.624  mem=1650MiB
2026-08-22 08:36:15 train.py: epoch 136/158  train_loss=0.2729  val_loss=0.4703  val_auc=0.8708  lr=0.000051  grad=0.455  mem=1685MiB
2026-08-22 08:36:29 INFO src.train: epoch 137/158  train_loss=0.2741  val_loss=0.4451  val_auc=0.8793  lr=0.000047  grad=0.485  mem=1673MiB
2026-08-22 08:36:29 INFO src.train: new best val_auc=0.8720 -> checkpoints/.../best.pt
2026-08-22 08:36:44 INFO src.train: epoch 138/158  train_loss=0.2600  val_loss=0.4316  val_auc=0.8755  lr=0.000043  grad=0.387  mem=1674MiB
2026-08-22 08:37:00 INFO src.train: epoch 139/158  train_loss=0.2600  val_loss=0.4371  val_auc=0.8779  lr=0.000039  grad=0.496  mem=1677MiB
2026-08-22 08:37:12 INFO src.train: epoch 140/158  train_loss=0.2600  val_loss=0.4149  val_auc=0.8706  lr=0.000035  grad=0.415  mem=1741MiB
2026-08-22 08:37:25 train.py: epoch 141/158  train_loss=0.2665  val_loss=0.4129  val_auc=0.8676  lr=0.000032  grad=0.525  mem=1686MiB
2026-08-22 08:37:39 INFO src.train: epoch 142/158  train_loss=0.2600  val_loss=0.4147  val_auc=0.8772  lr=0.000028  grad=0.450  mem=1663MiB
2026-08-22 08:37:54 INFO src.train: epoch 143/158  train_loss=0.2690  val_loss=0.3696  val_auc=0.8756  lr=0.000025  grad=0.374  mem=1720MiB
2026-08-22 08:38:10 INFO src.train: epoch 144/158  train_loss=0.2600  val_loss=0.3646  val_auc=0.8701  lr=0.000022  grad=0.393  mem=1731MiB
2026-08-22 08:38:22 INFO src.train: epoch 145/158  train_loss=0.2600  val_loss=0.3600  val_auc=0.8653  lr=0.000019  grad=0.305  mem=1653MiB
2026-08-22 08:38:35 train.py: epoch 146/158  train_loss=0.2600  val_loss=0.3791  val_auc=0.8734  lr=0.000017  grad=0.357  mem=1736MiB
2026-08-22 08:38:49 INFO src.train: epoch 147/158  train_loss=0.2600  val_loss=0.3753  val_auc=0.8680  lr=0.000014  grad=0.491  mem=1733MiB
2026-08-22 08:39:04 INFO src.train: epoch 148/158  train_loss=0.2600  val_loss=0.3600  val_auc=0.8728  lr=0.000012  grad=0.372  mem=1680MiB
2026-08-22 08:39:20 INFO src.train: epoch 149/158  train_loss=0.2600  val_loss=0.3600  val_auc=0.8709  lr=0.000010  grad=0.435  mem=1662MiB
2026-08-22 08:39:32 INFO src.train: epoch 150/158  train_loss=0.2769  val_loss=0.3600  val_auc=0.8705  lr=0.000008  grad=0.270  mem=1666MiB
2026-08-22 08:39:45 train.py: epoch 151/158  train_loss=0.2682  val_loss=0.3600  val_auc=0.8692  lr=0.000006  grad=0.371  mem=1699MiB
2026-08-22 08:39:59 INFO src.train: epoch 152/158  train_loss=0.2744  val_loss=0.3667  val_auc=0.8742  lr=0.000005  grad=0.390  mem=1733MiB
2026-08-22 08:40:14 INFO src.train: epoch 153/158  train_loss=0.2674  val_loss=0.3948  val_auc=0.8713  lr=0.000004  grad=0.379  mem=1695MiB
2026-08-22 08:40:30 INFO src.train: epoch 154/158  train_loss=0.2612  val_loss=0.3749  val_auc=0.8717  lr=0.000002  grad=0.293  mem=1644MiB
2026-08-22 08:40:42 INFO src.train: epoch 155/158  train_loss=0.2600  val_loss=0.3600  val_auc=0.8651  lr=0.000002  grad=0.348  mem=1675MiB
2026-08-22 08:40:55 train.py: epoch 156/158  train_loss=0.2618  val_loss=0.3770  val_auc=0.8686  lr=0.000001  grad=0.348  mem=1633MiB
2026-08-22 08:41:09 INFO src.train: epoch 157/158  train_loss=0.2697  val_loss=0.3763  val_auc=0.8679  lr=0.000000  grad=0.312  mem=1715MiB
2026-08-22 08:41:24 INFO src.train: epoch 158/158  train_loss=0.2696  val_loss=0.3710  val_auc=0.8643  lr=0.000000  grad=0.274  mem=1687MiB
2026-08-22 08:41:24 INFO src.train: patience=20; continuing for loss monitoring, will restore epoch 137
