2026-08-22 09:47:23 INFO src.train: ASAE full (type-consistent input)
2026-08-22 09:47:23 INFO src.train: seed=1  batch=256  smotenc=1:3 cat=[MOSTYPE,MOSHOOFD]  device=cuda:0 (RTX 3090)
2026-08-22 09:47:23 INFO src.train: features=x_mixed.npz d_in=133 (83 numeric + 40 + 10 one-hot)
2026-08-22 09:47:23 INFO src.train: Trainable 60,647 | frozen_backbone_est 0 | total_est 60,647
2026-08-22 09:47:23 WARNING src.train: SMOTENC fitted on train partition only
2026-08-22 09:47:48 train.py: epoch 001/166  train_loss=1.4715  val_loss=1.5102  val_auc=0.5615  lr=0.001000  grad=2.231  mem=1681MiB
2026-08-22 09:48:05 INFO src.train: epoch 002/166  train_loss=1.4482  val_loss=1.4636  val_auc=0.5593  lr=0.001000  grad=2.119  mem=1634MiB
2026-08-22 09:48:23 INFO src.train: epoch 003/166  train_loss=1.4273  val_loss=1.4823  val_auc=0.5729  lr=0.001000  grad=2.225  mem=1669MiB
2026-08-22 09:48:42 INFO src.train: epoch 004/166  train_loss=1.4166  val_loss=1.4861  val_auc=0.5756  lr=0.000999  grad=2.353  mem=1724MiB
2026-08-22 09:48:57 INFO src.train: epoch 005/166  train_loss=1.3960  val_loss=1.4698  val_auc=0.5855  lr=0.000999  grad=2.273  mem=1669MiB
2026-08-22 09:49:13 train.py: epoch 006/166  train_loss=1.3750  val_loss=1.4558  val_auc=0.5875  lr=0.000998  grad=2.314  mem=1637MiB
2026-08-22 09:49:30 INFO src.train: epoch 007/166  train_loss=1.3567  val_loss=1.4341  val_auc=0.5936  lr=0.000997  grad=2.191  mem=1694MiB
2026-08-22 09:49:48 INFO src.train: epoch 008/166  train_loss=1.3558  val_loss=1.4114  val_auc=0.6018  lr=0.000996  grad=2.230  mem=1748MiB
2026-08-22 09:50:07 INFO src.train: epoch 009/166  train_loss=1.3343  val_loss=1.3804  val_auc=0.6153  lr=0.000994  grad=2.173  mem=1655MiB
2026-08-22 09:50:07 WARNING src.train: BatchNorm: more than 20% of batch in one class
2026-08-22 09:50:22 INFO src.train: epoch 010/166  train_loss=1.3289  val_loss=1.3918  val_auc=0.6217  lr=0.000993  grad=2.153  mem=1703MiB
2026-08-22 09:50:38 train.py: epoch 011/166  train_loss=1.2917  val_loss=1.3897  val_auc=0.6207  lr=0.000991  grad=2.010  mem=1728MiB
2026-08-22 09:50:55 INFO src.train: epoch 012/166  train_loss=1.2759  val_loss=1.3721  val_auc=0.6286  lr=0.000989  grad=2.005  mem=1656MiB
2026-08-22 09:51:13 INFO src.train: epoch 013/166  train_loss=1.2447  val_loss=1.3465  val_auc=0.6324  lr=0.000987  grad=2.080  mem=1654MiB
2026-08-22 09:51:32 INFO src.train: epoch 014/166  train_loss=1.2085  val_loss=1.3484  val_auc=0.6334  lr=0.000985  grad=1.902  mem=1689MiB
2026-08-22 09:51:47 INFO src.train: epoch 015/166  train_loss=1.1849  val_loss=1.3378  val_auc=0.6441  lr=0.000983  grad=2.086  mem=1720MiB
2026-08-22 09:52:03 train.py: epoch 016/166  train_loss=1.1650  val_loss=1.3256  val_auc=0.6482  lr=0.000980  grad=2.005  mem=1666MiB
2026-08-22 09:52:20 INFO src.train: epoch 017/166  train_loss=1.1585  val_loss=1.3292  val_auc=0.6482  lr=0.000977  grad=1.920  mem=1643MiB
2026-08-22 09:52:38 INFO src.train: epoch 018/166  train_loss=1.1344  val_loss=1.3492  val_auc=0.6577  lr=0.000974  grad=1.962  mem=1664MiB
2026-08-22 09:52:57 INFO src.train: epoch 019/166  train_loss=1.1083  val_loss=1.3509  val_auc=0.6581  lr=0.000971  grad=1.986  mem=1663MiB
2026-08-22 09:53:12 INFO src.train: epoch 020/166  train_loss=1.0932  val_loss=1.3397  val_auc=0.6637  lr=0.000968  grad=1.857  mem=1716MiB
2026-08-22 09:53:28 train.py: epoch 021/166  train_loss=1.0657  val_loss=1.3284  val_auc=0.6758  lr=0.000965  grad=1.966  mem=1725MiB
2026-08-22 09:53:45 INFO src.train: epoch 022/166  train_loss=1.0335  val_loss=1.2996  val_auc=0.6723  lr=0.000961  grad=1.830  mem=1708MiB
2026-08-22 09:54:03 INFO src.train: epoch 023/166  train_loss=1.0338  val_loss=1.2968  val_auc=0.6761  lr=0.000957  grad=1.636  mem=1719MiB
2026-08-22 09:54:22 INFO src.train: epoch 024/166  train_loss=1.0300  val_loss=1.2898  val_auc=0.6807  lr=0.000953  grad=1.735  mem=1707MiB
2026-08-22 09:54:37 INFO src.train: epoch 025/166  train_loss=1.0294  val_loss=1.2610  val_auc=0.6876  lr=0.000949  grad=1.702  mem=1723MiB
2026-08-22 09:54:53 train.py: epoch 026/166  train_loss=1.0234  val_loss=1.2198  val_auc=0.6914  lr=0.000945  grad=1.710  mem=1657MiB
2026-08-22 09:55:10 INFO src.train: epoch 027/166  train_loss=1.0020  val_loss=1.1973  val_auc=0.6968  lr=0.000941  grad=1.598  mem=1734MiB
2026-08-22 09:55:28 INFO src.train: epoch 028/166  train_loss=0.9558  val_loss=1.1947  val_auc=0.7032  lr=0.000936  grad=1.802  mem=1736MiB
2026-08-22 09:55:47 INFO src.train: epoch 029/166  train_loss=0.9642  val_loss=1.1725  val_auc=0.7103  lr=0.000931  grad=1.612  mem=1657MiB
2026-08-22 09:56:02 INFO src.train: epoch 030/166  train_loss=0.9607  val_loss=1.1559  val_auc=0.7067  lr=0.000927  grad=1.743  mem=1724MiB
2026-08-22 09:56:18 train.py: epoch 031/166  train_loss=0.9302  val_loss=1.1434  val_auc=0.7119  lr=0.000922  grad=1.624  mem=1713MiB
2026-08-22 09:56:35 INFO src.train: epoch 032/166  train_loss=0.9269  val_loss=1.1125  val_auc=0.7132  lr=0.000916  grad=1.749  mem=1636MiB
2026-08-22 09:56:53 INFO src.train: epoch 033/166  train_loss=0.9345  val_loss=1.1001  val_auc=0.7189  lr=0.000911  grad=1.780  mem=1711MiB
2026-08-22 09:57:12 INFO src.train: epoch 034/166  train_loss=0.9283  val_loss=1.1192  val_auc=0.7250  lr=0.000906  grad=1.616  mem=1718MiB
2026-08-22 09:57:27 INFO src.train: epoch 035/166  train_loss=0.9182  val_loss=1.0901  val_auc=0.7276  lr=0.000900  grad=1.554  mem=1691MiB
2026-08-22 09:57:43 train.py: epoch 036/166  train_loss=0.8821  val_loss=1.1304  val_auc=0.7291  lr=0.000894  grad=1.528  mem=1743MiB
2026-08-22 09:58:00 INFO src.train: epoch 037/166  train_loss=0.8739  val_loss=1.1247  val_auc=0.7293  lr=0.000888  grad=1.529  mem=1700MiB
2026-08-22 09:58:18 INFO src.train: epoch 038/166  train_loss=0.8843  val_loss=1.0814  val_auc=0.7376  lr=0.000882  grad=1.560  mem=1657MiB
2026-08-22 09:58:37 INFO src.train: epoch 039/166  train_loss=0.8686  val_loss=1.0562  val_auc=0.7403  lr=0.000876  grad=1.438  mem=1630MiB
2026-08-22 09:58:52 INFO src.train: epoch 040/166  train_loss=0.8511  val_loss=1.0768  val_auc=0.7469  lr=0.000870  grad=1.505  mem=1724MiB
2026-08-22 09:59:08 train.py: epoch 041/166  train_loss=0.8441  val_loss=1.0720  val_auc=0.7428  lr=0.000863  grad=1.402  mem=1731MiB
2026-08-22 09:59:25 INFO src.train: epoch 042/166  train_loss=0.8477  val_loss=1.0560  val_auc=0.7543  lr=0.000857  grad=1.449  mem=1719MiB
2026-08-22 09:59:43 INFO src.train: epoch 043/166  train_loss=0.8541  val_loss=1.0446  val_auc=0.7592  lr=0.000850  grad=1.407  mem=1733MiB
2026-08-22 10:00:02 INFO src.train: epoch 044/166  train_loss=0.8050  val_loss=1.0311  val_auc=0.7597  lr=0.000843  grad=1.509  mem=1643MiB
2026-08-22 10:00:17 INFO src.train: epoch 045/166  train_loss=0.8067  val_loss=1.0575  val_auc=0.7576  lr=0.000836  grad=1.389  mem=1664MiB
2026-08-22 10:00:33 train.py: epoch 046/166  train_loss=0.8003  val_loss=1.0912  val_auc=0.7614  lr=0.000829  grad=1.391  mem=1741MiB
2026-08-22 10:00:50 INFO src.train: epoch 047/166  train_loss=0.8081  val_loss=1.0786  val_auc=0.7625  lr=0.000822  grad=1.291  mem=1698MiB
2026-08-22 10:01:08 INFO src.train: epoch 048/166  train_loss=0.7971  val_loss=1.0767  val_auc=0.7691  lr=0.000815  grad=1.369  mem=1734MiB
2026-08-22 10:01:27 INFO src.train: epoch 049/166  train_loss=0.7735  val_loss=1.0484  val_auc=0.7682  lr=0.000807  grad=1.275  mem=1643MiB
2026-08-22 10:01:27 WARNING src.train: BatchNorm: more than 20% of batch in one class
2026-08-22 10:01:42 INFO src.train: epoch 050/166  train_loss=0.7541  val_loss=1.0575  val_auc=0.7661  lr=0.000800  grad=1.506  mem=1744MiB
2026-08-22 10:01:58 train.py: epoch 051/166  train_loss=0.7374  val_loss=1.0482  val_auc=0.7677  lr=0.000792  grad=1.230  mem=1633MiB
2026-08-22 10:02:15 INFO src.train: epoch 052/166  train_loss=0.7104  val_loss=1.0367  val_auc=0.7782  lr=0.000785  grad=1.286  mem=1632MiB
2026-08-22 10:02:33 INFO src.train: epoch 053/166  train_loss=0.6974  val_loss=1.0355  val_auc=0.7764  lr=0.000777  grad=1.235  mem=1703MiB
2026-08-22 10:02:52 INFO src.train: epoch 054/166  train_loss=0.6821  val_loss=1.0375  val_auc=0.7825  lr=0.000769  grad=1.211  mem=1662MiB
2026-08-22 10:03:07 INFO src.train: epoch 055/166  train_loss=0.6674  val_loss=1.0082  val_auc=0.7834  lr=0.000761  grad=1.234  mem=1668MiB
2026-08-22 10:03:23 train.py: epoch 056/166  train_loss=0.6549  val_loss=0.9809  val_auc=0.7865  lr=0.000753  grad=1.159  mem=1723MiB
2026-08-22 10:03:40 INFO src.train: epoch 057/166  train_loss=0.6266  val_loss=0.9612  val_auc=0.7814  lr=0.000745  grad=1.199  mem=1680MiB
2026-08-22 10:03:58 INFO src.train: epoch 058/166  train_loss=0.6336  val_loss=0.9458  val_auc=0.7897  lr=0.000736  grad=1.165  mem=1643MiB
2026-08-22 10:04:17 INFO src.train: epoch 059/166  train_loss=0.6352  val_loss=0.9403  val_auc=0.7934  lr=0.000728  grad=1.130  mem=1648MiB
2026-08-22 10:04:32 INFO src.train: epoch 060/166  train_loss=0.6462  val_loss=0.9356  val_auc=0.8034  lr=0.000719  grad=1.102  mem=1720MiB
2026-08-22 10:04:48 train.py: epoch 061/166  train_loss=0.6405  val_loss=0.9359  val_auc=0.7927  lr=0.000711  grad=1.128  mem=1635MiB
2026-08-22 10:05:05 INFO src.train: epoch 062/166  train_loss=0.6264  val_loss=0.9345  val_auc=0.8039  lr=0.000702  grad=1.249  mem=1713MiB
2026-08-22 10:05:23 INFO src.train: epoch 063/166  train_loss=0.6267  val_loss=0.9450  val_auc=0.7990  lr=0.000694  grad=1.149  mem=1670MiB
2026-08-22 10:05:42 INFO src.train: epoch 064/166  train_loss=0.6099  val_loss=0.9687  val_auc=0.8020  lr=0.000685  grad=1.072  mem=1681MiB
2026-08-22 10:05:57 INFO src.train: epoch 065/166  train_loss=0.6096  val_loss=0.9703  val_auc=0.8063  lr=0.000676  grad=0.976  mem=1671MiB
2026-08-22 10:06:13 train.py: epoch 066/166  train_loss=0.5876  val_loss=0.9760  val_auc=0.8037  lr=0.000667  grad=1.126  mem=1632MiB
2026-08-22 10:06:30 INFO src.train: epoch 067/166  train_loss=0.5597  val_loss=0.9826  val_auc=0.8124  lr=0.000658  grad=1.110  mem=1703MiB
2026-08-22 10:06:48 INFO src.train: epoch 068/166  train_loss=0.5525  val_loss=0.9862  val_auc=0.8068  lr=0.000649  grad=1.153  mem=1675MiB
2026-08-22 10:07:07 INFO src.train: epoch 069/166  train_loss=0.5585  val_loss=0.9675  val_auc=0.8098  lr=0.000640  grad=0.975  mem=1683MiB
2026-08-22 10:07:22 INFO src.train: epoch 070/166  train_loss=0.5611  val_loss=0.9740  val_auc=0.8150  lr=0.000631  grad=1.053  mem=1644MiB
2026-08-22 10:07:38 train.py: epoch 071/166  train_loss=0.5713  val_loss=0.9764  val_auc=0.8159  lr=0.000622  grad=1.059  mem=1634MiB
2026-08-22 10:07:55 INFO src.train: epoch 072/166  train_loss=0.6079  val_loss=0.9746  val_auc=0.8078  lr=0.000613  grad=0.976  mem=1726MiB
2026-08-22 10:08:13 INFO src.train: epoch 073/166  train_loss=0.5913  val_loss=0.9559  val_auc=0.8241  lr=0.000603  grad=1.043  mem=1741MiB
2026-08-22 10:08:32 INFO src.train: epoch 074/166  train_loss=0.5977  val_loss=0.9548  val_auc=0.8216  lr=0.000594  grad=0.940  mem=1697MiB
2026-08-22 10:08:47 INFO src.train: epoch 075/166  train_loss=0.5925  val_loss=0.9502  val_auc=0.8171  lr=0.000585  grad=0.895  mem=1745MiB
2026-08-22 10:09:03 train.py: epoch 076/166  train_loss=0.5744  val_loss=0.9149  val_auc=0.8155  lr=0.000575  grad=0.951  mem=1736MiB
2026-08-22 10:09:20 INFO src.train: epoch 077/166  train_loss=0.5570  val_loss=0.8747  val_auc=0.8227  lr=0.000566  grad=0.869  mem=1655MiB
2026-08-22 10:09:38 INFO src.train: epoch 078/166  train_loss=0.5479  val_loss=0.8695  val_auc=0.8203  lr=0.000557  grad=1.010  mem=1731MiB
2026-08-22 10:09:57 INFO src.train: epoch 079/166  train_loss=0.5569  val_loss=0.8629  val_auc=0.8269  lr=0.000547  grad=0.953  mem=1725MiB
2026-08-22 10:10:12 INFO src.train: epoch 080/166  train_loss=0.5493  val_loss=0.8559  val_auc=0.8298  lr=0.000538  grad=0.909  mem=1694MiB
2026-08-22 10:10:28 train.py: epoch 081/166  train_loss=0.5535  val_loss=0.8257  val_auc=0.8277  lr=0.000528  grad=0.768  mem=1744MiB
2026-08-22 10:10:45 INFO src.train: epoch 082/166  train_loss=0.5739  val_loss=0.8104  val_auc=0.8352  lr=0.000519  grad=0.860  mem=1641MiB
2026-08-22 10:11:03 INFO src.train: epoch 083/166  train_loss=0.5726  val_loss=0.8033  val_auc=0.8362  lr=0.000509  grad=0.873  mem=1652MiB
2026-08-22 10:11:22 INFO src.train: epoch 084/166  train_loss=0.5531  val_loss=0.7865  val_auc=0.8301  lr=0.000500  grad=0.905  mem=1712MiB
2026-08-22 10:11:37 INFO src.train: epoch 085/166  train_loss=0.5356  val_loss=0.7697  val_auc=0.8356  lr=0.000491  grad=0.703  mem=1730MiB
2026-08-22 10:11:53 train.py: epoch 086/166  train_loss=0.4869  val_loss=0.7578  val_auc=0.8423  lr=0.000481  grad=0.763  mem=1684MiB
2026-08-22 10:12:10 INFO src.train: epoch 087/166  train_loss=0.4878  val_loss=0.7605  val_auc=0.8296  lr=0.000472  grad=0.735  mem=1736MiB
2026-08-22 10:12:28 INFO src.train: epoch 088/166  train_loss=0.4910  val_loss=0.7266  val_auc=0.8396  lr=0.000462  grad=0.808  mem=1632MiB
2026-08-22 10:12:47 INFO src.train: epoch 089/166  train_loss=0.4755  val_loss=0.7024  val_auc=0.8325  lr=0.000453  grad=0.745  mem=1668MiB
2026-08-22 10:12:47 WARNING src.train: BatchNorm: more than 20% of batch in one class
2026-08-22 10:13:02 INFO src.train: epoch 090/166  train_loss=0.4592  val_loss=0.7058  val_auc=0.8372  lr=0.000443  grad=0.808  mem=1741MiB
2026-08-22 10:13:18 train.py: epoch 091/166  train_loss=0.4499  val_loss=0.6950  val_auc=0.8499  lr=0.000434  grad=0.686  mem=1732MiB
2026-08-22 10:13:35 INFO src.train: epoch 092/166  train_loss=0.4579  val_loss=0.6846  val_auc=0.8447  lr=0.000425  grad=0.836  mem=1642MiB
2026-08-22 10:13:53 INFO src.train: epoch 093/166  train_loss=0.4427  val_loss=0.6373  val_auc=0.8466  lr=0.000415  grad=0.626  mem=1734MiB
2026-08-22 10:14:12 INFO src.train: epoch 094/166  train_loss=0.4405  val_loss=0.6212  val_auc=0.8434  lr=0.000406  grad=0.711  mem=1714MiB
2026-08-22 10:14:27 INFO src.train: epoch 095/166  train_loss=0.4448  val_loss=0.6097  val_auc=0.8446  lr=0.000397  grad=0.737  mem=1736MiB
2026-08-22 10:14:43 train.py: epoch 096/166  train_loss=0.4594  val_loss=0.6072  val_auc=0.8434  lr=0.000387  grad=0.786  mem=1734MiB
2026-08-22 10:15:00 INFO src.train: epoch 097/166  train_loss=0.4492  val_loss=0.6143  val_auc=0.8459  lr=0.000378  grad=0.813  mem=1717MiB
2026-08-22 10:15:18 INFO src.train: epoch 098/166  train_loss=0.4480  val_loss=0.6204  val_auc=0.8486  lr=0.000369  grad=0.714  mem=1741MiB
2026-08-22 10:15:37 INFO src.train: epoch 099/166  train_loss=0.4704  val_loss=0.6082  val_auc=0.8497  lr=0.000360  grad=0.670  mem=1653MiB
2026-08-22 10:15:52 INFO src.train: epoch 100/166  train_loss=0.4617  val_loss=0.5774  val_auc=0.8473  lr=0.000351  grad=0.670  mem=1747MiB
2026-08-22 10:16:08 train.py: epoch 101/166  train_loss=0.4338  val_loss=0.5636  val_auc=0.8501  lr=0.000342  grad=0.729  mem=1737MiB
2026-08-22 10:16:25 INFO src.train: epoch 102/166  train_loss=0.4337  val_loss=0.5231  val_auc=0.8452  lr=0.000333  grad=0.573  mem=1651MiB
2026-08-22 10:16:43 INFO src.train: epoch 103/166  train_loss=0.4309  val_loss=0.5216  val_auc=0.8425  lr=0.000324  grad=0.756  mem=1730MiB
2026-08-22 10:17:02 INFO src.train: epoch 104/166  train_loss=0.4482  val_loss=0.5237  val_auc=0.8528  lr=0.000315  grad=0.731  mem=1742MiB
2026-08-22 10:17:17 INFO src.train: epoch 105/166  train_loss=0.4302  val_loss=0.4971  val_auc=0.8554  lr=0.000306  grad=0.628  mem=1697MiB
2026-08-22 10:17:33 train.py: epoch 106/166  train_loss=0.4445  val_loss=0.5088  val_auc=0.8572  lr=0.000298  grad=0.664  mem=1661MiB
2026-08-22 10:17:50 INFO src.train: epoch 107/166  train_loss=0.4329  val_loss=0.5055  val_auc=0.8538  lr=0.000289  grad=0.580  mem=1680MiB
2026-08-22 10:18:08 INFO src.train: epoch 108/166  train_loss=0.4307  val_loss=0.4991  val_auc=0.8504  lr=0.000281  grad=0.549  mem=1653MiB
2026-08-22 10:18:27 INFO src.train: epoch 109/166  train_loss=0.4366  val_loss=0.5041  val_auc=0.8620  lr=0.000272  grad=0.612  mem=1726MiB
2026-08-22 10:18:42 INFO src.train: epoch 110/166  train_loss=0.4200  val_loss=0.5101  val_auc=0.8528  lr=0.000264  grad=0.574  mem=1746MiB
2026-08-22 10:18:58 train.py: epoch 111/166  train_loss=0.4278  val_loss=0.4924  val_auc=0.8526  lr=0.000255  grad=0.611  mem=1665MiB
2026-08-22 10:19:15 INFO src.train: epoch 112/166  train_loss=0.4386  val_loss=0.4927  val_auc=0.8578  lr=0.000247  grad=0.569  mem=1639MiB
2026-08-22 10:19:33 INFO src.train: epoch 113/166  train_loss=0.4050  val_loss=0.5144  val_auc=0.8581  lr=0.000239  grad=0.624  mem=1678MiB
2026-08-22 10:19:52 INFO src.train: epoch 114/166  train_loss=0.3937  val_loss=0.5118  val_auc=0.8563  lr=0.000231  grad=0.614  mem=1738MiB
2026-08-22 10:20:07 INFO src.train: epoch 115/166  train_loss=0.3937  val_loss=0.5180  val_auc=0.8594  lr=0.000223  grad=0.699  mem=1697MiB
2026-08-22 10:20:23 train.py: epoch 116/166  train_loss=0.3689  val_loss=0.5316  val_auc=0.8703  lr=0.000215  grad=0.628  mem=1709MiB
2026-08-22 10:20:40 INFO src.train: epoch 117/166  train_loss=0.3626  val_loss=0.5370  val_auc=0.8613  lr=0.000208  grad=0.632  mem=1704MiB
2026-08-22 10:20:58 INFO src.train: epoch 118/166  train_loss=0.3521  val_loss=0.5424  val_auc=0.8595  lr=0.000200  grad=0.604  mem=1712MiB
2026-08-22 10:21:17 INFO src.train: epoch 119/166  train_loss=0.3459  val_loss=0.5213  val_auc=0.8657  lr=0.000193  grad=0.640  mem=1653MiB
2026-08-22 10:21:32 INFO src.train: epoch 120/166  train_loss=0.3466  val_loss=0.5299  val_auc=0.8642  lr=0.000185  grad=0.468  mem=1641MiB
2026-08-22 10:21:48 train.py: epoch 121/166  train_loss=0.3440  val_loss=0.5038  val_auc=0.8545  lr=0.000178  grad=0.653  mem=1724MiB
2026-08-22 10:22:05 INFO src.train: epoch 122/166  train_loss=0.3522  val_loss=0.5032  val_auc=0.8653  lr=0.000171  grad=0.579  mem=1701MiB
2026-08-22 10:22:23 INFO src.train: epoch 123/166  train_loss=0.3548  val_loss=0.5193  val_auc=0.8644  lr=0.000164  grad=0.631  mem=1738MiB
2026-08-22 10:22:42 INFO src.train: epoch 124/166  train_loss=0.3451  val_loss=0.5172  val_auc=0.8681  lr=0.000157  grad=0.441  mem=1658MiB
2026-08-22 10:22:57 INFO src.train: epoch 125/166  train_loss=0.3578  val_loss=0.5272  val_auc=0.8673  lr=0.000150  grad=0.459  mem=1669MiB
2026-08-22 10:23:13 train.py: epoch 126/166  train_loss=0.3455  val_loss=0.5280  val_auc=0.8693  lr=0.000143  grad=0.454  mem=1682MiB
2026-08-22 10:23:30 INFO src.train: epoch 127/166  train_loss=0.3288  val_loss=0.5189  val_auc=0.8675  lr=0.000137  grad=0.508  mem=1737MiB
2026-08-22 10:23:48 INFO src.train: epoch 128/166  train_loss=0.3213  val_loss=0.5139  val_auc=0.8689  lr=0.000130  grad=0.450  mem=1706MiB
2026-08-22 10:24:07 INFO src.train: epoch 129/166  train_loss=0.3193  val_loss=0.5269  val_auc=0.8651  lr=0.000124  grad=0.467  mem=1724MiB
2026-08-22 10:24:07 WARNING src.train: BatchNorm: more than 20% of batch in one class
2026-08-22 10:24:22 INFO src.train: epoch 130/166  train_loss=0.3151  val_loss=0.5261  val_auc=0.8679  lr=0.000118  grad=0.449  mem=1747MiB
2026-08-22 10:24:38 train.py: epoch 131/166  train_loss=0.3078  val_loss=0.5433  val_auc=0.8706  lr=0.000112  grad=0.386  mem=1708MiB
2026-08-22 10:24:55 INFO src.train: epoch 132/166  train_loss=0.3087  val_loss=0.5457  val_auc=0.8734  lr=0.000106  grad=0.485  mem=1737MiB
2026-08-22 10:25:13 INFO src.train: epoch 133/166  train_loss=0.2973  val_loss=0.5140  val_auc=0.8680  lr=0.000100  grad=0.495  mem=1709MiB
2026-08-22 10:25:32 INFO src.train: epoch 134/166  train_loss=0.2814  val_loss=0.5047  val_auc=0.8699  lr=0.000094  grad=0.468  mem=1641MiB
2026-08-22 10:25:47 INFO src.train: epoch 135/166  train_loss=0.2897  val_loss=0.5084  val_auc=0.8707  lr=0.000089  grad=0.379  mem=1652MiB
2026-08-22 10:26:03 train.py: epoch 136/166  train_loss=0.2710  val_loss=0.4716  val_auc=0.8697  lr=0.000084  grad=0.374  mem=1729MiB
2026-08-22 10:26:20 INFO src.train: epoch 137/166  train_loss=0.2670  val_loss=0.4510  val_auc=0.8757  lr=0.000078  grad=0.573  mem=1717MiB
2026-08-22 10:26:38 INFO src.train: epoch 138/166  train_loss=0.2600  val_loss=0.4588  val_auc=0.8693  lr=0.000073  grad=0.394  mem=1630MiB
2026-08-22 10:26:57 INFO src.train: epoch 139/166  train_loss=0.2600  val_loss=0.4649  val_auc=0.8735  lr=0.000069  grad=0.414  mem=1715MiB
2026-08-22 10:27:12 INFO src.train: epoch 140/166  train_loss=0.2600  val_loss=0.4713  val_auc=0.8648  lr=0.000064  grad=0.445  mem=1721MiB
2026-08-22 10:27:28 train.py: epoch 141/166  train_loss=0.2606  val_loss=0.4674  val_auc=0.8799  lr=0.000059  grad=0.495  mem=1748MiB
2026-08-22 10:27:45 INFO src.train: epoch 142/166  train_loss=0.2600  val_loss=0.4798  val_auc=0.8759  lr=0.000055  grad=0.535  mem=1683MiB
2026-08-22 10:28:03 INFO src.train: epoch 143/166  train_loss=0.2659  val_loss=0.5114  val_auc=0.8746  lr=0.000051  grad=0.429  mem=1742MiB
2026-08-22 10:28:22 INFO src.train: epoch 144/166  train_loss=0.2600  val_loss=0.4873  val_auc=0.8728  lr=0.000047  grad=0.369  mem=1639MiB
2026-08-22 10:28:37 INFO src.train: epoch 145/166  train_loss=0.2600  val_loss=0.4553  val_auc=0.8820  lr=0.000043  grad=0.313  mem=1705MiB
2026-08-22 10:28:37 INFO src.train: new best val_auc=0.8740 -> checkpoints/.../best.pt
2026-08-22 10:28:53 train.py: epoch 146/166  train_loss=0.2600  val_loss=0.4524  val_auc=0.8756  lr=0.000039  grad=0.369  mem=1736MiB
2026-08-22 10:29:10 INFO src.train: epoch 147/166  train_loss=0.2600  val_loss=0.4148  val_auc=0.8742  lr=0.000035  grad=0.319  mem=1644MiB
2026-08-22 10:29:28 INFO src.train: epoch 148/166  train_loss=0.2600  val_loss=0.4054  val_auc=0.8738  lr=0.000032  grad=0.362  mem=1678MiB
2026-08-22 10:29:47 INFO src.train: epoch 149/166  train_loss=0.2621  val_loss=0.4050  val_auc=0.8752  lr=0.000029  grad=0.357  mem=1638MiB
2026-08-22 10:30:02 INFO src.train: epoch 150/166  train_loss=0.2777  val_loss=0.3815  val_auc=0.8711  lr=0.000026  grad=0.427  mem=1715MiB
2026-08-22 10:30:18 train.py: epoch 151/166  train_loss=0.2872  val_loss=0.3877  val_auc=0.8734  lr=0.000023  grad=0.304  mem=1704MiB
2026-08-22 10:30:35 INFO src.train: epoch 152/166  train_loss=0.2966  val_loss=0.3830  val_auc=0.8760  lr=0.000020  grad=0.481  mem=1706MiB
2026-08-22 10:30:53 INFO src.train: epoch 153/166  train_loss=0.2992  val_loss=0.3965  val_auc=0.8738  lr=0.000017  grad=0.263  mem=1653MiB
2026-08-22 10:31:12 INFO src.train: epoch 154/166  train_loss=0.2987  val_loss=0.4108  val_auc=0.8722  lr=0.000015  grad=0.422  mem=1701MiB
2026-08-22 10:31:27 INFO src.train: epoch 155/166  train_loss=0.2933  val_loss=0.4140  val_auc=0.8761  lr=0.000013  grad=0.299  mem=1744MiB
2026-08-22 10:31:43 train.py: epoch 156/166  train_loss=0.2951  val_loss=0.4264  val_auc=0.8762  lr=0.000011  grad=0.492  mem=1741MiB
2026-08-22 10:32:00 INFO src.train: epoch 157/166  train_loss=0.2939  val_loss=0.3855  val_auc=0.8700  lr=0.000009  grad=0.331  mem=1658MiB
2026-08-22 10:32:18 INFO src.train: epoch 158/166  train_loss=0.2730  val_loss=0.3754  val_auc=0.8709  lr=0.000007  grad=0.267  mem=1707MiB
2026-08-22 10:32:37 INFO src.train: epoch 159/166  train_loss=0.2600  val_loss=0.3801  val_auc=0.8724  lr=0.000006  grad=0.301  mem=1748MiB
2026-08-22 10:32:52 INFO src.train: epoch 160/166  train_loss=0.2600  val_loss=0.3969  val_auc=0.8721  lr=0.000004  grad=0.276  mem=1658MiB
2026-08-22 10:33:08 train.py: epoch 161/166  train_loss=0.2898  val_loss=0.4057  val_auc=0.8740  lr=0.000003  grad=0.210  mem=1716MiB
2026-08-22 10:33:25 INFO src.train: epoch 162/166  train_loss=0.2910  val_loss=0.4164  val_auc=0.8694  lr=0.000002  grad=0.417  mem=1709MiB
2026-08-22 10:33:43 INFO src.train: epoch 163/166  train_loss=0.2884  val_loss=0.4392  val_auc=0.8747  lr=0.000001  grad=0.370  mem=1636MiB
2026-08-22 10:34:02 INFO src.train: epoch 164/166  train_loss=0.2708  val_loss=0.4467  val_auc=0.8760  lr=0.000001  grad=0.200  mem=1738MiB
2026-08-22 10:34:17 INFO src.train: epoch 165/166  train_loss=0.2720  val_loss=0.4357  val_auc=0.8672  lr=0.000000  grad=0.367  mem=1642MiB
2026-08-22 10:34:33 train.py: epoch 166/166  train_loss=0.2967  val_loss=0.4307  val_auc=0.8721  lr=0.000000  grad=0.270  mem=1729MiB
2026-08-22 10:34:33 INFO src.train: patience=20; continuing for loss monitoring, will restore epoch 145
