2026-08-22 14:58:23 INFO src.train: ASAE full (type-consistent input)
2026-08-22 14:58:23 INFO src.train: seed=4  batch=256  smotenc=1:3 cat=[MOSTYPE,MOSHOOFD]  device=cuda:0 (RTX 3090)
2026-08-22 14:58:23 INFO src.train: features=x_mixed.npz d_in=133 (83 numeric + 40 + 10 one-hot)
2026-08-22 14:58:23 INFO src.train: Trainable 60,647 | frozen_backbone_est 0 | total_est 60,647
2026-08-22 14:58:23 WARNING src.train: SMOTENC fitted on train partition only
2026-08-22 14:58:45 train.py: epoch 001/161  train_loss=1.8240  val_loss=1.8591  val_auc=0.5671  lr=0.001000  grad=2.448  mem=1651MiB
2026-08-22 14:58:59 INFO src.train: epoch 002/161  train_loss=1.7837  val_loss=1.8546  val_auc=0.5870  lr=0.001000  grad=2.327  mem=1738MiB
2026-08-22 14:59:14 INFO src.train: epoch 003/161  train_loss=1.7415  val_loss=1.8274  val_auc=0.5752  lr=0.001000  grad=2.201  mem=1645MiB
2026-08-22 14:59:30 INFO src.train: epoch 004/161  train_loss=1.7181  val_loss=1.8163  val_auc=0.5881  lr=0.000999  grad=2.336  mem=1746MiB
2026-08-22 14:59:42 INFO src.train: epoch 005/161  train_loss=1.6768  val_loss=1.8298  val_auc=0.6004  lr=0.000998  grad=2.349  mem=1693MiB
2026-08-22 14:59:55 train.py: epoch 006/161  train_loss=1.6177  val_loss=1.8228  val_auc=0.6033  lr=0.000998  grad=2.184  mem=1723MiB
2026-08-22 15:00:09 INFO src.train: epoch 007/161  train_loss=1.6075  val_loss=1.8318  val_auc=0.6102  lr=0.000997  grad=2.108  mem=1651MiB
2026-08-22 15:00:24 INFO src.train: epoch 008/161  train_loss=1.5811  val_loss=1.8058  val_auc=0.6152  lr=0.000995  grad=2.054  mem=1712MiB
2026-08-22 15:00:40 INFO src.train: epoch 009/161  train_loss=1.5605  val_loss=1.8242  val_auc=0.6136  lr=0.000994  grad=2.112  mem=1684MiB
2026-08-22 15:00:40 WARNING src.train: BatchNorm: more than 20% of batch in one class
2026-08-22 15:00:52 INFO src.train: epoch 010/161  train_loss=1.5481  val_loss=1.8131  val_auc=0.6339  lr=0.000992  grad=2.085  mem=1714MiB
2026-08-22 15:01:05 train.py: epoch 011/161  train_loss=1.5326  val_loss=1.8081  val_auc=0.6269  lr=0.000991  grad=2.238  mem=1740MiB
2026-08-22 15:01:19 INFO src.train: epoch 012/161  train_loss=1.5395  val_loss=1.7970  val_auc=0.6288  lr=0.000989  grad=2.084  mem=1739MiB
2026-08-22 15:01:34 INFO src.train: epoch 013/161  train_loss=1.5225  val_loss=1.7551  val_auc=0.6445  lr=0.000986  grad=2.041  mem=1633MiB
2026-08-22 15:01:50 INFO src.train: epoch 014/161  train_loss=1.5067  val_loss=1.7688  val_auc=0.6502  lr=0.000984  grad=2.011  mem=1645MiB
2026-08-22 15:02:02 INFO src.train: epoch 015/161  train_loss=1.4733  val_loss=1.7494  val_auc=0.6489  lr=0.000981  grad=2.071  mem=1733MiB
2026-08-22 15:02:15 train.py: epoch 016/161  train_loss=1.4361  val_loss=1.7761  val_auc=0.6614  lr=0.000979  grad=1.992  mem=1666MiB
2026-08-22 15:02:29 INFO src.train: epoch 017/161  train_loss=1.4321  val_loss=1.7920  val_auc=0.6660  lr=0.000976  grad=1.908  mem=1709MiB
2026-08-22 15:02:44 INFO src.train: epoch 018/161  train_loss=1.4066  val_loss=1.7842  val_auc=0.6688  lr=0.000973  grad=2.058  mem=1647MiB
2026-08-22 15:03:00 INFO src.train: epoch 019/161  train_loss=1.4129  val_loss=1.7505  val_auc=0.6787  lr=0.000969  grad=1.847  mem=1737MiB
2026-08-22 15:03:12 INFO src.train: epoch 020/161  train_loss=1.3750  val_loss=1.7005  val_auc=0.6839  lr=0.000966  grad=1.942  mem=1696MiB
2026-08-22 15:03:25 train.py: epoch 021/161  train_loss=1.3530  val_loss=1.6670  val_auc=0.6839  lr=0.000962  grad=1.662  mem=1697MiB
2026-08-22 15:03:39 INFO src.train: epoch 022/161  train_loss=1.3423  val_loss=1.6732  val_auc=0.6900  lr=0.000959  grad=1.765  mem=1684MiB
2026-08-22 15:03:54 INFO src.train: epoch 023/161  train_loss=1.3058  val_loss=1.6461  val_auc=0.6974  lr=0.000955  grad=1.753  mem=1714MiB
2026-08-22 15:04:10 INFO src.train: epoch 024/161  train_loss=1.2848  val_loss=1.6382  val_auc=0.7015  lr=0.000950  grad=1.795  mem=1706MiB
2026-08-22 15:04:22 INFO src.train: epoch 025/161  train_loss=1.2633  val_loss=1.5981  val_auc=0.6984  lr=0.000946  grad=1.791  mem=1729MiB
2026-08-22 15:04:35 train.py: epoch 026/161  train_loss=1.2533  val_loss=1.6064  val_auc=0.7060  lr=0.000942  grad=1.762  mem=1653MiB
2026-08-22 15:04:49 INFO src.train: epoch 027/161  train_loss=1.2493  val_loss=1.5792  val_auc=0.7101  lr=0.000937  grad=1.770  mem=1675MiB
2026-08-22 15:05:04 INFO src.train: epoch 028/161  train_loss=1.2161  val_loss=1.5713  val_auc=0.7142  lr=0.000932  grad=1.851  mem=1714MiB
2026-08-22 15:05:20 INFO src.train: epoch 029/161  train_loss=1.2196  val_loss=1.5709  val_auc=0.7100  lr=0.000927  grad=1.518  mem=1748MiB
2026-08-22 15:05:32 INFO src.train: epoch 030/161  train_loss=1.1963  val_loss=1.5572  val_auc=0.7226  lr=0.000922  grad=1.754  mem=1714MiB
2026-08-22 15:05:45 train.py: epoch 031/161  train_loss=1.2001  val_loss=1.5545  val_auc=0.7200  lr=0.000917  grad=1.648  mem=1646MiB
2026-08-22 15:05:59 INFO src.train: epoch 032/161  train_loss=1.1752  val_loss=1.5410  val_auc=0.7350  lr=0.000911  grad=1.700  mem=1716MiB
2026-08-22 15:06:14 INFO src.train: epoch 033/161  train_loss=1.1588  val_loss=1.4972  val_auc=0.7245  lr=0.000906  grad=1.409  mem=1641MiB
2026-08-22 15:06:30 INFO src.train: epoch 034/161  train_loss=1.1429  val_loss=1.4574  val_auc=0.7363  lr=0.000900  grad=1.531  mem=1707MiB
2026-08-22 15:06:42 INFO src.train: epoch 035/161  train_loss=1.1474  val_loss=1.4330  val_auc=0.7349  lr=0.000894  grad=1.580  mem=1748MiB
2026-08-22 15:06:55 train.py: epoch 036/161  train_loss=1.1191  val_loss=1.4132  val_auc=0.7453  lr=0.000888  grad=1.570  mem=1713MiB
2026-08-22 15:07:09 INFO src.train: epoch 037/161  train_loss=1.0862  val_loss=1.3842  val_auc=0.7398  lr=0.000882  grad=1.482  mem=1735MiB
2026-08-22 15:07:24 INFO src.train: epoch 038/161  train_loss=1.0710  val_loss=1.3725  val_auc=0.7497  lr=0.000875  grad=1.418  mem=1683MiB
2026-08-22 15:07:40 INFO src.train: epoch 039/161  train_loss=1.0400  val_loss=1.3259  val_auc=0.7472  lr=0.000869  grad=1.465  mem=1694MiB
2026-08-22 15:07:52 INFO src.train: epoch 040/161  train_loss=1.0129  val_loss=1.3185  val_auc=0.7598  lr=0.000862  grad=1.453  mem=1666MiB
2026-08-22 15:08:05 train.py: epoch 041/161  train_loss=0.9865  val_loss=1.3140  val_auc=0.7554  lr=0.000855  grad=1.452  mem=1631MiB
2026-08-22 15:08:19 INFO src.train: epoch 042/161  train_loss=0.9639  val_loss=1.2635  val_auc=0.7630  lr=0.000848  grad=1.386  mem=1664MiB
2026-08-22 15:08:34 INFO src.train: epoch 043/161  train_loss=0.9241  val_loss=1.2513  val_auc=0.7621  lr=0.000841  grad=1.413  mem=1654MiB
2026-08-22 15:08:50 INFO src.train: epoch 044/161  train_loss=0.9261  val_loss=1.2525  val_auc=0.7642  lr=0.000834  grad=1.323  mem=1663MiB
2026-08-22 15:09:02 INFO src.train: epoch 045/161  train_loss=0.9138  val_loss=1.2123  val_auc=0.7719  lr=0.000827  grad=1.463  mem=1725MiB
2026-08-22 15:09:15 train.py: epoch 046/161  train_loss=0.8815  val_loss=1.1949  val_auc=0.7722  lr=0.000819  grad=1.392  mem=1677MiB
2026-08-22 15:09:29 INFO src.train: epoch 047/161  train_loss=0.8674  val_loss=1.2120  val_auc=0.7711  lr=0.000812  grad=1.354  mem=1642MiB
2026-08-22 15:09:44 INFO src.train: epoch 048/161  train_loss=0.8643  val_loss=1.2118  val_auc=0.7744  lr=0.000804  grad=1.321  mem=1697MiB
2026-08-22 15:10:00 INFO src.train: epoch 049/161  train_loss=0.8617  val_loss=1.1992  val_auc=0.7712  lr=0.000796  grad=1.396  mem=1658MiB
2026-08-22 15:10:00 WARNING src.train: BatchNorm: more than 20% of batch in one class
2026-08-22 15:10:12 INFO src.train: epoch 050/161  train_loss=0.8412  val_loss=1.1654  val_auc=0.7834  lr=0.000788  grad=1.368  mem=1631MiB
2026-08-22 15:10:25 train.py: epoch 051/161  train_loss=0.8214  val_loss=1.1558  val_auc=0.7880  lr=0.000780  grad=1.178  mem=1701MiB
2026-08-22 15:10:39 INFO src.train: epoch 052/161  train_loss=0.8166  val_loss=1.1221  val_auc=0.7939  lr=0.000772  grad=1.135  mem=1655MiB
2026-08-22 15:10:54 INFO src.train: epoch 053/161  train_loss=0.7834  val_loss=1.0966  val_auc=0.7799  lr=0.000764  grad=1.210  mem=1747MiB
2026-08-22 15:11:10 INFO src.train: epoch 054/161  train_loss=0.7696  val_loss=1.0613  val_auc=0.7968  lr=0.000756  grad=1.141  mem=1661MiB
2026-08-22 15:11:22 INFO src.train: epoch 055/161  train_loss=0.7774  val_loss=1.0425  val_auc=0.7888  lr=0.000747  grad=1.120  mem=1637MiB
2026-08-22 15:11:35 train.py: epoch 056/161  train_loss=0.7508  val_loss=1.0115  val_auc=0.7883  lr=0.000739  grad=1.197  mem=1664MiB
2026-08-22 15:11:49 INFO src.train: epoch 057/161  train_loss=0.7460  val_loss=0.9874  val_auc=0.8025  lr=0.000730  grad=1.202  mem=1675MiB
2026-08-22 15:12:04 INFO src.train: epoch 058/161  train_loss=0.7463  val_loss=0.9610  val_auc=0.8010  lr=0.000721  grad=1.051  mem=1631MiB
2026-08-22 15:12:20 INFO src.train: epoch 059/161  train_loss=0.7315  val_loss=0.9291  val_auc=0.8010  lr=0.000713  grad=1.157  mem=1635MiB
2026-08-22 15:12:32 INFO src.train: epoch 060/161  train_loss=0.7127  val_loss=0.8928  val_auc=0.8018  lr=0.000704  grad=1.242  mem=1659MiB
2026-08-22 15:12:45 train.py: epoch 061/161  train_loss=0.7031  val_loss=0.8803  val_auc=0.8035  lr=0.000695  grad=1.149  mem=1731MiB
2026-08-22 15:12:59 INFO src.train: epoch 062/161  train_loss=0.6815  val_loss=0.8689  val_auc=0.8053  lr=0.000686  grad=1.102  mem=1725MiB
2026-08-22 15:13:14 INFO src.train: epoch 063/161  train_loss=0.6621  val_loss=0.8469  val_auc=0.8129  lr=0.000677  grad=1.143  mem=1710MiB
2026-08-22 15:13:30 INFO src.train: epoch 064/161  train_loss=0.6438  val_loss=0.8327  val_auc=0.8065  lr=0.000667  grad=1.001  mem=1663MiB
2026-08-22 15:13:42 INFO src.train: epoch 065/161  train_loss=0.6067  val_loss=0.8332  val_auc=0.8123  lr=0.000658  grad=0.903  mem=1699MiB
2026-08-22 15:13:55 train.py: epoch 066/161  train_loss=0.6281  val_loss=0.8122  val_auc=0.8144  lr=0.000649  grad=1.096  mem=1732MiB
2026-08-22 15:14:09 INFO src.train: epoch 067/161  train_loss=0.6579  val_loss=0.7926  val_auc=0.8124  lr=0.000640  grad=1.126  mem=1643MiB
2026-08-22 15:14:24 INFO src.train: epoch 068/161  train_loss=0.6161  val_loss=0.8235  val_auc=0.8149  lr=0.000630  grad=1.130  mem=1685MiB
2026-08-22 15:14:40 INFO src.train: epoch 069/161  train_loss=0.5762  val_loss=0.8258  val_auc=0.8199  lr=0.000621  grad=1.095  mem=1692MiB
2026-08-22 15:14:52 INFO src.train: epoch 070/161  train_loss=0.5684  val_loss=0.8221  val_auc=0.8208  lr=0.000611  grad=0.963  mem=1645MiB
2026-08-22 15:15:05 train.py: epoch 071/161  train_loss=0.5644  val_loss=0.8084  val_auc=0.8136  lr=0.000602  grad=1.117  mem=1702MiB
2026-08-22 15:15:19 INFO src.train: epoch 072/161  train_loss=0.5482  val_loss=0.7856  val_auc=0.8212  lr=0.000592  grad=1.033  mem=1738MiB
2026-08-22 15:15:34 INFO src.train: epoch 073/161  train_loss=0.5539  val_loss=0.7615  val_auc=0.8231  lr=0.000583  grad=1.006  mem=1723MiB
2026-08-22 15:15:50 INFO src.train: epoch 074/161  train_loss=0.5378  val_loss=0.7611  val_auc=0.8305  lr=0.000573  grad=0.945  mem=1669MiB
2026-08-22 15:16:02 INFO src.train: epoch 075/161  train_loss=0.5078  val_loss=0.7499  val_auc=0.8313  lr=0.000563  grad=1.002  mem=1659MiB
2026-08-22 15:16:15 train.py: epoch 076/161  train_loss=0.4952  val_loss=0.7452  val_auc=0.8304  lr=0.000554  grad=0.999  mem=1701MiB
2026-08-22 15:16:29 INFO src.train: epoch 077/161  train_loss=0.4845  val_loss=0.7119  val_auc=0.8292  lr=0.000544  grad=0.936  mem=1644MiB
2026-08-22 15:16:44 INFO src.train: epoch 078/161  train_loss=0.4552  val_loss=0.6967  val_auc=0.8281  lr=0.000534  grad=0.991  mem=1717MiB
2026-08-22 15:17:00 INFO src.train: epoch 079/161  train_loss=0.4479  val_loss=0.7114  val_auc=0.8313  lr=0.000524  grad=0.895  mem=1643MiB
2026-08-22 15:17:12 INFO src.train: epoch 080/161  train_loss=0.4380  val_loss=0.7080  val_auc=0.8389  lr=0.000515  grad=0.793  mem=1678MiB
2026-08-22 15:17:25 train.py: epoch 081/161  train_loss=0.4307  val_loss=0.7026  val_auc=0.8350  lr=0.000505  grad=0.900  mem=1647MiB
2026-08-22 15:17:39 INFO src.train: epoch 082/161  train_loss=0.4239  val_loss=0.7226  val_auc=0.8294  lr=0.000495  grad=0.993  mem=1712MiB
2026-08-22 15:17:54 INFO src.train: epoch 083/161  train_loss=0.3807  val_loss=0.6953  val_auc=0.8380  lr=0.000485  grad=0.831  mem=1633MiB
2026-08-22 15:18:10 INFO src.train: epoch 084/161  train_loss=0.3767  val_loss=0.6903  val_auc=0.8295  lr=0.000476  grad=0.663  mem=1697MiB
2026-08-22 15:18:22 INFO src.train: epoch 085/161  train_loss=0.3763  val_loss=0.7148  val_auc=0.8408  lr=0.000466  grad=0.848  mem=1744MiB
2026-08-22 15:18:35 train.py: epoch 086/161  train_loss=0.3832  val_loss=0.7214  val_auc=0.8417  lr=0.000456  grad=0.878  mem=1709MiB
2026-08-22 15:18:49 INFO src.train: epoch 087/161  train_loss=0.3879  val_loss=0.7041  val_auc=0.8302  lr=0.000446  grad=0.655  mem=1661MiB
2026-08-22 15:19:04 INFO src.train: epoch 088/161  train_loss=0.3735  val_loss=0.7027  val_auc=0.8405  lr=0.000437  grad=0.738  mem=1722MiB
2026-08-22 15:19:20 INFO src.train: epoch 089/161  train_loss=0.3515  val_loss=0.7108  val_auc=0.8419  lr=0.000427  grad=0.920  mem=1736MiB
2026-08-22 15:19:20 WARNING src.train: BatchNorm: more than 20% of batch in one class
2026-08-22 15:19:32 INFO src.train: epoch 090/161  train_loss=0.3482  val_loss=0.7073  val_auc=0.8429  lr=0.000417  grad=0.824  mem=1737MiB
2026-08-22 15:19:45 train.py: epoch 091/161  train_loss=0.3460  val_loss=0.6638  val_auc=0.8423  lr=0.000408  grad=0.709  mem=1724MiB
2026-08-22 15:19:59 INFO src.train: epoch 092/161  train_loss=0.3312  val_loss=0.6325  val_auc=0.8363  lr=0.000398  grad=0.795  mem=1697MiB
2026-08-22 15:20:14 INFO src.train: epoch 093/161  train_loss=0.3247  val_loss=0.6465  val_auc=0.8458  lr=0.000389  grad=0.666  mem=1722MiB
2026-08-22 15:20:30 INFO src.train: epoch 094/161  train_loss=0.3043  val_loss=0.6529  val_auc=0.8469  lr=0.000379  grad=0.725  mem=1717MiB
2026-08-22 15:20:42 INFO src.train: epoch 095/161  train_loss=0.3089  val_loss=0.6516  val_auc=0.8510  lr=0.000370  grad=0.709  mem=1676MiB
2026-08-22 15:20:55 train.py: epoch 096/161  train_loss=0.2867  val_loss=0.6322  val_auc=0.8505  lr=0.000360  grad=0.606  mem=1665MiB
2026-08-22 15:21:09 INFO src.train: epoch 097/161  train_loss=0.2844  val_loss=0.6366  val_auc=0.8606  lr=0.000351  grad=0.811  mem=1701MiB
2026-08-22 15:21:24 INFO src.train: epoch 098/161  train_loss=0.2656  val_loss=0.6581  val_auc=0.8507  lr=0.000342  grad=0.813  mem=1744MiB
2026-08-22 15:21:40 INFO src.train: epoch 099/161  train_loss=0.2619  val_loss=0.6249  val_auc=0.8490  lr=0.000333  grad=0.782  mem=1669MiB
2026-08-22 15:21:52 INFO src.train: epoch 100/161  train_loss=0.2600  val_loss=0.6183  val_auc=0.8495  lr=0.000323  grad=0.726  mem=1657MiB
2026-08-22 15:22:05 train.py: epoch 101/161  train_loss=0.2632  val_loss=0.6106  val_auc=0.8518  lr=0.000314  grad=0.672  mem=1691MiB
2026-08-22 15:22:19 INFO src.train: epoch 102/161  train_loss=0.2695  val_loss=0.6054  val_auc=0.8617  lr=0.000305  grad=0.654  mem=1746MiB
2026-08-22 15:22:34 INFO src.train: epoch 103/161  train_loss=0.2688  val_loss=0.6141  val_auc=0.8545  lr=0.000296  grad=0.561  mem=1682MiB
2026-08-22 15:22:50 INFO src.train: epoch 104/161  train_loss=0.2630  val_loss=0.6325  val_auc=0.8627  lr=0.000287  grad=0.773  mem=1725MiB
2026-08-22 15:23:02 INFO src.train: epoch 105/161  train_loss=0.2641  val_loss=0.6323  val_auc=0.8530  lr=0.000279  grad=0.662  mem=1708MiB
2026-08-22 15:23:15 train.py: epoch 106/161  train_loss=0.2782  val_loss=0.6026  val_auc=0.8541  lr=0.000270  grad=0.743  mem=1722MiB
2026-08-22 15:23:29 INFO src.train: epoch 107/161  train_loss=0.2932  val_loss=0.5757  val_auc=0.8548  lr=0.000261  grad=0.634  mem=1726MiB
2026-08-22 15:23:44 INFO src.train: epoch 108/161  train_loss=0.2906  val_loss=0.5714  val_auc=0.8541  lr=0.000253  grad=0.580  mem=1720MiB
2026-08-22 15:24:00 INFO src.train: epoch 109/161  train_loss=0.3035  val_loss=0.5657  val_auc=0.8587  lr=0.000244  grad=0.658  mem=1682MiB
2026-08-22 15:24:12 INFO src.train: epoch 110/161  train_loss=0.3151  val_loss=0.5451  val_auc=0.8661  lr=0.000236  grad=0.486  mem=1711MiB
2026-08-22 15:24:25 train.py: epoch 111/161  train_loss=0.3012  val_loss=0.5016  val_auc=0.8577  lr=0.000228  grad=0.556  mem=1707MiB
2026-08-22 15:24:39 INFO src.train: epoch 112/161  train_loss=0.2821  val_loss=0.4594  val_auc=0.8662  lr=0.000220  grad=0.562  mem=1657MiB
2026-08-22 15:24:54 INFO src.train: epoch 113/161  train_loss=0.2835  val_loss=0.4132  val_auc=0.8666  lr=0.000212  grad=0.651  mem=1703MiB
2026-08-22 15:25:10 INFO src.train: epoch 114/161  train_loss=0.2600  val_loss=0.3909  val_auc=0.8556  lr=0.000204  grad=0.531  mem=1711MiB
2026-08-22 15:25:22 INFO src.train: epoch 115/161  train_loss=0.2643  val_loss=0.3887  val_auc=0.8631  lr=0.000196  grad=0.412  mem=1654MiB
2026-08-22 15:25:35 train.py: epoch 116/161  train_loss=0.2692  val_loss=0.3825  val_auc=0.8639  lr=0.000188  grad=0.685  mem=1738MiB
2026-08-22 15:25:49 INFO src.train: epoch 117/161  train_loss=0.2630  val_loss=0.3850  val_auc=0.8683  lr=0.000181  grad=0.584  mem=1740MiB
2026-08-22 15:26:04 INFO src.train: epoch 118/161  train_loss=0.2605  val_loss=0.3719  val_auc=0.8637  lr=0.000173  grad=0.566  mem=1676MiB
2026-08-22 15:26:20 INFO src.train: epoch 119/161  train_loss=0.2600  val_loss=0.3683  val_auc=0.8616  lr=0.000166  grad=0.467  mem=1716MiB
2026-08-22 15:26:32 INFO src.train: epoch 120/161  train_loss=0.2608  val_loss=0.3770  val_auc=0.8682  lr=0.000159  grad=0.715  mem=1706MiB
2026-08-22 15:26:45 train.py: epoch 121/161  train_loss=0.2600  val_loss=0.3857  val_auc=0.8632  lr=0.000152  grad=0.606  mem=1636MiB
2026-08-22 15:26:59 INFO src.train: epoch 122/161  train_loss=0.2600  val_loss=0.3728  val_auc=0.8614  lr=0.000145  grad=0.585  mem=1711MiB
2026-08-22 15:27:14 INFO src.train: epoch 123/161  train_loss=0.2938  val_loss=0.3600  val_auc=0.8645  lr=0.000138  grad=0.617  mem=1699MiB
2026-08-22 15:27:30 INFO src.train: epoch 124/161  train_loss=0.3138  val_loss=0.3699  val_auc=0.8688  lr=0.000131  grad=0.492  mem=1661MiB
2026-08-22 15:27:42 INFO src.train: epoch 125/161  train_loss=0.3042  val_loss=0.3797  val_auc=0.8659  lr=0.000125  grad=0.496  mem=1636MiB
2026-08-22 15:27:55 train.py: epoch 126/161  train_loss=0.2769  val_loss=0.3918  val_auc=0.8608  lr=0.000118  grad=0.436  mem=1674MiB
2026-08-22 15:28:09 INFO src.train: epoch 127/161  train_loss=0.2773  val_loss=0.4054  val_auc=0.8766  lr=0.000112  grad=0.390  mem=1686MiB
2026-08-22 15:28:24 INFO src.train: epoch 128/161  train_loss=0.2925  val_loss=0.4031  val_auc=0.8710  lr=0.000106  grad=0.567  mem=1744MiB
2026-08-22 15:28:40 INFO src.train: epoch 129/161  train_loss=0.2608  val_loss=0.4079  val_auc=0.8757  lr=0.000100  grad=0.510  mem=1634MiB
2026-08-22 15:28:40 WARNING src.train: BatchNorm: more than 20% of batch in one class
2026-08-22 15:28:52 INFO src.train: epoch 130/161  train_loss=0.2623  val_loss=0.4315  val_auc=0.8700  lr=0.000094  grad=0.511  mem=1676MiB
2026-08-22 15:29:05 train.py: epoch 131/161  train_loss=0.2631  val_loss=0.4315  val_auc=0.8654  lr=0.000089  grad=0.544  mem=1681MiB
2026-08-22 15:29:19 INFO src.train: epoch 132/161  train_loss=0.2658  val_loss=0.4129  val_auc=0.8739  lr=0.000083  grad=0.668  mem=1732MiB
2026-08-22 15:29:34 INFO src.train: epoch 133/161  train_loss=0.2600  val_loss=0.4052  val_auc=0.8727  lr=0.000078  grad=0.412  mem=1743MiB
2026-08-22 15:29:50 INFO src.train: epoch 134/161  train_loss=0.2600  val_loss=0.4216  val_auc=0.8722  lr=0.000073  grad=0.597  mem=1699MiB
2026-08-22 15:30:02 INFO src.train: epoch 135/161  train_loss=0.2600  val_loss=0.4445  val_auc=0.8728  lr=0.000068  grad=0.391  mem=1673MiB
2026-08-22 15:30:15 train.py: epoch 136/161  train_loss=0.2670  val_loss=0.4513  val_auc=0.8748  lr=0.000063  grad=0.404  mem=1725MiB
2026-08-22 15:30:29 INFO src.train: epoch 137/161  train_loss=0.2759  val_loss=0.4478  val_auc=0.8669  lr=0.000058  grad=0.311  mem=1694MiB
2026-08-22 15:30:44 INFO src.train: epoch 138/161  train_loss=0.2665  val_loss=0.4450  val_auc=0.8685  lr=0.000054  grad=0.427  mem=1642MiB
2026-08-22 15:31:00 INFO src.train: epoch 139/161  train_loss=0.2600  val_loss=0.4283  val_auc=0.8787  lr=0.000050  grad=0.482  mem=1639MiB
2026-08-22 15:31:00 INFO src.train: new best val_auc=0.8730 -> checkpoints/.../best.pt
2026-08-22 15:31:12 INFO src.train: epoch 140/161  train_loss=0.2600  val_loss=0.4090  val_auc=0.8773  lr=0.000045  grad=0.271  mem=1693MiB
2026-08-22 15:31:25 train.py: epoch 141/161  train_loss=0.2600  val_loss=0.4076  val_auc=0.8658  lr=0.000041  grad=0.538  mem=1716MiB
2026-08-22 15:31:39 INFO src.train: epoch 142/161  train_loss=0.2600  val_loss=0.4196  val_auc=0.8725  lr=0.000038  grad=0.388  mem=1724MiB
2026-08-22 15:31:54 INFO src.train: epoch 143/161  train_loss=0.2734  val_loss=0.4055  val_auc=0.8733  lr=0.000034  grad=0.511  mem=1737MiB
2026-08-22 15:32:10 INFO src.train: epoch 144/161  train_loss=0.2730  val_loss=0.4364  val_auc=0.8720  lr=0.000031  grad=0.420  mem=1650MiB
2026-08-22 15:32:22 INFO src.train: epoch 145/161  train_loss=0.2600  val_loss=0.4021  val_auc=0.8738  lr=0.000027  grad=0.457  mem=1689MiB
2026-08-22 15:32:35 train.py: epoch 146/161  train_loss=0.2752  val_loss=0.3934  val_auc=0.8651  lr=0.000024  grad=0.456  mem=1666MiB
2026-08-22 15:32:49 INFO src.train: epoch 147/161  train_loss=0.2833  val_loss=0.4056  val_auc=0.8715  lr=0.000021  grad=0.230  mem=1735MiB
2026-08-22 15:33:04 INFO src.train: epoch 148/161  train_loss=0.2836  val_loss=0.3877  val_auc=0.8741  lr=0.000019  grad=0.435  mem=1681MiB
2026-08-22 15:33:20 INFO src.train: epoch 149/161  train_loss=0.2700  val_loss=0.3819  val_auc=0.8693  lr=0.000016  grad=0.471  mem=1732MiB
2026-08-22 15:33:32 INFO src.train: epoch 150/161  train_loss=0.2636  val_loss=0.3802  val_auc=0.8712  lr=0.000014  grad=0.326  mem=1672MiB
2026-08-22 15:33:45 train.py: epoch 151/161  train_loss=0.2655  val_loss=0.3773  val_auc=0.8706  lr=0.000011  grad=0.314  mem=1669MiB
2026-08-22 15:33:59 INFO src.train: epoch 152/161  train_loss=0.2883  val_loss=0.3789  val_auc=0.8668  lr=0.000009  grad=0.288  mem=1741MiB
2026-08-22 15:34:14 INFO src.train: epoch 153/161  train_loss=0.2976  val_loss=0.3695  val_auc=0.8690  lr=0.000008  grad=0.282  mem=1686MiB
2026-08-22 15:34:30 INFO src.train: epoch 154/161  train_loss=0.2757  val_loss=0.3718  val_auc=0.8689  lr=0.000006  grad=0.274  mem=1706MiB
2026-08-22 15:34:42 INFO src.train: epoch 155/161  train_loss=0.2658  val_loss=0.3600  val_auc=0.8726  lr=0.000005  grad=0.430  mem=1678MiB
2026-08-22 15:34:55 train.py: epoch 156/161  train_loss=0.2600  val_loss=0.3600  val_auc=0.8683  lr=0.000003  grad=0.449  mem=1665MiB
2026-08-22 15:35:09 INFO src.train: epoch 157/161  train_loss=0.2600  val_loss=0.3600  val_auc=0.8703  lr=0.000002  grad=0.387  mem=1646MiB
2026-08-22 15:35:24 INFO src.train: epoch 158/161  train_loss=0.2840  val_loss=0.3600  val_auc=0.8689  lr=0.000002  grad=0.256  mem=1715MiB
2026-08-22 15:35:40 INFO src.train: epoch 159/161  train_loss=0.2826  val_loss=0.3639  val_auc=0.8712  lr=0.000001  grad=0.393  mem=1664MiB
2026-08-22 15:35:52 INFO src.train: epoch 160/161  train_loss=0.2789  val_loss=0.3764  val_auc=0.8725  lr=0.000000  grad=0.268  mem=1660MiB
2026-08-22 15:36:05 train.py: epoch 161/161  train_loss=0.2701  val_loss=0.3867  val_auc=0.8715  lr=0.000000  grad=0.296  mem=1656MiB
2026-08-22 15:36:05 INFO src.train: patience=20; continuing for loss monitoring, will restore epoch 139
