2026-08-22 16:41:23 INFO src.train: TabNet n_d=24 steps=4 (type-consistent input)
2026-08-22 16:41:23 INFO src.train: seed=2  batch=256  smotenc=1:3 cat=[MOSTYPE,MOSHOOFD]  device=cuda:0 (RTX 3090)
2026-08-22 16:41:23 INFO src.train: features=x_mixed.npz d_in=133 (83 numeric + 40 + 10 one-hot)
2026-08-22 16:41:23 INFO src.train: Trainable 23,229 | frozen_backbone_est 0 | total_est 23,229
2026-08-22 16:41:23 WARNING src.train: SMOTENC fitted on train partition only
2026-08-22 16:41:47 train.py: epoch 001/158  train_loss=1.5793  val_loss=1.6291  val_auc=0.5810  lr=0.011000  grad=2.364  mem=2157MiB
2026-08-22 16:42:03 INFO src.train: epoch 002/158  train_loss=1.5741  val_loss=1.6383  val_auc=0.5830  lr=0.010999  grad=2.319  mem=2082MiB
2026-08-22 16:42:20 INFO src.train: epoch 003/158  train_loss=1.5439  val_loss=1.6213  val_auc=0.6036  lr=0.010996  grad=2.403  mem=2122MiB
2026-08-22 16:42:38 INFO src.train: epoch 004/158  train_loss=1.5215  val_loss=1.5753  val_auc=0.6058  lr=0.010990  grad=2.365  mem=2082MiB
2026-08-22 16:42:52 INFO src.train: epoch 005/158  train_loss=1.4775  val_loss=1.5658  val_auc=0.6077  lr=0.010983  grad=2.307  mem=2149MiB
2026-08-22 16:43:07 train.py: epoch 006/158  train_loss=1.4501  val_loss=1.5421  val_auc=0.6130  lr=0.010973  grad=2.157  mem=2130MiB
2026-08-22 16:43:23 INFO src.train: epoch 007/158  train_loss=1.4491  val_loss=1.4926  val_auc=0.6162  lr=0.010961  grad=2.176  mem=2161MiB
2026-08-22 16:43:40 INFO src.train: epoch 008/158  train_loss=1.4325  val_loss=1.4841  val_auc=0.6227  lr=0.010947  grad=2.152  mem=2148MiB
2026-08-22 16:43:58 INFO src.train: epoch 009/158  train_loss=1.4389  val_loss=1.4524  val_auc=0.6207  lr=0.010931  grad=2.094  mem=2117MiB
2026-08-22 16:43:58 WARNING src.train: BatchNorm: more than 20% of batch in one class
2026-08-22 16:44:12 INFO src.train: epoch 010/158  train_loss=1.4206  val_loss=1.4471  val_auc=0.6259  lr=0.010912  grad=2.246  mem=2136MiB
2026-08-22 16:44:27 train.py: epoch 011/158  train_loss=1.3997  val_loss=1.4348  val_auc=0.6396  lr=0.010892  grad=2.127  mem=2127MiB
2026-08-22 16:44:43 INFO src.train: epoch 012/158  train_loss=1.3993  val_loss=1.3934  val_auc=0.6437  lr=0.010869  grad=2.191  mem=2148MiB
2026-08-22 16:45:00 INFO src.train: epoch 013/158  train_loss=1.3782  val_loss=1.3798  val_auc=0.6492  lr=0.010844  grad=2.168  mem=2113MiB
2026-08-22 16:45:18 INFO src.train: epoch 014/158  train_loss=1.3424  val_loss=1.3815  val_auc=0.6512  lr=0.010817  grad=2.081  mem=2106MiB
2026-08-22 16:45:32 INFO src.train: epoch 015/158  train_loss=1.2859  val_loss=1.3814  val_auc=0.6574  lr=0.010788  grad=1.984  mem=2075MiB
2026-08-22 16:45:47 train.py: epoch 016/158  train_loss=1.2638  val_loss=1.3414  val_auc=0.6604  lr=0.010757  grad=2.057  mem=2086MiB
2026-08-22 16:46:03 INFO src.train: epoch 017/158  train_loss=1.2381  val_loss=1.3319  val_auc=0.6643  lr=0.010724  grad=2.044  mem=2126MiB
2026-08-22 16:46:20 INFO src.train: epoch 018/158  train_loss=1.2191  val_loss=1.3206  val_auc=0.6656  lr=0.010689  grad=1.777  mem=2118MiB
2026-08-22 16:46:38 INFO src.train: epoch 019/158  train_loss=1.2064  val_loss=1.3080  val_auc=0.6669  lr=0.010651  grad=1.981  mem=2097MiB
2026-08-22 16:46:52 INFO src.train: epoch 020/158  train_loss=1.1929  val_loss=1.3043  val_auc=0.6741  lr=0.010612  grad=1.777  mem=2089MiB
2026-08-22 16:47:07 train.py: epoch 021/158  train_loss=1.1934  val_loss=1.2662  val_auc=0.6837  lr=0.010571  grad=1.816  mem=2126MiB
2026-08-22 16:47:23 INFO src.train: epoch 022/158  train_loss=1.1709  val_loss=1.2457  val_auc=0.6922  lr=0.010527  grad=1.963  mem=2138MiB
2026-08-22 16:47:40 INFO src.train: epoch 023/158  train_loss=1.1859  val_loss=1.2126  val_auc=0.6935  lr=0.010482  grad=1.696  mem=2165MiB
2026-08-22 16:47:58 INFO src.train: epoch 024/158  train_loss=1.1701  val_loss=1.2086  val_auc=0.6883  lr=0.010435  grad=1.754  mem=2162MiB
2026-08-22 16:48:12 INFO src.train: epoch 025/158  train_loss=1.1294  val_loss=1.2079  val_auc=0.6959  lr=0.010386  grad=1.785  mem=2102MiB
2026-08-22 16:48:27 train.py: epoch 026/158  train_loss=1.1033  val_loss=1.1924  val_auc=0.6999  lr=0.010334  grad=1.751  mem=2146MiB
2026-08-22 16:48:43 INFO src.train: epoch 027/158  train_loss=1.0706  val_loss=1.1943  val_auc=0.6987  lr=0.010281  grad=1.875  mem=2081MiB
2026-08-22 16:49:00 INFO src.train: epoch 028/158  train_loss=1.0531  val_loss=1.1870  val_auc=0.7100  lr=0.010226  grad=1.653  mem=2072MiB
2026-08-22 16:49:18 INFO src.train: epoch 029/158  train_loss=1.0375  val_loss=1.1815  val_auc=0.7146  lr=0.010169  grad=1.701  mem=2153MiB
2026-08-22 16:49:32 INFO src.train: epoch 030/158  train_loss=1.0325  val_loss=1.1768  val_auc=0.7128  lr=0.010111  grad=1.486  mem=2170MiB
2026-08-22 16:49:47 train.py: epoch 031/158  train_loss=1.0514  val_loss=1.1600  val_auc=0.7199  lr=0.010050  grad=1.729  mem=2107MiB
2026-08-22 16:50:03 INFO src.train: epoch 032/158  train_loss=1.0340  val_loss=1.1487  val_auc=0.7254  lr=0.009988  grad=1.684  mem=2152MiB
2026-08-22 16:50:20 INFO src.train: epoch 033/158  train_loss=1.0217  val_loss=1.1555  val_auc=0.7260  lr=0.009924  grad=1.545  mem=2081MiB
2026-08-22 16:50:38 INFO src.train: epoch 034/158  train_loss=1.0085  val_loss=1.1287  val_auc=0.7254  lr=0.009858  grad=1.584  mem=2124MiB
2026-08-22 16:50:52 INFO src.train: epoch 035/158  train_loss=0.9794  val_loss=1.1265  val_auc=0.7290  lr=0.009790  grad=1.581  mem=2157MiB
2026-08-22 16:51:07 train.py: epoch 036/158  train_loss=0.9799  val_loss=1.1223  val_auc=0.7348  lr=0.009721  grad=1.672  mem=2135MiB
2026-08-22 16:51:23 INFO src.train: epoch 037/158  train_loss=0.9718  val_loss=1.1214  val_auc=0.7387  lr=0.009650  grad=1.510  mem=2116MiB
2026-08-22 16:51:40 INFO src.train: epoch 038/158  train_loss=0.9454  val_loss=1.1011  val_auc=0.7382  lr=0.009578  grad=1.688  mem=2084MiB
2026-08-22 16:51:58 INFO src.train: epoch 039/158  train_loss=0.9335  val_loss=1.0856  val_auc=0.7428  lr=0.009503  grad=1.416  mem=2127MiB
2026-08-22 16:52:12 INFO src.train: epoch 040/158  train_loss=0.9318  val_loss=1.0741  val_auc=0.7385  lr=0.009428  grad=1.476  mem=2155MiB
2026-08-22 16:52:27 train.py: epoch 041/158  train_loss=0.9100  val_loss=1.0794  val_auc=0.7453  lr=0.009350  grad=1.451  mem=2066MiB
2026-08-22 16:52:43 INFO src.train: epoch 042/158  train_loss=0.8873  val_loss=1.0600  val_auc=0.7487  lr=0.009271  grad=1.433  mem=2157MiB
2026-08-22 16:53:00 INFO src.train: epoch 043/158  train_loss=0.8557  val_loss=1.0406  val_auc=0.7532  lr=0.009191  grad=1.469  mem=2135MiB
2026-08-22 16:53:18 INFO src.train: epoch 044/158  train_loss=0.8374  val_loss=1.0436  val_auc=0.7600  lr=0.009109  grad=1.428  mem=2084MiB
2026-08-22 16:53:32 INFO src.train: epoch 045/158  train_loss=0.8280  val_loss=1.0225  val_auc=0.7498  lr=0.009026  grad=1.328  mem=2130MiB
2026-08-22 16:53:47 train.py: epoch 046/158  train_loss=0.8109  val_loss=1.0165  val_auc=0.7598  lr=0.008941  grad=1.428  mem=2061MiB
2026-08-22 16:54:03 INFO src.train: epoch 047/158  train_loss=0.7999  val_loss=0.9914  val_auc=0.7547  lr=0.008855  grad=1.312  mem=2169MiB
2026-08-22 16:54:20 INFO src.train: epoch 048/158  train_loss=0.7868  val_loss=0.9645  val_auc=0.7590  lr=0.008768  grad=1.217  mem=2075MiB
2026-08-22 16:54:38 INFO src.train: epoch 049/158  train_loss=0.7581  val_loss=0.9640  val_auc=0.7680  lr=0.008680  grad=1.319  mem=2134MiB
2026-08-22 16:54:38 WARNING src.train: BatchNorm: more than 20% of batch in one class
2026-08-22 16:54:52 INFO src.train: epoch 050/158  train_loss=0.7196  val_loss=0.9741  val_auc=0.7626  lr=0.008590  grad=1.213  mem=2121MiB
2026-08-22 16:55:07 train.py: epoch 051/158  train_loss=0.6948  val_loss=0.9281  val_auc=0.7672  lr=0.008499  grad=1.221  mem=2079MiB
2026-08-22 16:55:23 INFO src.train: epoch 052/158  train_loss=0.6762  val_loss=0.9264  val_auc=0.7673  lr=0.008406  grad=1.293  mem=2167MiB
2026-08-22 16:55:40 INFO src.train: epoch 053/158  train_loss=0.6644  val_loss=0.9425  val_auc=0.7801  lr=0.008313  grad=1.075  mem=2140MiB
2026-08-22 16:55:58 INFO src.train: epoch 054/158  train_loss=0.6471  val_loss=0.9395  val_auc=0.7812  lr=0.008218  grad=1.158  mem=2119MiB
2026-08-22 16:56:12 INFO src.train: epoch 055/158  train_loss=0.6524  val_loss=0.9043  val_auc=0.7797  lr=0.008123  grad=1.236  mem=2164MiB
2026-08-22 16:56:27 train.py: epoch 056/158  train_loss=0.6444  val_loss=0.8772  val_auc=0.7840  lr=0.008026  grad=1.087  mem=2152MiB
2026-08-22 16:56:43 INFO src.train: epoch 057/158  train_loss=0.6275  val_loss=0.8326  val_auc=0.7809  lr=0.007929  grad=1.065  mem=2119MiB
2026-08-22 16:57:00 INFO src.train: epoch 058/158  train_loss=0.6158  val_loss=0.8510  val_auc=0.7712  lr=0.007830  grad=1.134  mem=2079MiB
2026-08-22 16:57:18 INFO src.train: epoch 059/158  train_loss=0.6136  val_loss=0.8696  val_auc=0.7846  lr=0.007730  grad=0.915  mem=2085MiB
2026-08-22 16:57:32 INFO src.train: epoch 060/158  train_loss=0.6111  val_loss=0.9006  val_auc=0.7815  lr=0.007630  grad=1.133  mem=2164MiB
2026-08-22 16:57:47 train.py: epoch 061/158  train_loss=0.6008  val_loss=0.8705  val_auc=0.7890  lr=0.007529  grad=1.215  mem=2060MiB
2026-08-22 16:58:03 INFO src.train: epoch 062/158  train_loss=0.5858  val_loss=0.8794  val_auc=0.7861  lr=0.007427  grad=1.018  mem=2168MiB
2026-08-22 16:58:20 INFO src.train: epoch 063/158  train_loss=0.5795  val_loss=0.8550  val_auc=0.7989  lr=0.007324  grad=1.064  mem=2161MiB
2026-08-22 16:58:38 INFO src.train: epoch 064/158  train_loss=0.5569  val_loss=0.8592  val_auc=0.7906  lr=0.007220  grad=1.121  mem=2146MiB
2026-08-22 16:58:52 INFO src.train: epoch 065/158  train_loss=0.5705  val_loss=0.8564  val_auc=0.7880  lr=0.007116  grad=1.080  mem=2072MiB
2026-08-22 16:59:07 train.py: epoch 066/158  train_loss=0.6022  val_loss=0.8703  val_auc=0.7971  lr=0.007011  grad=1.115  mem=2088MiB
2026-08-22 16:59:23 INFO src.train: epoch 067/158  train_loss=0.5905  val_loss=0.8635  val_auc=0.7919  lr=0.006906  grad=1.067  mem=2104MiB
2026-08-22 16:59:40 INFO src.train: epoch 068/158  train_loss=0.5699  val_loss=0.8376  val_auc=0.7893  lr=0.006800  grad=0.964  mem=2149MiB
2026-08-22 16:59:58 INFO src.train: epoch 069/158  train_loss=0.5465  val_loss=0.8480  val_auc=0.7912  lr=0.006693  grad=0.991  mem=2074MiB
2026-08-22 17:00:12 INFO src.train: epoch 070/158  train_loss=0.5469  val_loss=0.8368  val_auc=0.7994  lr=0.006586  grad=0.924  mem=2088MiB
2026-08-22 17:00:27 train.py: epoch 071/158  train_loss=0.5679  val_loss=0.8583  val_auc=0.7979  lr=0.006479  grad=1.037  mem=2060MiB
2026-08-22 17:00:43 INFO src.train: epoch 072/158  train_loss=0.5611  val_loss=0.8699  val_auc=0.7984  lr=0.006371  grad=0.933  mem=2109MiB
2026-08-22 17:01:00 INFO src.train: epoch 073/158  train_loss=0.5348  val_loss=0.8679  val_auc=0.8033  lr=0.006263  grad=0.981  mem=2122MiB
2026-08-22 17:01:18 INFO src.train: epoch 074/158  train_loss=0.5382  val_loss=0.8773  val_auc=0.8038  lr=0.006155  grad=1.003  mem=2179MiB
2026-08-22 17:01:32 INFO src.train: epoch 075/158  train_loss=0.5175  val_loss=0.8466  val_auc=0.8147  lr=0.006046  grad=0.955  mem=2139MiB
2026-08-22 17:01:47 train.py: epoch 076/158  train_loss=0.5238  val_loss=0.8796  val_auc=0.8079  lr=0.005937  grad=0.878  mem=2074MiB
2026-08-22 17:02:03 INFO src.train: epoch 077/158  train_loss=0.5234  val_loss=0.8882  val_auc=0.8072  lr=0.005828  grad=0.901  mem=2091MiB
2026-08-22 17:02:20 INFO src.train: epoch 078/158  train_loss=0.5107  val_loss=0.8750  val_auc=0.8031  lr=0.005719  grad=0.965  mem=2091MiB
2026-08-22 17:02:38 INFO src.train: epoch 079/158  train_loss=0.4879  val_loss=0.9002  val_auc=0.8071  lr=0.005609  grad=0.713  mem=2171MiB
2026-08-22 17:02:52 INFO src.train: epoch 080/158  train_loss=0.4799  val_loss=0.9006  val_auc=0.8067  lr=0.005500  grad=0.891  mem=2092MiB
2026-08-22 17:03:07 train.py: epoch 081/158  train_loss=0.4865  val_loss=0.8904  val_auc=0.8079  lr=0.005391  grad=0.946  mem=2108MiB
2026-08-22 17:03:23 INFO src.train: epoch 082/158  train_loss=0.4782  val_loss=0.8570  val_auc=0.8130  lr=0.005281  grad=0.898  mem=2149MiB
2026-08-22 17:03:40 INFO src.train: epoch 083/158  train_loss=0.4549  val_loss=0.8328  val_auc=0.8163  lr=0.005172  grad=0.877  mem=2122MiB
2026-08-22 17:03:58 INFO src.train: epoch 084/158  train_loss=0.4502  val_loss=0.8276  val_auc=0.8094  lr=0.005063  grad=0.838  mem=2169MiB
2026-08-22 17:04:12 INFO src.train: epoch 085/158  train_loss=0.4251  val_loss=0.7720  val_auc=0.8122  lr=0.004954  grad=0.907  mem=2168MiB
2026-08-22 17:04:27 train.py: epoch 086/158  train_loss=0.4115  val_loss=0.7596  val_auc=0.8114  lr=0.004845  grad=0.846  mem=2088MiB
2026-08-22 17:04:43 INFO src.train: epoch 087/158  train_loss=0.4124  val_loss=0.7762  val_auc=0.8144  lr=0.004737  grad=0.810  mem=2168MiB
2026-08-22 17:05:00 INFO src.train: epoch 088/158  train_loss=0.3952  val_loss=0.7737  val_auc=0.8173  lr=0.004629  grad=0.794  mem=2112MiB
2026-08-22 17:05:18 INFO src.train: epoch 089/158  train_loss=0.3805  val_loss=0.7874  val_auc=0.8136  lr=0.004521  grad=0.798  mem=2094MiB
2026-08-22 17:05:18 WARNING src.train: BatchNorm: more than 20% of batch in one class
2026-08-22 17:05:32 INFO src.train: epoch 090/158  train_loss=0.3578  val_loss=0.7757  val_auc=0.8176  lr=0.004414  grad=0.677  mem=2152MiB
2026-08-22 17:05:47 train.py: epoch 091/158  train_loss=0.3710  val_loss=0.7477  val_auc=0.8224  lr=0.004307  grad=0.867  mem=2178MiB
2026-08-22 17:06:03 INFO src.train: epoch 092/158  train_loss=0.3699  val_loss=0.7307  val_auc=0.8217  lr=0.004200  grad=0.636  mem=2132MiB
2026-08-22 17:06:20 INFO src.train: epoch 093/158  train_loss=0.3510  val_loss=0.7362  val_auc=0.8234  lr=0.004094  grad=0.806  mem=2081MiB
2026-08-22 17:06:38 INFO src.train: epoch 094/158  train_loss=0.3268  val_loss=0.7389  val_auc=0.8228  lr=0.003989  grad=0.766  mem=2145MiB
2026-08-22 17:06:52 INFO src.train: epoch 095/158  train_loss=0.3234  val_loss=0.6887  val_auc=0.8243  lr=0.003884  grad=0.833  mem=2168MiB
2026-08-22 17:07:07 train.py: epoch 096/158  train_loss=0.3096  val_loss=0.6662  val_auc=0.8234  lr=0.003780  grad=0.577  mem=2107MiB
2026-08-22 17:07:23 INFO src.train: epoch 097/158  train_loss=0.2937  val_loss=0.6692  val_auc=0.8200  lr=0.003676  grad=0.563  mem=2127MiB
2026-08-22 17:07:40 INFO src.train: epoch 098/158  train_loss=0.2902  val_loss=0.6886  val_auc=0.8266  lr=0.003573  grad=0.754  mem=2125MiB
2026-08-22 17:07:58 INFO src.train: epoch 099/158  train_loss=0.2811  val_loss=0.6570  val_auc=0.8231  lr=0.003471  grad=0.643  mem=2091MiB
2026-08-22 17:08:12 INFO src.train: epoch 100/158  train_loss=0.2774  val_loss=0.6231  val_auc=0.8235  lr=0.003370  grad=0.799  mem=2164MiB
2026-08-22 17:08:27 train.py: epoch 101/158  train_loss=0.2836  val_loss=0.6345  val_auc=0.8247  lr=0.003270  grad=0.565  mem=2135MiB
2026-08-22 17:08:43 INFO src.train: epoch 102/158  train_loss=0.2989  val_loss=0.6281  val_auc=0.8261  lr=0.003170  grad=0.774  mem=2143MiB
2026-08-22 17:09:00 INFO src.train: epoch 103/158  train_loss=0.2789  val_loss=0.6334  val_auc=0.8283  lr=0.003071  grad=0.737  mem=2149MiB
2026-08-22 17:09:18 INFO src.train: epoch 104/158  train_loss=0.2678  val_loss=0.6388  val_auc=0.8275  lr=0.002974  grad=0.680  mem=2102MiB
2026-08-22 17:09:32 INFO src.train: epoch 105/158  train_loss=0.2600  val_loss=0.6532  val_auc=0.8289  lr=0.002877  grad=0.691  mem=2115MiB
2026-08-22 17:09:47 train.py: epoch 106/158  train_loss=0.2642  val_loss=0.6506  val_auc=0.8304  lr=0.002782  grad=0.614  mem=2098MiB
2026-08-22 17:10:03 INFO src.train: epoch 107/158  train_loss=0.2740  val_loss=0.6315  val_auc=0.8336  lr=0.002687  grad=0.551  mem=2156MiB
2026-08-22 17:10:20 INFO src.train: epoch 108/158  train_loss=0.2600  val_loss=0.6469  val_auc=0.8348  lr=0.002594  grad=0.679  mem=2177MiB
2026-08-22 17:10:38 INFO src.train: epoch 109/158  train_loss=0.2600  val_loss=0.6248  val_auc=0.8385  lr=0.002501  grad=0.734  mem=2126MiB
2026-08-22 17:10:52 INFO src.train: epoch 110/158  train_loss=0.2600  val_loss=0.6159  val_auc=0.8393  lr=0.002410  grad=0.608  mem=2096MiB
2026-08-22 17:11:07 train.py: epoch 111/158  train_loss=0.2600  val_loss=0.6236  val_auc=0.8297  lr=0.002320  grad=0.526  mem=2118MiB
2026-08-22 17:11:23 INFO src.train: epoch 112/158  train_loss=0.2600  val_loss=0.6237  val_auc=0.8324  lr=0.002232  grad=0.639  mem=2070MiB
2026-08-22 17:11:40 INFO src.train: epoch 113/158  train_loss=0.2609  val_loss=0.6306  val_auc=0.8374  lr=0.002145  grad=0.532  mem=2135MiB
2026-08-22 17:11:58 INFO src.train: epoch 114/158  train_loss=0.2600  val_loss=0.6308  val_auc=0.8356  lr=0.002059  grad=0.558  mem=2081MiB
2026-08-22 17:12:12 INFO src.train: epoch 115/158  train_loss=0.2600  val_loss=0.6348  val_auc=0.8400  lr=0.001974  grad=0.505  mem=2076MiB
2026-08-22 17:12:27 train.py: epoch 116/158  train_loss=0.2600  val_loss=0.6298  val_auc=0.8412  lr=0.001891  grad=0.535  mem=2169MiB
2026-08-22 17:12:43 INFO src.train: epoch 117/158  train_loss=0.2600  val_loss=0.6311  val_auc=0.8359  lr=0.001809  grad=0.503  mem=2178MiB
2026-08-22 17:13:00 INFO src.train: epoch 118/158  train_loss=0.2600  val_loss=0.6208  val_auc=0.8375  lr=0.001729  grad=0.336  mem=2128MiB
2026-08-22 17:13:18 INFO src.train: epoch 119/158  train_loss=0.2654  val_loss=0.6034  val_auc=0.8304  lr=0.001650  grad=0.651  mem=2128MiB
2026-08-22 17:13:32 INFO src.train: epoch 120/158  train_loss=0.2600  val_loss=0.5913  val_auc=0.8372  lr=0.001572  grad=0.656  mem=2102MiB
2026-08-22 17:13:47 train.py: epoch 121/158  train_loss=0.2732  val_loss=0.6023  val_auc=0.8447  lr=0.001497  grad=0.431  mem=2062MiB
2026-08-22 17:14:03 INFO src.train: epoch 122/158  train_loss=0.2600  val_loss=0.6092  val_auc=0.8363  lr=0.001422  grad=0.437  mem=2101MiB
2026-08-22 17:14:20 INFO src.train: epoch 123/158  train_loss=0.2796  val_loss=0.5993  val_auc=0.8406  lr=0.001350  grad=0.500  mem=2087MiB
2026-08-22 17:14:38 INFO src.train: epoch 124/158  train_loss=0.2691  val_loss=0.5945  val_auc=0.8367  lr=0.001279  grad=0.528  mem=2167MiB
2026-08-22 17:14:52 INFO src.train: epoch 125/158  train_loss=0.2600  val_loss=0.5984  val_auc=0.8415  lr=0.001210  grad=0.450  mem=2142MiB
2026-08-22 17:15:07 train.py: epoch 126/158  train_loss=0.2600  val_loss=0.5986  val_auc=0.8384  lr=0.001142  grad=0.469  mem=2117MiB
2026-08-22 17:15:23 INFO src.train: epoch 127/158  train_loss=0.2600  val_loss=0.6084  val_auc=0.8335  lr=0.001076  grad=0.384  mem=2148MiB
2026-08-22 17:15:40 INFO src.train: epoch 128/158  train_loss=0.2600  val_loss=0.5880  val_auc=0.8346  lr=0.001012  grad=0.609  mem=2168MiB
2026-08-22 17:15:58 INFO src.train: epoch 129/158  train_loss=0.2600  val_loss=0.5910  val_auc=0.8387  lr=0.000950  grad=0.442  mem=2138MiB
2026-08-22 17:15:58 WARNING src.train: BatchNorm: more than 20% of batch in one class
2026-08-22 17:16:12 INFO src.train: epoch 130/158  train_loss=0.2600  val_loss=0.5849  val_auc=0.8412  lr=0.000889  grad=0.431  mem=2139MiB
2026-08-22 17:16:27 train.py: epoch 131/158  train_loss=0.2600  val_loss=0.5656  val_auc=0.8377  lr=0.000831  grad=0.362  mem=2133MiB
2026-08-22 17:16:43 INFO src.train: epoch 132/158  train_loss=0.2600  val_loss=0.5755  val_auc=0.8385  lr=0.000774  grad=0.362  mem=2102MiB
2026-08-22 17:17:00 INFO src.train: epoch 133/158  train_loss=0.2600  val_loss=0.5719  val_auc=0.8432  lr=0.000719  grad=0.451  mem=2080MiB
2026-08-22 17:17:18 INFO src.train: epoch 134/158  train_loss=0.2600  val_loss=0.5827  val_auc=0.8491  lr=0.000666  grad=0.458  mem=2077MiB
2026-08-22 17:17:18 INFO src.train: new best val_auc=0.8420 -> checkpoints/.../best.pt
2026-08-22 17:17:32 INFO src.train: epoch 135/158  train_loss=0.2600  val_loss=0.5746  val_auc=0.8477  lr=0.000614  grad=0.372  mem=2071MiB
2026-08-22 17:17:47 train.py: epoch 136/158  train_loss=0.2668  val_loss=0.5459  val_auc=0.8418  lr=0.000565  grad=0.580  mem=2149MiB
2026-08-22 17:18:03 INFO src.train: epoch 137/158  train_loss=0.2638  val_loss=0.5527  val_auc=0.8428  lr=0.000518  grad=0.266  mem=2123MiB
2026-08-22 17:18:20 INFO src.train: epoch 138/158  train_loss=0.2654  val_loss=0.5450  val_auc=0.8428  lr=0.000473  grad=0.407  mem=2174MiB
2026-08-22 17:18:38 INFO src.train: epoch 139/158  train_loss=0.2682  val_loss=0.5741  val_auc=0.8446  lr=0.000429  grad=0.288  mem=2166MiB
2026-08-22 17:18:52 INFO src.train: epoch 140/158  train_loss=0.2620  val_loss=0.5798  val_auc=0.8400  lr=0.000388  grad=0.461  mem=2064MiB
2026-08-22 17:19:07 train.py: epoch 141/158  train_loss=0.2600  val_loss=0.5734  val_auc=0.8394  lr=0.000349  grad=0.449  mem=2137MiB
2026-08-22 17:19:23 INFO src.train: epoch 142/158  train_loss=0.2749  val_loss=0.5896  val_auc=0.8396  lr=0.000311  grad=0.348  mem=2061MiB
2026-08-22 17:19:40 INFO src.train: epoch 143/158  train_loss=0.2600  val_loss=0.6082  val_auc=0.8388  lr=0.000276  grad=0.308  mem=2080MiB
2026-08-22 17:19:58 INFO src.train: epoch 144/158  train_loss=0.2600  val_loss=0.5938  val_auc=0.8400  lr=0.000243  grad=0.370  mem=2141MiB
2026-08-22 17:20:12 INFO src.train: epoch 145/158  train_loss=0.2600  val_loss=0.5872  val_auc=0.8418  lr=0.000212  grad=0.580  mem=2069MiB
2026-08-22 17:20:27 train.py: epoch 146/158  train_loss=0.2600  val_loss=0.6103  val_auc=0.8430  lr=0.000183  grad=0.413  mem=2133MiB
2026-08-22 17:20:43 INFO src.train: epoch 147/158  train_loss=0.2620  val_loss=0.6144  val_auc=0.8407  lr=0.000156  grad=0.272  mem=2074MiB
2026-08-22 17:21:00 INFO src.train: epoch 148/158  train_loss=0.2600  val_loss=0.6133  val_auc=0.8404  lr=0.000131  grad=0.270  mem=2152MiB
2026-08-22 17:21:18 INFO src.train: epoch 149/158  train_loss=0.2600  val_loss=0.5896  val_auc=0.8419  lr=0.000108  grad=0.333  mem=2155MiB
2026-08-22 17:21:32 INFO src.train: epoch 150/158  train_loss=0.2600  val_loss=0.5772  val_auc=0.8443  lr=0.000088  grad=0.344  mem=2128MiB
2026-08-22 17:21:47 train.py: epoch 151/158  train_loss=0.2619  val_loss=0.5555  val_auc=0.8411  lr=0.000069  grad=0.395  mem=2112MiB
2026-08-22 17:22:03 INFO src.train: epoch 152/158  train_loss=0.2681  val_loss=0.5530  val_auc=0.8366  lr=0.000053  grad=0.325  mem=2107MiB
2026-08-22 17:22:20 INFO src.train: epoch 153/158  train_loss=0.2838  val_loss=0.5449  val_auc=0.8404  lr=0.000039  grad=0.419  mem=2126MiB
2026-08-22 17:22:38 INFO src.train: epoch 154/158  train_loss=0.2805  val_loss=0.5435  val_auc=0.8386  lr=0.000027  grad=0.267  mem=2153MiB
2026-08-22 17:22:52 INFO src.train: epoch 155/158  train_loss=0.2747  val_loss=0.5173  val_auc=0.8376  lr=0.000017  grad=0.406  mem=2169MiB
2026-08-22 17:23:07 train.py: epoch 156/158  train_loss=0.2810  val_loss=0.4965  val_auc=0.8434  lr=0.000010  grad=0.411  mem=2114MiB
2026-08-22 17:23:23 INFO src.train: epoch 157/158  train_loss=0.2855  val_loss=0.4870  val_auc=0.8328  lr=0.000004  grad=0.395  mem=2142MiB
2026-08-22 17:23:40 INFO src.train: epoch 158/158  train_loss=0.2766  val_loss=0.4941  val_auc=0.8440  lr=0.000001  grad=0.240  mem=2080MiB
2026-08-22 17:23:40 INFO src.train: patience=20; continuing for loss monitoring, will restore epoch 134
